Data read from file ../input/test.txt:
Forest size: 2000
Number of bee swarms: 200
Winnie the Pooh is hiding in section: 1984
Bee swarm 99 is searching section 100
Bee swarm 99 did not find Winnie the Pooh in section 100 and returned to the hive
Bee swarm 33 is searching section 33
Bee swarm 33 did not find Winnie the Pooh in section 33 and returned to the hive
Bee swarm 131 is searching section 131
Bee swarm 131 did not find Winnie the Pooh in section 131 and returned to the hive
Bee swarm 106 is searching section 106
Bee swarm 106 did not find Winnie the Pooh in section 106 and returned to the hive
Bee swarm 96 is searching section 94
Bee swarm 96 did not find Winnie the Pooh in section 94 and returned to the hive
Bee swarm 21 is searching section 21
Bee swarm 21 did not find Winnie the Pooh in section 21 and returned to the hive
Bee swarm 70 is searching section 70
Bee swarm 70 did not find Winnie the Pooh in section 70 and returned to the hive
Bee swarm 84 is searching section 84
Bee swarm 84 did not find Winnie the Pooh in section 84 and returned to the hive
Bee swarm 165 is searching section 165
Bee swarm 165 did not find Winnie the Pooh in section 165 and returned to the hive
Bee swarm 195 is searching section 195
Bee swarm 195 did not find Winnie the Pooh in section 195 and returned to the hive
Bee swarm 6 is searching section 7
Bee swarm 6 did not find Winnie the Pooh in section 7 and returned to the hive
Bee swarm 171 is searching section 171
Bee swarm 171 did not find Winnie the Pooh in section 171 and returned to the hive
Bee swarm 148 is searching section 147
Bee swarm 148 did not find Winnie the Pooh in section 147 and returned to the hive
Bee swarm 134 is searching section 133
Bee swarm 134 did not find Winnie the Pooh in section 133 and returned to the hive
Bee swarm 42 is searching section 42
Bee swarm 42 did not find Winnie the Pooh in section 42 and returned to the hive
Bee swarm 143 is searching section 143
Bee swarm 143 did not find Winnie the Pooh in section 143 and returned to the hive
Bee swarm 45 is searching section 44
Bee swarm 45 did not find Winnie the Pooh in section 44 and returned to the hive
Bee swarm 151 is searching section 151
Bee swarm 151 did not find Winnie the Pooh in section 151 and returned to the hive
Bee swarm 63 is searching section 63
Bee swarm 63 did not find Winnie the Pooh in section 63 and returned to the hive
Bee swarm 85 is searching section 85
Bee swarm 85 did not find Winnie the Pooh in section 85 and returned to the hive
Bee swarm 57 is searching section 57
Bee swarm 57 did not find Winnie the Pooh in section 57 and returned to the hive
Bee swarm 185 is searching section 185
Bee swarm 185 did not find Winnie the Pooh in section 185 and returned to the hive
Bee swarm 79 is searching section 78
Bee swarm 79 did not find Winnie the Pooh in section 78 and returned to the hive
Bee swarm 11 is searching section 11
Bee swarm 11 did not find Winnie the Pooh in section 11 and returned to the hive
Bee swarm 103 is searching section 102
Bee swarm 103 did not find Winnie the Pooh in section 102 and returned to the hive
Bee swarm 107 is searching section 107
Bee swarm 107 did not find Winnie the Pooh in section 107 and returned to the hive
Bee swarm 75 is searching section 75
Bee swarm 75 did not find Winnie the Pooh in section 75 and returned to the hive
Bee swarm 184 is searching section 184
Bee swarm 184 did not find Winnie the Pooh in section 184 and returned to the hive
Bee swarm 29 is searching section 29
Bee swarm 29 did not find Winnie the Pooh in section 29 and returned to the hive
Bee swarm 108 is searching section 108
Bee swarm 108 did not find Winnie the Pooh in section 108 and returned to the hive
Bee swarm 10 is searching section 9
Bee swarm 10 did not find Winnie the Pooh in section 9 and returned to the hive
Bee swarm 139 is searching section 139
Bee swarm 139 did not find Winnie the Pooh in section 139 and returned to the hive
Bee swarm 65 is searching section 64
Bee swarm 65 did not find Winnie the Pooh in section 64 and returned to the hive
Bee swarm 140 is searching section 140
Bee swarm 140 did not find Winnie the Pooh in section 140 and returned to the hive
Bee swarm 113 is searching section 114
Bee swarm 113 did not find Winnie the Pooh in section 114 and returned to the hive
Bee swarm 170 is searching section 170
Bee swarm 170 did not find Winnie the Pooh in section 170 and returned to the hive
Bee swarm 5 is searching section 5
Bee swarm 5 did not find Winnie the Pooh in section 5 and returned to the hive
Bee swarm 97 is searching section 96
Bee swarm 97 did not find Winnie the Pooh in section 96 and returned to the hive
Bee swarm 132 is searching section 132
Bee swarm 132 did not find Winnie the Pooh in section 132 and returned to the hive
Bee swarm 126 is searching section 126
Bee swarm 126 did not find Winnie the Pooh in section 126 and returned to the hive
Bee swarm 125 is searching section 124
Bee swarm 125 did not find Winnie the Pooh in section 124 and returned to the hive
Bee swarm 77 is searching section 77
Bee swarm 77 did not find Winnie the Pooh in section 77 and returned to the hive
Bee swarm 173 is searching section 173
Bee swarm 173 did not find Winnie the Pooh in section 173 and returned to the hive
Bee swarm 46 is searching section 46
Bee swarm 46 did not find Winnie the Pooh in section 46 and returned to the hive
Bee swarm 120 is searching section 120
Bee swarm 120 did not find Winnie the Pooh in section 120 and returned to the hive
Bee swarm 51 is searching section 50
Bee swarm 51 did not find Winnie the Pooh in section 50 and returned to the hive
Bee swarm 73 is searching section 73
Bee swarm 73 did not find Winnie the Pooh in section 73 and returned to the hive
Bee swarm 64 is searching section 65
Bee swarm 64 did not find Winnie the Pooh in section 65 and returned to the hive
Bee swarm 36 is searching section 36
Bee swarm 36 did not find Winnie the Pooh in section 36 and returned to the hive
Bee swarm 15 is searching section 15
Bee swarm 15 did not find Winnie the Pooh in section 15 and returned to the hive
Bee swarm 13 is searching section 13
Bee swarm 13 did not find Winnie the Pooh in section 13 and returned to the hive
Bee swarm 128 is searching section 129
Bee swarm 128 did not find Winnie the Pooh in section 129 and returned to the hive
Bee swarm 14 is searching section 14
Bee swarm 14 did not find Winnie the Pooh in section 14 and returned to the hive
Bee swarm 41 is searching section 41
Bee swarm 41 did not find Winnie the Pooh in section 41 and returned to the hive
Bee swarm 150 is searching section 150
Bee swarm 150 did not find Winnie the Pooh in section 150 and returned to the hive
Bee swarm 145 is searching section 144
Bee swarm 145 did not find Winnie the Pooh in section 144 and returned to the hive
Bee swarm 80 is searching section 79
Bee swarm 80 did not find Winnie the Pooh in section 79 and returned to the hive
Bee swarm 31 is searching section 31
Bee swarm 31 did not find Winnie the Pooh in section 31 and returned to the hive
Bee swarm 4 is searching section 4
Bee swarm 4 did not find Winnie the Pooh in section 4 and returned to the hive
Bee swarm 123 is searching section 123
Bee swarm 123 did not find Winnie the Pooh in section 123 and returned to the hive
Bee swarm 61 is searching section 61
Bee swarm 61 did not find Winnie the Pooh in section 61 and returned to the hive
Bee swarm 48 is searching section 48
Bee swarm 48 did not find Winnie the Pooh in section 48 and returned to the hive
Bee swarm 142 is searching section 142
Bee swarm 142 did not find Winnie the Pooh in section 142 and returned to the hive
Bee swarm 89 is searching section 89
Bee swarm 89 did not find Winnie the Pooh in section 89 and returned to the hive
Bee swarm 111 is searching section 111
Bee swarm 111 did not find Winnie the Pooh in section 111 and returned to the hive
Bee swarm 158 is searching section 158
Bee swarm 158 did not find Winnie the Pooh in section 158 and returned to the hive
Bee swarm 49 is searching section 49
Bee swarm 49 did not find Winnie the Pooh in section 49 and returned to the hive
Bee swarm 22 is searching section 22
Bee swarm 22 did not find Winnie the Pooh in section 72 and returned to the hive
ection 140 and returned to the hive
Bee swarm 113 is searching section 114
Bee swarm 113 did not find Winnie the Pooh in section 114 and returned to the hive
Bee swarm 170 is searching section 170
Bee swarm 170 did not find Winnie the Pooh in section 170 and returned to the hive
Bee swarm 5 is searching section 5
Bee swarm 5 did not find Winnie the Pooh in section 5 and returned to the hive
Bee swarm 97 is searching section 96
Bee swarm 97 did not find Winnie the Pooh in section 96 and returned to the hive
Bee swarm 132 is searching section 132
Bee swarm 132 did not find Winnie the Pooh in section 132 and returned to the hive
Bee swarm 126 is searching section 126
Bee swarm 126 did not find Winnie the Pooh in section 126 and returned to the hive
Bee swarm 125 is searching section 124
Bee swarm 125 did not find Winnie the Pooh in section 124 and returned to the hive
Bee swarm 77 is searching section 77
Bee swarm 77 did not find Winnie the Pooh in section 77 and returned to the hive
Bee swarm 173 is searching section 173
Bee swarm 173 did not find Winnie the Pooh in section 173 and returned to the hive
Bee swarm 46 is searching section 46
Bee swarm 46 did not find Winnie the Pooh in section 46 and returned to the hive
Bee swarm 120 is searching section 120
Bee swarm 120 did not find Winnie the Pooh in section 120 and returned to the hive
Bee swarm 51 is searching section 50
Bee swarm 51 did not find Winnie the Pooh in section 50 and returned to the hive
Bee swarm 73 is searching section 73
Bee swarm 73 did not find Winnie the Pooh in section 73 and returned to the hive
Bee swarm 64 is searching section 65
Bee swarm 64 did not find Winnie the Pooh in section 65 and returned to the hive
Bee swarm 36 is searching section 36
Bee swarm 36 did not find Winnie the Pooh in section 36 and returned to the hive
Bee swarm 15 is searching section 15
Bee swarm 15 did not find Winnie the Pooh in section 15 and returned to the hive
Bee swarm 13 is searching section 13
Bee swarm 13 did not find Winnie the Pooh in section 13 and returned to the hive
Bee swarm 128 is searching section 129
Bee swarm 128 did not find Winnie the Pooh in section 129 and returned to the hive
Bee swarm 14 is searching section 14
Bee swarm 14 did not find Winnie the Pooh in section 14 and returned to the hive
Bee swarm 41 is searching section 41
Bee swarm 41 did not find Winnie the Pooh in section 41 and returned to the hive
Bee swarm 150 is searching section 150
Bee swarm 150 did not find Winnie the Pooh in section 150 and returned to the hive
Bee swarm 145 is searching section 144
Bee swarm 145 did not find Winnie the Pooh in section 144 and returned to the hive
Bee swarm 80 is searching section 79
Bee swarm 80 did not find Winnie the Pooh in section 79 and returned to the hive
Bee swarm 31 is searching section 31
Bee swarm 31 did not find Winnie the Pooh in section 31 and returned to the hive
Bee swarm 4 is searching section 4
Bee swarm 4 did not find Winnie the Pooh in section 4 and returned to the hive
Bee swarm 123 is searching section 123
Bee swarm 123 did not find Winnie the Pooh in section 123 and returned to the hive
Bee swarm 61 is searching section 61
Bee swarm 61 did not find Winnie the Pooh in section 61 and returned to the hive
Bee swarm 48 is searching section 48
Bee swarm 48 did not find Winnie the Pooh in section 48 and returned to the hive
Bee swarm 142 is searching section 142
Bee swarm 142 did not find Winnie the Pooh in section 142 and returned to the hive
Bee swarm 89 is searching section 89
Bee swarm 89 did not find Winnie the Pooh in section 89 and returned to the hive
Bee swarm 111 is searching section 111
Bee swarm 111 did not find Winnie the Pooh in section 111 and returned to the hive
Bee swarm 158 is searching section 158
Bee swarm 158 did not find Winnie the Pooh in section 158 and returned to the hive
Bee swarm 49 is searching section 49
Bee swarm 49 did not find Winnie the Pooh in section 49 and returned to the hive
Bee swarm 22 is searching section 22
Bee swarm 22 did not find Winnie the Pooh in section 22 and returned to the hive
Bee swarm 93 is searching section 93
Bee swarm 93 did not find Winnie the Pooh in section 93 and returned to the hive
Bee swarm 183 is searching section 183
Bee swarm 183 did not find Winnie the Pooh in section 183 and returned to the hive
Bee swarm 86 is searching section 86
Bee swarm 86 did not find Winnie the Pooh in section 86 and returned to the hive
Bee swarm 53 is searching section 53
Bee swarm 53 did not find Winnie the Pooh in section 53 and returned to the hive
Bee swarm 50 is searching section 51
Bee swarm 50 did not find Winnie the Pooh in section 51 and returned to the hive
Bee swarm 133 is searching section 135
Bee swarm 133 did not find Winnie the Pooh in section 135 and returned to the hive
Bee swarm 194 is searching section 194
Bee swarm 194 did not find Winnie the Pooh in section 194 and returned to the hive
Bee swarm 38 is searching section 38
Bee swarm 38 did not find Winnie the Pooh in section 38 and returned to the hive
Bee swarm 124 is searching section 125
Bee swarm 124 did not find Winnie the Pooh in section 125 and returned to the hive
Bee swarm 44 is searching section 45
Bee swarm 44 did not find Winnie the Pooh in section 45 and returned to the hive
Bee swarm 9 is searching section 10
Bee swarm 9 did not find Winnie the Pooh in section 10 and returned to the hive
Bee swarm 20 is searching section 20
Bee swarm 20 did not find Winnie the Pooh in section 20 and returned to the hive
Bee swarm 27 is searching section 27
Bee swarm 27 did not find Winnie the Pooh in section 27 and returned to the hive
Bee swarm 92 is searching section 92
Bee swarm 92 did not find Winnie the Pooh in section 92 and returned to the hive
Bee swarm 163 is searching section 162
Bee swarm 163 did not find Winnie the Pooh in section 162 and returned to the hive
Bee swarm 69 is searching section 69
Bee swarm 69 did not find Winnie the Pooh in section 69 and returned to the hive
Bee swarm 130 is searching section 130
Bee swarm 130 did not find Winnie the Pooh in section 130 and returned to the hive
Bee swarm 141 is searching section 141
Bee swarm 141 did not find Winnie the Pooh in section 141 and returned to the hive
Bee swarm 74 is searching section 74
Bee swarm 74 did not find Winnie the Pooh in section 74 and returned to the hive
Bee swarm 121 is searching section 121
Bee swarm 121 did not find Winnie the Pooh in section 121 and returned to the hive
Bee swarm 55 is searching section 55
Bee swarm 55 did not find Winnie the Pooh in section 55 and returned to the hive
Bee swarm 43 is searching section 43
Bee swarm 43 did not find Winnie the Pooh in section 43 and returned to the hive
Bee swarm 39 is searching section 39
Bee swarm 39 did not find Winnie the Pooh in section 39 and returned to the hive
Bee swarm 19 is searching section 19
Bee swarm 19 did not find Winnie the Pooh in section 19 and returned to the hive
Bee swarm 189 is searching section 189
Bee swarm 189 did not find Winnie the Pooh in section 189 and returned to the hive
Bee swarm 149 is searching section 149
Bee swarm 149 did not find Winnie the Pooh in section 149 and returned to the hive
Bee swarm 115 is searching section 115
Bee swarm 115 did not find Winnie the Pooh in section 115 and returned to the hive
Bee swarm 101 is searching section 98
Bee swarm 101 did not find Winnie the Pooh in section 98 and returned to the hive
Bee swarm 35 is searching section 35
Bee swarm 35 did not find Winnie the Pooh in section 35 and returned to the hive
Bee swarm 3 is searching section 3
Bee swarm 3 did not find Winnie the Pooh in section 3 and returned to the hive
Bee swarm 198 is searching section 198
Bee swarm 198 did not find Winnie the Pooh in section 198 and returned to the hive
Bee swarm 105 is searching section 105
Bee swarm 105 did not find Winnie the Pooh in section 105 and returned to the hive
Bee swarm 16 is searching section 16
Bee swarm 16 did not find Winnie the Pooh in section 16 and returned to the hive
Bee swarm 24 is searching section 24
Bee swarm 24 did not find Winnie the Pooh in section 24 and returned to the hive
Bee swarm 91 is searching section 91
Bee swarm 91 did not find Winnie the Pooh in section 91 and returned to the hive
Bee swarm 159 is searching section 159
Bee swarm 159 did not find Winnie the Pooh in section 159 and returned to the hive
Bee swarm 166 is searching section 166
Bee swarm 166 did not find Winnie the Pooh in section 166 and returned to the hive
Bee swarm 119 is searching section 119
Bee swarm 119 did not find Winnie the Pooh in section 119 and returned to the hive
Bee swarm 136 is searching section 136
Bee swarm 136 did not find Winnie the Pooh in section 136 and returned to the hive
Bee swarm 82 is searching section 82
Bee swarm 82 did not find Winnie the Pooh in section 82 and returned to the hive
Bee swarm 181 is searching section 181
Bee swarm 181 did not find Winnie the Pooh in section 181 and returned to the hive
Bee swarm 94 is searching section 95
Bee swarm 94 did not find Winnie the Pooh in section 95 and returned to the hive
Bee swarm 162 is searching section 163
Bee swarm 162 did not find Winnie the Pooh in section 163 and returned to the hive
Bee swarm 180 is searching section 180
Bee swarm 180 did not find Winnie the Pooh in section 180 and returned to the hive
Bee swarm 12 is searching section 12
Bee swarm 12 did not find Winnie the Pooh in section 12 and returned to the hive
Bee swarm 146 is searching section 146
Bee swarm 146 did not find Winnie the Pooh in section 146 and returned to the hive
Bee swarm 177 is searching section 177
Bee swarm 177 did not find Winnie the Pooh in section 177 and returned to the hive
Bee swarm 68 is searching section 68
Bee swarm 68 did not find Winnie the Pooh in section 68 and returned to the hive
Bee swarm 178 is searching section 178
Bee swarm 178 did not find Winnie the Pooh in section 178 and returned to the hive
Bee swarm 23 is searching section 23
Bee swarm 23 did not find Winnie the Pooh in section 23 and returned to the hive
Bee swarm 187 is searching section 188
Bee swarm 187 did not find Winnie the Pooh in section 188 and returned to the hive
Bee swarm 95 is searching section 97
Bee swarm 95 did not find Winnie the Pooh in section 97 and returned to the hive
Bee swarm 137 is searching section 137
Bee swarm 137 did not find Winnie the Pooh in section 137 and returned to the hive
Bee swarm 37 is searching section 37
Bee swarm 37 did not find Winnie the Pooh in section 37 and returned to the hive
Bee swarm 155 is searching section 155
Bee swarm 155 did not find Winnie the Pooh in section 155 and returned to the hive
Bee swarm 40 is searching section 40
Bee swarm 40 did not find Winnie the Pooh in section 40 and returned to the hive
Bee swarm 174 is searching section 174
Bee swarm 174 did not find Winnie the Pooh in section 174 and returned to the hive
Bee swarm 175 is searching section 176
Bee swarm 175 did not find Winnie the Pooh in section 176 and returned to the hive
Bee swarm 17 is searching section 17
Bee swarm 17 did not find Winnie the Pooh in section 17 and returned to the hive
Bee swarm 161 is searching section 161
Bee swarm 161 did not find Winnie the Pooh in section 161 and returned to the hive
Bee swarm 122 is searching section 122
Bee swarm 122 did not find Winnie the Pooh in section 122 and returned to the hive
Bee swarm 164 is searching section 164
Bee swarm 164 did not find Winnie the Pooh in section 164 and returned to the hive
Bee swarm 127 is searching section 127
Bee swarm 127 did not find Winnie the Pooh in section 127 and returned to the hive
Bee swarm 156 is searching section 156
Bee swarm 156 did not find Winnie the Pooh in section 156 and returned to the hive
Bee swarm 118 is searching section 118
Bee swarm 118 did not find Winnie the Pooh in section 118 and returned to the hive
Bee swarm 182 is searching section 182
Bee swarm 182 did not find Winnie the Pooh in section 182 and returned to the hive
Bee swarm 191 is searching section 191
Bee swarm 191 did not find Winnie the Pooh in section 191 and returned to the hive
Bee swarm 52 is searching section 52
Bee swarm 52 did not find Winnie the Pooh in section 52 and returned to the hive
Bee swarm 28 is searching section 28
Bee swarm 28 did not find Winnie the Pooh in section 28 and returned to the hive
Bee swarm 34 is searching section 34
Bee swarm 34 did not find Winnie the Pooh in section 34 and returned to the hive
Bee swarm 2 is searching section 2
Bee swarm 2 did not find Winnie the Pooh in section 2 and returned to the hive
Bee swarm 197 is searching section 197
Bee swarm 197 did not find Winnie the Pooh in section 197 and returned to the hive
Bee swarm 18 is searching section 18
Bee swarm 18 did not find Winnie the Pooh in section 18 and returned to the hive
Bee swarm 26 is searching section 26
Bee swarm 26 did not find Winnie the Pooh in section 26 and returned to the hive
Bee swarm 129 is searching section 128
Bee swarm 129 did not find Winnie the Pooh in section 128 and returned to the hive
Bee swarm 87 is searching section 88
Bee swarm 87 did not find Winnie the Pooh in section 88 and returned to the hive
Bee swarm 114 is searching section 113
Bee swarm 114 did not find Winnie the Pooh in section 113 and returned to the hive
Bee swarm 98 is searching section 99
Bee swarm 98 did not find Winnie the Pooh in section 99 and returned to the hive
Bee swarm 138 is searching section 138
Bee swarm 138 did not find Winnie the Pooh in section 138 and returned to the hive
Bee swarm 176 is searching section 175
Bee swarm 176 did not find Winnie the Pooh in section 175 and returned to the hive
Bee swarm 54 is searching section 54
Bee swarm 54 did not find Winnie the Pooh in section 54 and returned to the hive
Bee swarm 30 is searching section 30
Bee swarm 30 did not find Winnie the Pooh in section 30 and returned to the hive
Bee swarm 58 is searching section 58
Bee swarm 58 did not find Winnie the Pooh in section 58 and returned to the hive
Bee swarm 62 is searching section 62
Bee swarm 62 did not find Winnie the Pooh in section 62 and returned to the hive
Bee swarm 193 is searching section 193
Bee swarm 193 did not find Winnie the Pooh in section 193 and returned to the hive
Bee swarm 160 is searching section 160
Bee swarm 160 did not find Winnie the Pooh in section 160 and returned to the hive
Bee swarm 7 is searching section 6
Bee swarm 7 did not find Winnie the Pooh in section 6 and returned to the hive
Bee swarm 88 is searching section 87
Bee swarm 88 did not find Winnie the Pooh in section 87 and returned to the hive
Bee swarm 188 is searching section 187
Bee swarm 188 did not find Winnie the Pooh in section 187 and returned to the hive
Bee swarm 199 is searching section 199
Bee swarm 199 did not find Winnie the Pooh in section 199 and returned to the hive
Bee swarm 104 is searching section 103
Bee swarm 104 did not find Winnie the Pooh in section 103 and returned to the hive
Bee swarm 32 is searching section 32
Bee swarm 32 did not find Winnie the Pooh in section 32 and returned to the hive
Bee swarm 102 is searching section 104
Bee swarm 102 did not find Winnie the Pooh in section 104 and returned to the hive
Bee swarm 196 is searching section 196
Bee swarm 196 did not find Winnie the Pooh in section 196 and returned to the hive
Bee swarm 78 is searching section 80
Bee swarm 78 did not find Winnie the Pooh in section 80 and returned to the hive
Bee swarm 154 is searching section 154
Bee swarm 154 did not find Winnie the Pooh in section 154 and returned to the hive
Bee swarm 192 is searching section 192
Bee swarm 192 did not find Winnie the Pooh in section 192 and returned to the hive
Bee swarm 59 is searching section 59
Bee swarm 59 did not find Winnie the Pooh in section 59 and returned to the hive
Bee swarm 186 is searching section 186
Bee swarm 186 did not find Winnie the Pooh in section 186 and returned to the hive
Bee swarm 1 is searching section 1
Bee swarm 1 did not find Winnie the Pooh in section 1 and returned to the hive
Bee swarm 157 is searching section 157
Bee swarm 157 did not find Winnie the Pooh in section 157 and returned to the hive
Bee swarm 112 is searching section 112
Bee swarm 112 did not find Winnie the Pooh in section 112 and returned to the hive
Bee swarm 8 is searching section 8
Bee swarm 8 did not find Winnie the Pooh in section 8 and returned to the hive
Bee swarm 147 is searching section 148
Bee swarm 147 did not find Winnie the Pooh in section 148 and returned to the hive
Bee swarm 109 is searching section 110
Bee swarm 109 did not find Winnie the Pooh in section 110 and returned to the hive
Bee swarm 172 is searching section 172
Bee swarm 172 did not find Winnie the Pooh in section 172 and returned to the hive
Bee swarm 190 is searching section 190
Bee swarm 190 did not find Winnie the Pooh in section 190 and returned to the hive
Bee swarm 47 is searching section 47
Bee swarm 47 did not find Winnie the Pooh in section 47 and returned to the hive
Bee swarm 83 is searching section 83
Bee swarm 83 did not find Winnie the Pooh in section 83 and returned to the hive
Bee swarm 56 is searching section 56
Bee swarm 56 did not find Winnie the Pooh in section 56 and returned to the hive
Bee swarm 66 is searching section 66
Bee swarm 66 did not find Winnie the Pooh in section 66 and returned to the hive
Bee swarm 179 is searching section 179
Bee swarm 179 did not find Winnie the Pooh in section 179 and returned to the hive
Bee swarm 100 is searching section 101
Bee swarm 100 did not find Winnie the Pooh in section 101 and returned to the hive
Bee swarm 152 is searching section 152
Bee swarm 152 did not find Winnie the Pooh in section 152 and returned to the hive
Bee swarm 25 is searching section 25
Bee swarm 25 did not find Winnie the Pooh in section 25 and returned to the hive
Bee swarm 195 is searching section 210
Bee swarm 195 did not find Winnie the Pooh in section 210 and returned to the hive
Bee swarm 71 is searching section 215
Bee swarm 71 did not find Winnie the Pooh in section 215 and returned to the hive
Bee swarm 99 is searching section 201
Bee swarm 99 did not find Winnie the Pooh in section 201 and returned to the hive
Bee swarm 96 is searching section 205
Bee swarm 96 did not find Winnie the Pooh in section 205 and returned to the hive
Bee swarm 45 is searching section 219
Bee swarm 45 did not find Winnie the Pooh in section 219 and returned to the hive
Bee swarm 29 is searching section 232
Bee swarm 29 did not find Winnie the Pooh in section 232 and returned to the hive
Bee swarm 153 is searching section 220
Bee swarm 153 did not find Winnie the Pooh in section 220 and returned to the hive
Bee swarm 70 is searching section 207
Bee swarm 70 did not find Winnie the Pooh in section 207 and returned to the hive
Bee swarm 73 is searching section 252
Bee swarm 73 did not find Winnie the Pooh in section 252 and returned to the hive
Bee swarm 63 is searching section 222
Bee swarm 63 did not find Winnie the Pooh in section 222 and returned to the hive
Bee swarm 135 is searching section 258
Bee swarm 135 did not find Winnie the Pooh in section 258 and returned to the hive
Bee swarm 151 is searching section 221
Bee swarm 151 did not find Winnie the Pooh in section 221 and returned to the hive
Bee swarm 117 is searching section 243
Bee swarm 117 did not find Winnie the Pooh in section 243 and returned to the hive
Bee swarm 106 is searching section 204
Bee swarm 106 did not find Winnie the Pooh in section 204 and returned to the hive
Bee swarm 139 is searching section 236
Bee swarm 139 did not find Winnie the Pooh in section 236 and returned to the hive
Bee swarm 148 is searching section 213
Bee swarm 148 did not find Winnie the Pooh in section 213 and returned to the hive
Bee swarm 143 is searching section 218
Bee swarm 143 did not find Winnie the Pooh in section 218 and returned to the hive
Bee swarm 21 is searching section 206
Bee swarm 21 did not find Winnie the Pooh in section 206 and returned to the hive
Bee swarm 42 is searching section 216
Bee swarm 42 did not find Winnie the Pooh in section 216 and returned to the hive
Bee swarm 85 is searching section 223
Bee swarm 85 did not find Winnie the Pooh in section 223 and returned to the hive
Bee swarm 183 is searching section 281
Bee swarm 183 did not find Winnie the Pooh in section 281 and returned to the hive
Bee swarm 15 is searching section 255
Bee swarm 15 did not find Winnie the Pooh in section 255 and returned to the hive
Bee swarm 113 is searching section 239
Bee swarm 113 did not find Winnie the Pooh in section 239 and returned to the hive
Bee swarm 93 is searching section 279
Bee swarm 93 did not find Winnie the Pooh in section 279 and returned to the hive
Bee swarm 123 is searching section 267
Bee swarm 123 did not find Winnie the Pooh in section 267 and returned to the hive
Bee swarm 9 is searching section 291
Bee swarm 9 did not find Winnie the Pooh in section 291 and returned to the hive
Bee swarm 185 is searching section 225
Bee swarm 185 did not find Winnie the Pooh in section 225 and returned to the hive
Bee swarm 134 is searching section 214
Bee swarm 134 did not find Winnie the Pooh in section 214 and returned to the hive
Bee swarm 163 is searching section 295
Bee swarm 163 did not find Winnie the Pooh in section 295 and returned to the hive
Bee swarm 51 is searching section 253
Bee swarm 51 did not find Winnie the Pooh in section 253 and returned to the hive
Bee swarm 108 is searching section 233
Bee swarm 108 did not find Winnie the Pooh in section 233 and returned to the hive
Bee swarm 74 is searching section 299
Bee swarm 74 did not find Winnie the Pooh in section 299 and returned to the hive
Bee swarm 33 is searching section 202
Bee swarm 33 did not find Winnie the Pooh in section 202 and returned to the hive
Bee swarm 167 is searching section 280
Bee swarm 167 did not find Winnie the Pooh in section 280 and returned to the hive
Bee swarm 19 is searching section 304
Bee swarm 19 did not find Winnie the Pooh in section 304 and returned to the hive
Bee swarm 194 is searching section 287
Bee swarm 194 did not find Winnie the Pooh in section 287 and returned to the hive
Bee swarm 165 is searching section 209
Bee swarm 165 did not find Winnie the Pooh in section 209 and returned to the hive
Bee swarm 86 is searching section 282
Bee swarm 86 did not find Winnie the Pooh in section 282 and returned to the hive
Bee swarm 24 is searching section 315
Bee swarm 24 did not find Winnie the Pooh in section 315 and returned to the hive
Bee swarm 149 is searching section 307
Bee swarm 149 did not find Winnie the Pooh in section 307 and returned to the hive
Bee swarm 27 is searching section 293
Bee swarm 27 did not find Winnie the Pooh in section 293 and returned to the hive
Bee swarm 105 is searching section 313
Bee swarm 105 did not find Winnie the Pooh in section 313 and returned to the hive
Bee swarm 6 is searching section 211
Bee swarm 6 did not find Winnie the Pooh in section 211 and returned to the hive
Bee swarm 111 is searching section 273
Bee swarm 111 did not find Winnie the Pooh in section 273 and returned to the hive
Bee swarm 136 is searching section 320
Bee swarm 136 did not find Winnie the Pooh in section 320 and returned to the hive
Bee swarm 141 is searching section 298
Bee swarm 141 did not find Winnie the Pooh in section 298 and returned to the hive
Bee swarm 84 is searching section 208
Bee swarm 84 did not find Winnie the Pooh in section 208 and returned to the hive
Bee swarm 53 is searching section 283
Bee swarm 53 did not find Winnie the Pooh in section 283 and returned to the hive
Bee swarm 120 is searching section 251
Bee swarm 120 did not find Winnie the Pooh in section 251 and returned to the hive
Bee swarm 140 is searching section 238
Bee swarm 140 did not find Winnie the Pooh in section 238 and returned to the hive
Bee swarm 57 is searching section 224
Bee swarm 57 did not find Winnie the Pooh in section 224 and returned to the hive
Bee swarm 50 is searching section 285
Bee swarm 50 did not find Winnie the Pooh in section 285 and returned to the hive
Bee swarm 10 is searching section 234
Bee swarm 10 did not find Winnie the Pooh in section 234 and returned to the hive
Bee swarm 38 is searching section 288
Bee swarm 38 did not find Winnie the Pooh in section 288 and returned to the hive
Bee swarm 184 is searching section 231
Bee swarm 184 did not find Winnie the Pooh in section 231 and returned to the hive
Bee swarm 132 is searching section 245
Bee swarm 132 did not find Winnie the Pooh in section 245 and returned to the hive
Bee swarm 16 is searching section 314
Bee swarm 16 did not find Winnie the Pooh in section 314 and returned to the hive
Bee swarm 34 is searching section 353
Bee swarm 34 did not find Winnie the Pooh in section 353 and returned to the hive
Bee swarm 28 is searching section 352
Bee swarm 28 did not find Winnie the Pooh in section 352 and returned to the hive
Bee swarm 162 is searching section 324
Bee swarm 162 did not find Winnie the Pooh in section 324 and returned to the hive
Bee swarm 187 is searching section 334
Bee swarm 187 did not find Winnie the Pooh in section 334 and returned to the hive
Bee swarm 177 is searching section 329
Bee swarm 177 did not find Winnie the Pooh in section 329 and returned to the hive
Bee swarm 35 is searching section 310
Bee swarm 35 did not find Winnie the Pooh in section 310 and returned to the hive
Bee swarm 170 is searching section 241
Bee swarm 170 did not find Winnie the Pooh in section 241 and returned to the hive
Bee swarm 150 is searching section 262
Bee swarm 150 did not find Winnie the Pooh in section 262 and returned to the hive
Bee swarm 98 is searching section 361
Bee swarm 98 did not find Winnie the Pooh in section 361 and returned to the hive
Bee swarm 164 is searching section 345
Bee swarm 164 did not find Winnie the Pooh in section 345 and returned to the hive
Bee swarm 145 is searching section 263
Bee swarm 145 did not find Winnie the Pooh in section 263 and returned to the hive
Bee swarm 128 is searching section 259
Bee swarm 128 did not find Winnie the Pooh in section 259 and returned to the hive
Bee swarm 31 is searching section 265
Bee swarm 31 did not find Winnie the Pooh in section 265 and returned to the hive
Bee swarm 176 is searching section 363
Bee swarm 176 did not find Winnie the Pooh in section 363 and returned to the hive
Bee swarm 131 is searching section 203
Bee swarm 131 did not find Winnie the Pooh in section 203 and returned to the hive
Bee swarm 200 is searching section 269
Bee swarm 200 did not find Winnie the Pooh in section 269 and returned to the hive
Bee swarm 142 is searching section 271
Bee swarm 142 did not find Winnie the Pooh in section 271 and returned to the hive
Bee swarm 122 is searching section 344
Bee swarm 122 did not find Winnie the Pooh in section 344 and returned to the hive
Bee swarm 36 is searching section 256
Bee swarm 36 did not find Winnie the Pooh in section 256 and returned to the hive
Bee swarm 178 is searching section 332
Bee swarm 178 did not find Winnie the Pooh in section 332 and returned to the hive
Bee swarm 72 is searching section 276
Bee swarm 72 did not find Winnie the Pooh in section 276 and returned to the hive
Bee swarm 124 is searching section 289
Bee swarm 124 did not find Winnie the Pooh in section 289 and returned to the hive
Bee swarm 174 is searching section 340
Bee swarm 174 did not find Winnie the Pooh in section 340 and returned to the hive
Bee swarm 39 is searching section 303
Bee swarm 39 did not find Winnie the Pooh in section 303 and returned to the hive
Bee swarm 158 is searching section 274
Bee swarm 158 did not find Winnie the Pooh in section 274 and returned to the hive
Bee swarm 64 is searching section 254
Bee swarm 64 did not find Winnie the Pooh in section 254 and returned to the hive
Bee swarm 101 is searching section 309
Bee swarm 101 did not find Winnie the Pooh in section 309 and returned to the hive
Bee swarm 146 is searching section 328
Bee swarm 146 did not find Winnie the Pooh in section 328 and returned to the hive
Bee swarm 126 is searching section 246
Bee swarm 126 did not find Winnie the Pooh in section 246 and returned to the hive
Bee swarm 55 is searching section 301
Bee swarm 55 did not find Winnie the Pooh in section 301 and returned to the hive
Bee swarm 77 is searching section 248
Bee swarm 77 did not find Winnie the Pooh in section 248 and returned to the hive
Bee swarm 156 is searching section 347
Bee swarm 156 did not find Winnie the Pooh in section 347 and returned to the hive
Bee swarm 81 is searching section 217
Bee swarm 81 did not find Winnie the Pooh in section 217 and returned to the hive
Bee swarm 48 is searching section 270
Bee swarm 48 did not find Winnie the Pooh in section 270 and returned to the hive
Bee swarm 75 is searching section 230
Bee swarm 75 did not find Winnie the Pooh in section 230 and returned to the hive
Bee swarm 127 is searching section 346
Bee swarm 127 did not find Winnie the Pooh in section 346 and returned to the hive
Bee swarm 189 is searching section 306
Bee swarm 189 did not find Winnie the Pooh in section 306 and returned to the hive
Bee swarm 171 is searching section 212
Bee swarm 171 did not find Winnie the Pooh in section 212 and returned to the hive
Bee swarm 181 is searching section 322
Bee swarm 181 did not find Winnie the Pooh in section 322 and returned to the hive
Bee swarm 197 is searching section 355
Bee swarm 197 did not find Winnie the Pooh in section 355 and returned to the hive
Bee swarm 103 is searching section 228
Bee swarm 103 did not find Winnie the Pooh in section 228 and returned to the hive
Bee swarm 79 is searching section 226
Bee swarm 79 did not find Winnie the Pooh in section 226 and returned to the hive
Bee swarm 115 is searching section 308
Bee swarm 115 did not find Winnie the Pooh in section 308 and returned to the hive
Bee swarm 198 is searching section 312
Bee swarm 198 did not find Winnie the Pooh in section 312 and returned to the hive
Bee swarm 60 is searching section 284
Bee swarm 60 did not find Winnie the Pooh in section 284 and returned to the hive
Bee swarm 20 is searching section 292
Bee swarm 20 did not find Winnie the Pooh in section 292 and returned to the hive
Bee swarm 76 is searching section 235
Bee swarm 76 did not find Winnie the Pooh in section 235 and returned to the hive
Bee swarm 11 is searching section 227
Bee swarm 11 did not find Winnie the Pooh in section 227 and returned to the hive
Bee swarm 90 is searching section 379
Bee swarm 90 did not find Winnie the Pooh in section 379 and returned to the hive
Bee swarm 46 is searching section 250
Bee swarm 46 did not find Winnie the Pooh in section 250 and returned to the hive
Bee swarm 97 is searching section 244
Bee swarm 97 did not find Winnie the Pooh in section 244 and returned to the hive
Bee swarm 5 is searching section 242
Bee swarm 5 did not find Winnie the Pooh in section 242 and returned to the hive
Bee swarm 18 is searching section 356
Bee swarm 18 did not find Winnie the Pooh in section 356 and returned to the hive
Bee swarm 65 is searching section 237
Bee swarm 65 did not find Winnie the Pooh in section 237 and returned to the hive
Bee swarm 32 is searching section 375
Bee swarm 32 did not find Winnie the Pooh in section 375 and returned to the hive
Bee swarm 92 is searching section 294
Bee swarm 92 did not find Winnie the Pooh in section 294 and returned to the hive
Bee swarm 14 is searching section 260
Bee swarm 14 did not find Winnie the Pooh in section 260 and returned to the hive
Bee swarm 133 is searching section 286
Bee swarm 133 did not find Winnie the Pooh in section 286 and returned to the hive
Bee swarm 168 is searching section 305
Bee swarm 168 did not find Winnie the Pooh in section 305 and returned to the hive
Bee swarm 100 is searching section 398
Bee swarm 100 did not find Winnie the Pooh in section 398 and returned to the hive
Bee swarm 68 is searching section 330
Bee swarm 68 did not find Winnie the Pooh in section 330 and returned to the hive
Bee swarm 192 is searching section 381
Bee swarm 192 did not find Winnie the Pooh in section 381 and returned to the hive
126 is searching section 246
Bee swarm 126 did not find Winnie the Pooh in section 246 and returned to the hive
Bee swBee swarm 121 is searching section 300
Bee swarm 121 did not find Winnie the Pooh in section 300 and returned to the hive
Bee swarm 1 is searching section 385
Bee swarm 1 did not find Winnie the Pooh in section 385 and returned to the hive
Bee swarm 61 is searching section 268
Bee swarm 61 did not find Winnie the Pooh in section 268 and returned to the hive
Bee swarm 104 is searching section 374
Bee swarm 104 did not find Winnie the Pooh in section 374 and returned to the hive
Bee swarm 59 is searching section 383
Bee swarm 59 did not find Winnie the Pooh in section 383 and returned to the hive
Bee swarm 71 is searching section 402
Bee swarm 71 did not find Winnie the Pooh in section 402 and returned to the hive
Bee swarm 17 is searching section 342
Bee swarm 17 did not find Winnie the Pooh in section 342 and returned to the hive
Bee swarm 67 is searching section 278
Bee swarm 67 did not find Winnie the Pooh in section 278 and returned to the hive
Bee swarm 186 is searching section 384
Bee swarm 186 did not find Winnie the Pooh in section 384 and returned to the hive
Bee swarm 107 is searching section 229
Bee swarm 107 did not find Winnie the Pooh in section 229 and returned to the hive
Bee swarm 89 is searching section 272
Bee swarm 89 did not find Winnie the Pooh in section 272 and returned to the hive
Bee swarm 144 is searching section 240
Bee swarm 144 did not find Winnie the Pooh in section 240 and returned to the hive
Bee swarm 52 is searching section 351
Bee swarm 52 did not find Winnie the Pooh in section 351 and returned to the hive
Bee swarm 26 is searching section 357
Bee swarm 26 did not find Winnie the Pooh in section 357 and returned to the hive
Bee swarm 166 is searching section 318
Bee swarm 166 did not find Winnie the Pooh in section 318 and returned to the hive
Bee swarm 180 is searching section 326
Bee swarm 180 did not find Winnie the Pooh in section 326 and returned to the hive
Bee swarm 95 is searching section 335
Bee swarm 95 did not find Winnie the Pooh in section 335 and returned to the hive
Bee swarm 41 is searching section 261
Bee swarm 41 did not find Winnie the Pooh in section 261 and returned to the hive
Bee swarm 7 is searching section 370
Bee swarm 7 did not find Winnie the Pooh in section 370 and returned to the hive
Bee swarm 119 is searching section 319
Bee swarm 119 did not find Winnie the Pooh in section 319 and returned to the hive
Bee swarm 22 is searching section 277
Bee swarm 22 did not find Winnie the Pooh in section 277 and returned to the hive
Bee swarm 129 is searching section 358
Bee swarm 129 did not find Winnie the Pooh in section 358 and returned to the hive
Bee swarm 125 is searching section 247
Bee swarm 125 did not find Winnie the Pooh in section 247 and returned to the hive
Bee swarm 175 is searching section 341
Bee swarm 175 did not find Winnie the Pooh in section 341 and returned to the hive
Bee swarm 155 is searching section 338
Bee swarm 155 did not find Winnie the Pooh in section 338 and returned to the hive
Bee swarm 110 is searching section 382
Bee swarm 110 did not find Winnie the Pooh in section 382 and returned to the hive
Bee swarm 13 is searching section 257
Bee swarm 13 did not find Winnie the Pooh in section 257 and returned to the hive
Bee swarm 49 is searching section 275
Bee swarm 49 did not find Winnie the Pooh in section 275 and returned to the hive
Bee swarm 4 is searching section 266
Bee swarm 4 did not find Winnie the Pooh in section 266 and returned to the hive
Bee swarm 88 is searching section 371
Bee swarm 88 did not find Winnie the Pooh in section 371 and returned to the hive
Bee swarm 82 is searching section 321
Bee swarm 82 did not find Winnie the Pooh in section 321 and returned to the hive
Bee swarm 130 is searching section 297
Bee swarm 130 did not find Winnie the Pooh in section 297 and returned to the hive
Bee swarm 154 is searching section 380
Bee swarm 154 did not find Winnie the Pooh in section 380 and returned to the hive
Bee swarm 173 is searching section 249
Bee swarm 173 did not find Winnie the Pooh in section 249 and returned to the hive
Bee swarm 195 is searching section 401
Bee swarm 195 did not find Winnie the Pooh in section 401 and returned to the hive
Bee swarm 80 is searching section 264
Bee swarm 80 did not find Winnie the Pooh in section 264 and returned to the hive
Bee swarm 37 is searching section 337
Bee swarm 37 did not find Winnie the Pooh in section 337 and returned to the hive
Bee swarm 153 is searching section 407
Bee swarm 153 did not find Winnie the Pooh in section 407 and returned to the hive
Bee swarm 199 is searching section 373
Bee swarm 199 did not find Winnie the Pooh in section 373 and returned to the hive
Bee swarm 161 is searching section 343
Bee swarm 161 did not find Winnie the Pooh in section 343 and returned to the hive
Bee swarm 102 is searching section 376
Bee swarm 102 did not find Winnie the Pooh in section 376 and returned to the hive
Bee swarm 40 is searching section 339
Bee swarm 40 did not find Winnie the Pooh in section 339 and returned to the hive
Bee swarm 112 is searching section 387
Bee swarm 112 did not find Winnie the Pooh in section 387 and returned to the hive
Bee swarm 91 is searching section 316
Bee swarm 91 did not find Winnie the Pooh in section 316 and returned to the hive
Bee swarm 87 is searching section 359
Bee swarm 87 did not find Winnie the Pooh in section 359 and returned to the hive
Bee swarm 117 is searching section 413
Bee swarm 117 did not find Winnie the Pooh in section 413 and returned to the hive
Bee swarm 94 is searching section 323
Bee swarm 94 did not find Winnie the Pooh in section 323 and returned to the hive
Bee swarm 12 is searching section 327
Bee swarm 12 did not find Winnie the Pooh in section 327 and returned to the hive
Bee swarm 169 is searching section 331
Bee swarm 169 did not find Winnie the Pooh in section 331 and returned to the hive
Bee swarm 157 is searching section 386
Bee swarm 157 did not find Winnie the Pooh in section 386 and returned to the hive
Bee swarm 30 is searching section 365
Bee swarm 30 did not find Winnie the Pooh in section 365 and returned to the hive
Bee swarm 116 is searching section 325
Bee swarm 116 did not find Winnie the Pooh in section 325 and returned to the hive
Bee swarm 44 is searching section 290
Bee swarm 44 did not find Winnie the Pooh in section 290 and returned to the hive
Bee swarm 135 is searching section 411
Bee swarm 135 did not find Winnie the Pooh in section 411 and returned to the hive
Bee swarm 151 is searching section 412
Bee swarm 151 did not find Winnie the Pooh in section 412 and returned to the hive
Bee swarm 137 is searching section 336
Bee swarm 137 did not find Winnie the Pooh in section 336 and returned to the hive
Bee swarm 114 is searching section 360
Bee swarm 114 did not find Winnie the Pooh in section 360 and returned to the hive
Bee swarm 23 is searching section 333
Bee swarm 23 did not find Winnie the Pooh in section 333 and returned to the hive
Bee swarm 3 is searching section 311
Bee swarm 3 did not find Winnie the Pooh in section 311 and returned to the hive
Bee swarm 182 is searching section 349
Bee swarm 182 did not find Winnie the Pooh in section 349 and returned to the hive
Bee swarm 188 is searching section 372
Bee swarm 188 did not find Winnie the Pooh in section 372 and returned to the hive
Bee swarm 138 is searching section 362
Bee swarm 138 did not find Winnie the Pooh in section 362 and returned to the hive
Bee swarm 69 is searching section 296
Bee swarm 69 did not find Winnie the Pooh in section 296 and returned to the hive
Bee swarm 42 is searching section 419
Bee swarm 42 did not find Winnie the Pooh in section 419 and returned to the hive
Bee swarm 99 is searching section 403
Bee swarm 99 did not find Winnie the Pooh in section 403 and returned to the hive
Bee swarm 196 is searching section 377
Bee swarm 196 did not find Winnie the Pooh in section 377 and returned to the hive
Bee swarm 47 is searching section 393
Bee swarm 47 did not find Winnie the Pooh in section 393 and returned to the hive
Bee swarm 43 is searching section 302
Bee swarm 43 did not find Winnie the Pooh in section 302 and returned to the hive
Bee swarm 190 is searching section 392
Bee swarm 190 did not find Winnie the Pooh in section 392 and returned to the hive
Bee swarm 93 is searching section 424
Bee swarm 93 did not find Winnie the Pooh in section 424 and returned to the hive
Bee swarm 183 is searching section 421
Bee swarm 183 did not find Winnie the Pooh in section 421 and returned to the hive
Bee swarm 45 is searching section 405
Bee swarm 45 did not find Winnie the Pooh in section 405 and returned to the hive
Bee swarm 152 is searching section 399
Bee swarm 152 did not find Winnie the Pooh in section 399 and returned to the hive
Bee swarm 148 is searching section 416
Bee swarm 148 did not find Winnie the Pooh in section 416 and returned to the hive
Bee swarm 147 is searching section 389
Bee swarm 147 did not find Winnie the Pooh in section 389 and returned to the hive
Bee swarm 191 is searching section 350
Bee swarm 191 did not find Winnie the Pooh in section 350 and returned to the hive
Bee swarm 9 is searching section 426
Bee swarm 9 did not find Winnie the Pooh in section 426 and returned to the hive
Bee swarm 56 is searching section 395
Bee swarm 56 did not find Winnie the Pooh in section 395 and returned to the hive
Bee swarm 58 is searching section 366
Bee swarm 58 did not find Winnie the Pooh in section 366 and returned to the hive
Bee swarm 118 is searching section 348
Bee swarm 118 did not find Winnie the Pooh in section 348 and returned to the hive
Bee swarm 179 is searching section 397
Bee swarm 179 did not find Winnie the Pooh in section 397 and returned to the hive
Bee swarm 193 is searching section 368
Bee swarm 193 did not find Winnie the Pooh in section 368 and returned to the hive
Bee swarm 2 is searching section 354
Bee swarm 2 did not find Winnie the Pooh in section 354 and returned to the hive
Bee swarm 62 is searching section 367
Bee swarm 62 did not find Winnie the Pooh in section 367 and returned to the hive
Bee swarm 21 is searching section 418
Bee swarm 21 did not find Winnie the Pooh in section 418 and returned to the hive
Bee swarm 54 is searching section 364
Bee swarm 54 did not find Winnie the Pooh in section 364 and returned to the hive
Bee swarm 84 is searching section 447
Bee swarm 84 did not find Winnie the Pooh in section 447 and returned to the hive
Bee swarm 160 is searching section 369
Bee swarm 160 did not find Winnie the Pooh in section 369 and returned to the hive
Bee swarm 111 is searching section 444
Bee swarm 111 did not find Winnie the Pooh in section 444 and returned to the hive
Bee swarm 109 is searching section 390
Bee swarm 109 did not find Winnie the Pooh in section 390 and returned to the hive
Bee swarm 66 is searching section 396
Bee swarm 66 did not find Winnie the Pooh in section 396 and returned to the hive
Bee swarm 24 is searching section 439
Bee swarm 24 did not find Winnie the Pooh in section 439 and returned to the hive
Bee swarm 113 is searching section 423
Bee swarm 113 did not find Winnie the Pooh in section 423 and returned to the hive
Bee swarm 140 is searching section 450
Bee swarm 140 did not find Winnie the Pooh in section 450 and returned to the hive
Bee swarm 57 is searching section 451
Bee swarm 57 did not find Winnie the Pooh in section 451 and returned to the hive
Bee swarm 98 is searching section 466
Bee swarm 98 did not find Winnie the Pooh in section 466 and returned to the hive
Bee swarm 194 is searching section 436
Bee swarm 194 did not find Winnie the Pooh in section 436 and returned to the hive
Bee swarm 78 is searching section 378
Bee swarm 78 did not find Winnie the Pooh in section 378 and returned to the hive
Bee swarm 172 is searching section 391
Bee swarm 172 did not find Winnie the Pooh in section 391 and returned to the hive
Bee swarm 123 is searching section 425
Bee swarm 123 did not find Winnie the Pooh in section 425 and returned to the hive
Bee swarm 96 is searching section 404
Bee swarm 96 did not find Winnie the Pooh in section 404 and returned to the hive
Bee swarm 39 is searching section 481
Bee swarm 39 did not find Winnie the Pooh in section 481 and returned to the hive
Bee swarm 25 is searching section 400
Bee swarm 25 did not find Winnie the Pooh in section 400 and returned to the hive
Bee swarm 70 is searching section 408
Bee swarm 70 did not find Winnie the Pooh in section 408 and returned to the hive
Bee swarm 174 is searching section 480
Bee swarm 174 did not find Winnie the Pooh in section 480 and returned to the hive
Bee swarm 127 is searching section 493
Bee swarm 127 did not find Winnie the Pooh in section 493 and returned to the hive
Bee swarm 185 is searching section 427
Bee swarm 185 did not find Winnie the Pooh in section 427 and returned to the hive
Bee swarm 134 is searching section 428
Bee swarm 134 did not find Winnie the Pooh in section 428 and returned to the hive
Bee swarm 83 is searching section 394
Bee swarm 83 did not find Winnie the Pooh in section 394 and returned to the hive
Bee swarm 36 is searching section 476
Bee swarm 36 did not find Winnie the Pooh in section 476 and returned to the hive
Bee swarm 108 is searching section 431
Bee swarm 108 did not find Winnie the Pooh in section 431 and returned to the hive
Bee swarm 128 is searching section 469
Bee swarm 128 did not find Winnie the Pooh in section 469 and returned to the hive
Bee swarm 167 is searching section 434
Bee swarm 167 did not find Winnie the Pooh in section 434 and returned to the hive
Bee swarm 136 is searching section 445
Bee swarm 136 did not find Winnie the Pooh in section 445 and returned to the hive
Bee swarm 120 is searching section 449
Bee swarm 120 did not find Winnie the Pooh in section 449 and returned to the hive
Bee swarm 38 is searching section 454
Bee swarm 38 did not find Winnie the Pooh in section 454 and returned to the hive
Bee swarm 164 is searching section 467
Bee swarm 164 did not find Winnie the Pooh in section 467 and returned to the hive
Bee swarm 14 is searching section 514
Bee swarm 14 did not find Winnie the Pooh in section 514 and returned to the hive
Bee swarm 73 is searching section 409
Bee swarm 73 did not find Winnie the Pooh in section 409 and returned to the hive
Bee swarm 158 is searching section 482
Bee swarm 158 did not find Winnie the Pooh in section 482 and returned to the hive
Bee swarm 122 is searching section 475
Bee swarm 122 did not find Winnie the Pooh in section 475 and returned to the hive
Bee swarm 121 is searching section 521
Bee swarm 121 did not find Winnie the Pooh in section 521 and returned to the hive
Bee swarm 19 is searching section 435
Bee swarm 19 did not find Winnie the Pooh in section 435 and returned to the hive
Bee swarm 189 is searching section 494
Bee swarm 189 did not find Winnie the Pooh in section 494 and returned to the hive
Bee swarm 141 is searching section 446
Bee swarm 141 did not find Winnie the Pooh in section 446 and returned to the hive
Bee swarm 163 is searching section 429
Bee swarm 163 did not find Winnie the Pooh in section 429 and returned to the hive
Bee swarm 27 is searching section 441
Bee swarm 27 did not find Winnie the Pooh in section 441 and returned to the hive
Bee swarm 106 is searching section 414
Bee swarm 106 did not find Winnie the Pooh in section 414 and returned to the hive
Bee swarm 77 is searching section 488
Bee swarm 77 did not find Winnie the Pooh in section 488 and returned to the hive
Bee swarm 53 is searching section 448
Bee swarm 53 did not find Winnie the Pooh in section 448 and returned to the hive
Bee swarm 89 is searching section 531
Bee swarm 89 did not find Winnie the Pooh in section 531 and returned to the hive
Bee swarm 79 is searching section 499
Bee swarm 79 did not find Winnie the Pooh in section 499 and returned to the hive
Bee swarm 76 is searching section 504
Bee swarm 76 did not find Winnie the Pooh in section 504 and returned to the hive
Bee swarm 132 is searching section 456
Bee swarm 132 did not find Winnie the Pooh in section 456 and returned to the hive
Bee swarm 75 is searching section 492
Bee swarm 75 did not find Winnie the Pooh in section 492 and returned to the hive
Bee swarm 198 is searching section 501
Bee swarm 198 did not find Winnie the Pooh in section 501 and returned to the hive
Bee swarm 168 is searching section 516
Bee swarm 168 did not find Winnie the Pooh in section 516 and returned to the hive
Bee swarm 144 is searching section 532
Bee swarm 144 did not find Winnie the Pooh in section 532 and returned to the hive
 section 480
Bee swarm 174 did not find Winnie the Pooh in section 480 and returned to the hive
Bee swarm 127 is searching section 493
Bee swarm 127 did not find Winnie the Pooh in section 493 and returned to the hive
Bee swarm 185 is searching section 427
Bee swarm 185 did not find Winnie the Pooh in section 427 and returned to the hive
Bee swarm 134 is searching section 428
Bee swarm 134 did not find Winnie the Pooh in section 428 and returned to the hive
Bee swarm 83 is searching section 394
Bee swarm 83 did not find Winnie the Pooh in section 394 and returned to the hive
Bee swarm 36 is searching section 476
Bee swarm 36 did not find Winnie the Pooh in section 476 and returned to the hive
Bee swarm 108 is searching section 431
Bee swarm 108 did not find Winnie the Pooh in section 431 and returned to the hive
Bee swarm 128 is searching section 469
Bee swarm 128 did not find Winnie the Pooh in section 469 and returned to the hive
Bee swarm 167 is searching section 434
Bee swarm 167 did not find Winnie the Pooh in section 434 and returned to the hive
Bee swarm 136 is searching section 445
Bee swarm 136 did not find Winnie the Pooh in section 445 and returned to the hive
Bee swarm 120 is searching section 449
Bee swarm 120 did not find Winnie the Pooh in section 449 and returned to the hive
Bee swarm 38 is searching section 454
Bee swarm 38 did not find Winnie the Pooh in section 454 and returned to the hive
Bee swarm 164 is searching section 467
Bee swarm 164 did not find Winnie the Pooh in section 467 and returned to the hive
Bee swarm 14 is searching section 514
Bee swarm 14 did not find Winnie the Pooh in section 514 and returned to the hive
Bee swarm 73 is searching section 409
Bee swarm 73 did not find Winnie the Pooh in section 409 and returned to the hive
Bee swarm 158 is searching section 482
Bee swarm 158 did not find Winnie the Pooh in section 482 and returned to the hive
Bee swarm 122 is searching section 475
Bee swarm 122 did not find Winnie the Pooh in section 475 and returned to the hive
Bee swarm 121 is searching section 521
Bee swarm 121 did not find Winnie the Pooh in section 521 and returned to the hive
Bee swarm 19 is searching section 435
Bee swarm 19 did not find Winnie the Pooh in section 435 and returned to the hive
Bee swarm 189 is searching section 494
Bee swarm 189 did not find Winnie the Pooh in section 494 and returned to the hive
Bee swarm 141 is searching section 446
Bee swarm 141 did not find Winnie the Pooh in section 446 and returned to the hive
Bee swarm 163 is searching section 429
Bee swarm 163 did not find Winnie the Pooh in section 429 and returned to the hive
Bee swarm 27 is searching section 441
Bee swarm 27 did not find Winnie the Pooh in section 441 and returned to the hive
Bee swarm 106 is searching section 414
Bee swarm 106 did not find Winnie the Pooh in section 414 and returned to the hive
Bee swarm 77 is searching section 488
Bee swarm 77 did not find Winnie the Pooh in section 488 and returned to the hive
Bee swarm 53 is searching section 448
Bee swarm 53 did not find Winnie the Pooh in section 448 and returned to the hive
Bee swarm 89 is searching section 531
Bee swarm 89 did not find Winnie the Pooh in section 531 and returned to the hive
Bee swarm 79 is searching section 499
Bee swarm 79 did not find Winnie the Pooh in section 499 and returned to the hive
Bee swarm 76 is searching section 504
Bee swarm 76 did not find Winnie the Pooh in section 504 and returned to the hive
Bee swarm 132 is searching section 456
Bee swarm 132 did not find Winnie the Pooh in section 456 and returned to the hive
Bee swarm 75 is searching section 492
Bee swarm 75 did not find Winnie the Pooh in section 492 and returned to the hive
Bee swarm 198 is searching section 501
Bee swarm 198 did not find Winnie the Pooh in section 501 and returned to the hive
Bee swarm 168 is searching section 516
Bee swarm 168 did not find Winnie the Pooh in section 516 and returned to the hive
Bee swarm 144 is searching section 532
Bee swarm 144 did not find Winnie the Pooh in section 532 and returned to the Bee swarm 200 is searching section 473
Bee swarm 200 did not find Winnie the Pooh in section 473 and returned to the hive
Bee swarm 41 is searching section 538
Bee swarm 41 did not find Winnie the Pooh in section 538 and returned to the hive
Bee swarm 6 is searching section 443
Bee swarm 6 did not find Winnie the Pooh in section 443 and returned to the hive
Bee swarm 103 is searching section 498
Bee swarm 103 did not find Winnie the Pooh in section 498 and returned to the hive
Bee swarm 92 is searching section 513
Bee swarm 92 did not find Winnie the Pooh in section 513 and returned to the hive
Bee swarm 192 is searching section 520
Bee swarm 192 did not find Winnie the Pooh in section 520 and returned to the hive
Bee swarm 155 is searching section 547
Bee swarm 155 did not find Winnie the Pooh in section 547 and returned to the hive
Bee swarm 187 is searching section 461
Bee swarm 187 did not find Winnie the Pooh in section 461 and returned to the hive
Bee swarm 126 is searching section 486
Bee swarm 126 did not find Winnie the Pooh in section 486 and returned to the hive
Bee swarm 18 is searching section 510
Bee swarm 18 did not find Winnie the Pooh in section 510 and returned to the hive
Bee swarm 162 is searching section 460
Bee swarm 162 did not find Winnie the Pooh in section 460 and returned to the hive
Bee swarm 34 is searching section 458
Bee swarm 34 did not find Winnie the Pooh in section 458 and returned to the hive
Bee swarm 46 is searching section 507
Bee swarm 46 did not find Winnie the Pooh in section 507 and returned to the hive
Bee swarm 165 is searching section 437
Bee swarm 165 did not find Winnie the Pooh in section 437 and returned to the hive
Bee swarm 29 is searching section 542
Bee swarm 29 did not find Winnie the Pooh in section 542 and returned to the hive
Bee swarm 125 is searching section 545
Bee swarm 125 did not find Winnie the Pooh in section 545 and returned to the hive
Bee swarm 17 is searching section 527
Bee swarm 17 did not find Winnie the Pooh in section 527 and returned to the hive
Bee swarm 139 is searching section 415
Bee swarm 139 did not find Winnie the Pooh in section 415 and returned to the hive
Bee swarm 150 is searching section 465
Bee swarm 150 did not find Winnie the Pooh in section 465 and returned to the hive
Bee swarm 143 is searching section 417
Bee swarm 143 did not find Winnie the Pooh in section 417 and returned to the hive
Bee swarm 176 is searching section 471
Bee swarm 176 did not find Winnie the Pooh in section 471 and returned to the hive
Bee swarm 146 is searching section 485
Bee swarm 146 did not find Winnie the Pooh in section 485 and returned to the hive
Bee swarm 15 is searching section 422
Bee swarm 15 did not find Winnie the Pooh in section 422 and returned to the hive
Bee swarm 50 is searching section 452
Bee swarm 50 did not find Winnie the Pooh in section 452 and returned to the hive
Bee swarm 115 is searching section 500
Bee swarm 115 did not find Winnie the Pooh in section 500 and returned to the hive
Bee swarm 31 is searching section 470
Bee swarm 31 did not find Winnie the Pooh in section 470 and returned to the hive
Bee swarm 65 is searching section 511
Bee swarm 65 did not find Winnie the Pooh in section 511 and returned to the hive
Bee swarm 55 is searching section 487
Bee swarm 55 did not find Winnie the Pooh in section 487 and returned to the hive
Bee swarm 16 is searching section 457
Bee swarm 16 did not find Winnie the Pooh in section 457 and returned to the hive
Bee swarm 184 is searching section 455
Bee swarm 184 did not find Winnie the Pooh in section 455 and returned to the hive
Bee swarm 107 is searching section 530
Bee swarm 107 did not find Winnie the Pooh in section 530 and returned to the hive
Bee swarm 51 is searching section 430
Bee swarm 51 did not find Winnie the Pooh in section 430 and returned to the hive
Bee swarm 72 is searching section 478
Bee swarm 72 did not find Winnie the Pooh in section 478 and returned to the hive
Bee swarm 61 is searching section 523
Bee swarm 61 did not find Winnie the Pooh in section 523 and returned to the hive
Bee swarm 166 is searching section 535
Bee swarm 166 did not find Winnie the Pooh in section 535 and returned to the hive
Bee swarm 28 is searching section 459
Bee swarm 28 did not find Winnie the Pooh in section 459 and returned to the hive
Bee swarm 5 is searching section 509
Bee swarm 5 did not find Winnie the Pooh in section 509 and returned to the hive
Bee swarm 171 is searching section 495
Bee swarm 171 did not find Winnie the Pooh in section 495 and returned to the hive
Bee swarm 105 is searching section 442
Bee swarm 105 did not find Winnie the Pooh in section 442 and returned to the hive
Bee swarm 154 is searching section 555
Bee swarm 154 did not find Winnie the Pooh in section 555 and returned to the hive
Bee swarm 74 is searching section 432
Bee swarm 74 did not find Winnie the Pooh in section 432 and returned to the hive
Bee swarm 60 is searching section 502
Bee swarm 60 did not find Winnie the Pooh in section 502 and returned to the hive
Bee swarm 81 is searching section 490
Bee swarm 81 did not find Winnie the Pooh in section 490 and returned to the hive
Bee swarm 130 is searching section 554
Bee swarm 130 did not find Winnie the Pooh in section 554 and returned to the hive
Bee swarm 90 is searching section 506
Bee swarm 90 did not find Winnie the Pooh in section 506 and returned to the hive
Bee swarm 95 is searching section 537
Bee swarm 95 did not find Winnie the Pooh in section 537 and returned to the hive
Bee swarm 26 is searching section 534
Bee swarm 26 did not find Winnie the Pooh in section 534 and returned to the hive
Bee swarm 151 is searching section 577
Bee swarm 151 did not find Winnie the Pooh in section 577 and returned to the hive
Bee swarm 199 is searching section 561
Bee swarm 199 did not find Winnie the Pooh in section 561 and returned to the hive
Bee swarm 1 is searching section 522
Bee swarm 1 did not find Winnie the Pooh in section 522 and returned to the hive
Bee swarm 59 is searching section 525
Bee swarm 59 did not find Winnie the Pooh in section 525 and returned to the hive
Bee swarm 124 is searching section 479
Bee swarm 124 did not find Winnie the Pooh in section 479 and returned to the hive
Bee swarm 71 is searching section 526
Bee swarm 71 did not find Winnie the Pooh in section 526 and returned to the hive
Bee swarm 45 is searching section 594
Bee swarm 45 did not find Winnie the Pooh in section 594 and returned to the hive
Bee swarm 170 is searching section 464
Bee swarm 170 did not find Winnie the Pooh in section 464 and returned to the hive
Bee swarm 149 is searching section 440
Bee swarm 149 did not find Winnie the Pooh in section 440 and returned to the hive
Bee swarm 138 is searching section 584
Bee swarm 138 did not find Winnie the Pooh in section 584 and returned to the hive
Bee swarm 35 is searching section 463
Bee swarm 35 did not find Winnie the Pooh in section 463 and returned to the hive
Bee swarm 99 is searching section 587
Bee swarm 99 did not find Winnie the Pooh in section 587 and returned to the hive
Bee swarm 82 is searching section 553
Bee swarm 82 did not find Winnie the Pooh in section 553 and returned to the hive
Bee swarm 8 is searching section 519
Bee swarm 8 did not find Winnie the Pooh in section 519 and returned to the hive
Bee swarm 37 is searching section 559
Bee swarm 37 did not find Winnie the Pooh in section 559 and returned to the hive
Bee swarm 69 is searching section 585
Bee swarm 69 did not find Winnie the Pooh in section 585 and returned to the hive
Bee swarm 20 is searching section 503
Bee swarm 20 did not find Winnie the Pooh in section 503 and returned to the hive
Bee swarm 67 is searching section 528
Bee swarm 67 did not find Winnie the Pooh in section 528 and returned to the hive
Bee swarm 181 is searching section 496
Bee swarm 181 did not find Winnie the Pooh in section 496 and returned to the hive
Bee swarm 145 is searching section 468
Bee swarm 145 did not find Winnie the Pooh in section 468 and returned to the hive
Bee swarm 93 is searching section 592
Bee swarm 93 did not find Winnie the Pooh in section 592 and returned to the hive
Bee swarm 157 is searching section 572
Bee swarm 157 did not find Winnie the Pooh in section 572 and returned to the hive
Bee swarm 11 is searching section 505
Bee swarm 11 did not find Winnie the Pooh in section 505 and returned to the hive
Bee swarm 23 is searching section 580
Bee swarm 23 did not find Winnie the Pooh in section 580 and returned to the hive
Bee swarm 84 is searching section 610
Bee swarm 84 did not find Winnie the Pooh in section 610 and returned to the hive
Bee swarm 147 is searching section 597
Bee swarm 147 did not find Winnie the Pooh in section 597 and returned to the hive
Bee swarm 52 is searching section 533
Bee swarm 52 did not find Winnie the Pooh in section 533 and returned to the hive
Bee swarm 156 is searching section 489
Bee swarm 156 did not find Winnie the Pooh in section 489 and returned to the hive
Bee swarm 64 is searching section 483
Bee swarm 64 did not find Winnie the Pooh in section 483 and returned to the hive
Bee swarm 142 is searching section 474
Bee swarm 142 did not find Winnie the Pooh in section 474 and returned to the hive
Bee swarm 131 is searching section 472
Bee swarm 131 did not find Winnie the Pooh in section 472 and returned to the hive
Bee swarm 58 is searching section 602
Bee swarm 58 did not find Winnie the Pooh in section 602 and returned to the hive
Bee swarm 182 is searching section 582
Bee swarm 182 did not find Winnie the Pooh in section 582 and returned to the hive
Bee swarm 178 is searching section 477
Bee swarm 178 did not find Winnie the Pooh in section 477 and returned to the hive
Bee swarm 197 is searching section 497
Bee swarm 197 did not find Winnie the Pooh in section 497 and returned to the hive
Bee swarm 48 is searching section 491
Bee swarm 48 did not find Winnie the Pooh in section 491 and returned to the hive
Bee swarm 21 is searching section 608
Bee swarm 21 did not find Winnie the Pooh in section 608 and returned to the hive
Bee swarm 100 is searching section 517
Bee swarm 100 did not find Winnie the Pooh in section 517 and returned to the hive
Bee swarm 68 is searching section 518
Bee swarm 68 did not find Winnie the Pooh in section 518 and returned to the hive
Bee swarm 112 is searching section 565
Bee swarm 112 did not find Winnie the Pooh in section 565 and returned to the hive
Bee swarm 173 is searching section 556
Bee swarm 173 did not find Winnie the Pooh in section 556 and returned to the hive
Bee swarm 43 is searching section 590
Bee swarm 43 did not find Winnie the Pooh in section 590 and returned to the hive
Bee swarm 169 is searching section 571
Bee swarm 169 did not find Winnie the Pooh in section 571 and returned to the hive
Bee swarm 94 is searching section 569
Bee swarm 94 did not find Winnie the Pooh in section 569 and returned to the hive
Bee swarm 101 is searching section 484
Bee swarm 101 did not find Winnie the Pooh in section 484 and returned to the hive
Bee swarm 172 is searching section 622
Bee swarm 172 did not find Winnie the Pooh in section 622 and returned to the hive
Bee swarm 196 is searching section 588
Bee swarm 196 did not find Winnie the Pooh in section 588 and returned to the hive
Bee swarm 129 is searching section 544
Bee swarm 129 did not find Winnie the Pooh in section 544 and returned to the hive
Bee swarm 118 is searching section 603
Bee swarm 118 did not find Winnie the Pooh in section 603 and returned to the hive
Bee swarm 3 is searching section 581
Bee swarm 3 did not find Winnie the Pooh in section 581 and returned to the hive
Bee swarm 4 is searching section 551
Bee swarm 4 did not find Winnie the Pooh in section 551 and returned to the hive
Bee swarm 133 is searching section 515
Bee swarm 133 did not find Winnie the Pooh in section 515 and returned to the hive
Bee swarm 175 is searching section 546
Bee swarm 175 did not find Winnie the Pooh in section 546 and returned to the hive
Bee swarm 180 is searching section 536
Bee swarm 180 did not find Winnie the Pooh in section 536 and returned to the hive
Bee swarm 109 is searching section 613
Bee swarm 109 did not find Winnie the Pooh in section 613 and returned to the hive
Bee swarm 110 is searching section 548
Bee swarm 110 did not find Winnie the Pooh in section 548 and returned to the hive
Bee swarm 96 is searching section 624
Bee swarm 96 did not find Winnie the Pooh in section 624 and returned to the hive
Bee swarm 32 is searching section 512
Bee swarm 32 did not find Winnie the Pooh in section 512 and returned to the hive
Bee swarm 97 is searching section 508
Bee swarm 97 did not find Winnie the Pooh in section 508 and returned to the hive
Bee swarm 80 is searching section 558
Bee swarm 80 did not find Winnie the Pooh in section 558 and returned to the hive
Bee swarm 88 is searching section 552
Bee swarm 88 did not find Winnie the Pooh in section 552 and returned to the hive
Bee swarm 104 is searching section 524
Bee swarm 104 did not find Winnie the Pooh in section 524 and returned to the hive
Bee swarm 137 is searching section 578
Bee swarm 137 did not find Winnie the Pooh in section 578 and returned to the hive
Bee swarm 47 is searching section 589
Bee swarm 47 did not find Winnie the Pooh in section 589 and returned to the hive
Bee swarm 98 is searching section 619
Bee swarm 98 did not find Winnie the Pooh in section 619 and returned to the hive
Bee swarm 30 is searching section 573
Bee swarm 30 did not find Winnie the Pooh in section 573 and returned to the hive
Bee swarm 186 is searching section 529
Bee swarm 186 did not find Winnie the Pooh in section 529 and returned to the hive
Bee swarm 136 is searching section 637
Bee swarm 136 did not find Winnie the Pooh in section 637 and returned to the hive
Bee swarm 91 is searching section 566
Bee swarm 91 did not find Winnie the Pooh in section 566 and returned to the hive
Bee swarm 135 is searching section 576
Bee swarm 135 did not find Winnie the Pooh in section 576 and returned to the hive
Bee swarm 87 is searching section 567
Bee swarm 87 did not find Winnie the Pooh in section 567 and returned to the hive
Bee swarm 78 is searching section 621
Bee swarm 78 did not find Winnie the Pooh in section 621 and returned to the hive
Bee swarm 24 is searching section 615
Bee swarm 24 did not find Winnie the Pooh in section 615 and returned to the hive
Bee swarm 114 is searching section 579
Bee swarm 114 did not find Winnie the Pooh in section 579 and returned to the hive
Bee swarm 159 is searching section 543
Bee swarm 159 did not find Winnie the Pooh in section 543 and returned to the hive
Bee swarm 190 is searching section 591
Bee swarm 190 did not find Winnie the Pooh in section 591 and returned to the hive
Bee swarm 49 is searching section 550
Bee swarm 49 did not find Winnie the Pooh in section 550 and returned to the hive
Bee swarm 66 is searching section 614
Bee swarm 66 did not find Winnie the Pooh in section 614 and returned to the hive
Bee swarm 44 is searching section 575
Bee swarm 44 did not find Winnie the Pooh in section 575 and returned to the hive
Bee swarm 127 is searching section 629
Bee swarm 127 did not find Winnie the Pooh in section 629 and returned to the hive
Bee swarm 25 is searching section 626
Bee swarm 25 did not find Winnie the Pooh in section 626 and returned to the hive
Bee swarm 160 is searching section 611
Bee swarm 160 did not find Winnie the Pooh in section 611 and returned to the hive
Bee swarm 116 is searching section 574
Bee swarm 116 did not find Winnie the Pooh in section 574 and returned to the hive
Bee swarm 195 is searching section 557
Bee swarm 195 did not find Winnie the Pooh in section 557 and returned to the hive
Bee swarm 119 is searching section 540
Bee swarm 119 did not find Winnie the Pooh in section 540 and returned to the hive
Bee swarm 153 is searching section 560
Bee swarm 153 did not find Winnie the Pooh in section 560 and returned to the hive
Bee swarm 188 is searching section 583
Bee swarm 188 did not find Winnie the Pooh in section 583 and returned to the hive
Bee swarm 12 is searching section 570
Bee swarm 12 did not find Winnie the Pooh in section 570 and returned to the hive
Bee swarm 38 is searching section 639
Bee swarm 38 did not find Winnie the Pooh in section 639 and returned to the hive
Bee swarm 57 is searching section 618
Bee swarm 57 did not find Winnie the Pooh in section 618 and returned to the hive
Bee swarm 62 is searching section 607
Bee swarm 62 did not find Winnie the Pooh in section 607 and returned to the hive
Bee swarm 111 is searching section 612
Bee swarm 111 did not find Winnie the Pooh in section 612 and returned to the hive
Bee swarm 179 is searching section 604
Bee swarm 179 did not find Winnie the Pooh in section 604 and returned to the hive
Bee swarm 14 is searching section 641
Bee swarm 14 did not find Winnie the Pooh in section 641 and returned to the hive
Bee swarm 36 is searching section 633
Bee swarm 36 did not find Winnie the Pooh in section 633 and returned to the hive
Bee swarm 19 is searching section 646
Bee swarm 19 did not find Winnie the Pooh in section 646 and returned to the hive
Bee swarm 92 is searching section 667
Bee swarm 92 did not find Winnie the Pooh in section 667 and returned to the hive
Bee swarm 41 is searching section 664
Bee swarm 41 did not find Winnie the Pooh in section 664 and returned to the hive
Bee swarm 76 is searching section 656
Bee swarm 76 did not find Winnie the Pooh in section 656 and returned to the hive
Bee swarm 183 is searching section 593
Bee swarm 183 did not find Winnie the Pooh in section 593 and returned to the hive
Bee swarm 126 is searching section 672
Bee swarm 126 did not find Winnie the Pooh in section 672 and returned to the hive
Bee swarm 17 is searching section 680
Bee swarm 17 did not find Winnie the Pooh in section 680 and returned to the hive
Bee swarm 39 is searching section 625
Bee swarm 39 did not find Winnie the Pooh in section 625 and returned to the hive
Bee swarm 140 is searching section 617
Bee swarm 140 did not find Winnie the Pooh in section 617 and returned to the hive
Bee swarm 117 is searching section 568
Bee swarm 117 did not find Winnie the Pooh in section 568 and returned to the hive
Bee swarm 185 is searching section 630
Bee swarm 185 did not find Winnie the Pooh in section 630 and returned to the hive
Bee swarm 77 is searching section 652
Bee swarm 77 did not find Winnie the Pooh in section 652 and returned to the hive
Bee swarm 83 is searching section 632
Bee swarm 83 did not find Winnie the Pooh in section 632 and returned to the hive
Bee swarm 2 is searching section 606
Bee swarm 2 did not find Winnie the Pooh in section 606 and returned to the hive
Bee swarm 152 is searching section 595
Bee swarm 152 did not find Winnie the Pooh in section 595 and returned to the hive
Bee swarm 120 is searching section 638
Bee swarm 120 did not find Winnie the Pooh in section 638 and returned to the hive
Bee swarm 13 is searching section 697
Bee swarm 13 did not find Winnie the Pooh in section 697 and returned to the hive
Bee swarm 28 is searching section 703
Bee swarm 28 did not find Winnie the Pooh in section 703 and returned to the hive
Bee swarm 194 is searching section 620
Bee swarm 194 did not find Winnie the Pooh in section 620 and returned to the hive
Bee swarm 107 is searching section 696
Bee swarm 107 did not find Winnie the Pooh in section 696 and returned to the hive
Bee swarm 105 is searching section 706
Bee swarm 105 did not find Winnie the Pooh in section 706 and returned to the hive
Bee swarm 31 is searching section 691
Bee swarm 31 did not find Winnie the Pooh in section 691 and returned to the hive
Bee swarm 85 is searching section 601
Bee swarm 85 did not find Winnie the Pooh in section 601 and returned to the hive
Bee swarm 18 is searching section 673
Bee swarm 18 did not find Winnie the Pooh in section 673 and returned to the hive
Bee swarm 191 is searching section 598
Bee swarm 191 did not find Winnie the Pooh in section 598 and returned to the hive
Bee swarm 193 is searching section 605
Bee swarm 193 did not find Winnie the Pooh in section 605 and returned to the hive
Bee swarm 123 is searching section 623
Bee swarm 123 did not find Winnie the Pooh in section 623 and returned to the hive
Bee swarm 154 is searching section 707
Bee swarm 154 did not find Winnie the Pooh in section 707 and returned to the hive
Bee swarm 56 is searching section 600
Bee swarm 56 did not find Winnie the Pooh in section 600 and returned to the hive
Bee swarm 148 is searching section 596
Bee swarm 148 did not find Winnie the Pooh in section 596 and returned to the hive
Bee swarm 9 is searching section 599
Bee swarm 9 did not find Winnie the Pooh in section 599 and returned to the hive
Bee swarm 113 is searching section 616
Bee swarm 113 did not find Winnie the Pooh in section 616 and returned to the hive
Bee swarm 73 is searching section 642
Bee swarm 73 did not find Winnie the Pooh in section 642 and returned to the hive
Bee swarm 139 is searching section 682
Bee swarm 139 did not find Winnie the Pooh in section 682 and returned to the hive
Bee swarm 184 is searching section 695
Bee swarm 184 did not find Winnie the Pooh in section 695 and returned to the hive
Bee swarm 50 is searching section 689
Bee swarm 50 did not find Winnie the Pooh in section 689 and returned to the hive
Bee swarm 71 is searching section 722
Bee swarm 71 did not find Winnie the Pooh in section 722 and returned to the hive
Bee swarm 60 is searching section 710
Bee swarm 60 did not find Winnie the Pooh in section 710 and returned to the hive
Bee swarm 37 is searching section 733
Bee swarm 37 did not find Winnie the Pooh in section 733 and returned to the hive
Bee swarm 121 is searching section 645
Bee swarm 121 did not find Winnie the Pooh in section 645 and returned to the hive
Bee swarm 128 is searching section 635
Bee swarm 128 did not find Winnie the Pooh in section 635 and returned to the hive
Bee swarm 6 is searching section 665
Bee swarm 6 did not find Winnie the Pooh in section 665 and returned to the hive
Bee swarm 34 is searching section 675
Bee swarm 34 did not find Winnie the Pooh in section 675 and returned to the hive
Bee swarm 61 is searching section 700
Bee swarm 61 did not find Winnie the Pooh in section 700 and returned to the hive
Bee swarm 10 is searching section 681
Bee swarm 10 did not find Winnie the Pooh in section 681 and returned to the hive
Bee swarm 130 is searching section 712
Bee swarm 130 did not find Winnie the Pooh in section 712 and returned to the hive
Bee swarm 163 is searching section 649
Bee swarm 163 did not find Winnie the Pooh in section 649 and returned to the hive
Bee swarm 134 is searching section 631
Bee swarm 134 did not find Winnie the Pooh in section 631 and returned to the hive
Bee swarm 200 is searching section 662
Bee swarm 200 did not find Winnie the Pooh in section 662 and returned to the hive
Bee swarm 54 is searching section 609
Bee swarm 54 did not find Winnie the Pooh in section 609 and returned to the hive
Bee swarm 15 is searching section 688
Bee swarm 15 did not find Winnie the Pooh in section 688 and returned to the hive
Bee swarm 20 is searching section 736
Bee swarm 20 did not find Winnie the Pooh in section 736 and returned to the hive
Bee swarm 42 is searching section 724
Bee swarm 42 did not find Winnie the Pooh in section 724 and returned to the hive
Bee swarm 63 is searching section 663
Bee swarm 63 did not find Winnie the Pooh in section 663 and returned to the hive
Bee swarm 141 is searching section 648
Bee swarm 141 did not find Winnie the Pooh in section 648 and returned to the hive
Bee swarm 165 is searching section 677
Bee swarm 165 did not find Winnie the Pooh in section 677 and returned to the hive
Bee swarm 125 is searching section 679
Bee swarm 125 did not find Winnie the Pooh in section 679 and returned to the hive
Bee swarm 158 is searching section 643
Bee swarm 158 did not find Winnie the Pooh in section 643 and returned to the hive
Bee swarm 65 is searching section 692
Bee swarm 65 did not find Winnie the Pooh in section 692 and returned to the hive
Bee swarm 103 is searching section 666
Bee swarm 103 did not find Winnie the Pooh in section 666 and returned to the hive
Bee swarm 138 is searching section 728
Bee swarm 138 did not find Winnie the Pooh in section 728 and returned to the hive
Bee swarm 122 is searching section 644
Bee swarm 122 did not find Winnie the Pooh in section 644 and returned to the hive
Bee swarm 86 is searching section 701
Bee swarm 86 did not find Winnie the Pooh in section 701 and returned to the hive
Bee swarm 93 is searching section 740
Bee swarm 93 did not find Winnie the Pooh in section 740 and returned to the hive
Bee swarm 174 is searching section 628
Bee swarm 174 did not find Winnie the Pooh in section 628 and returned to the hive
Bee swarm 108 is searching section 634
Bee swarm 108 did not find Winnie the Pooh in section 634 and returned to the hive
Bee swarm 51 is searching section 698
Bee swarm 51 did not find Winnie the Pooh in section 698 and returned to the hive
Bee swarm 167 is searching section 636
Bee swarm 167 did not find Winnie the Pooh in section 636 and returned to the hive
Bee swarm 64 is searching section 748
Bee swarm 64 did not find Winnie the Pooh in section 748 and returned to the hive
Bee swarm 157 is searching section 741
Bee swarm 157 did not find Winnie the Pooh in section 741 and returned to the hive
Bee swarm 58 is searching section 751
Bee swarm 58 did not find Winnie the Pooh in section 751 and returned to the hive
Bee swarm 70 is searching section 627
Bee swarm 70 did not find Winnie the Pooh in section 627 and returned to the hive
Bee swarm 171 is searching section 705
Bee swarm 171 did not find Winnie the Pooh in section 705 and returned to the hive
Bee swarm 27 is searching section 650
Bee swarm 27 did not find Winnie the Pooh in section 650 and returned to the hive
Bee swarm 43 is searching section 761
Bee swarm 43 did not find Winnie the Pooh in section 761 and returned to the hive
Bee swarm 199 is searching section 718
Bee swarm 199 did not find Winnie the Pooh in section 718 and returned to the hive
Bee swarm 11 is searching section 742
Bee swarm 11 did not find Winnie the Pooh in section 742 and returned to the hive
Bee swarm 79 is searching section 655
Bee swarm 79 did not find Winnie the Pooh in section 655 and returned to the hive
Bee swarm 8 is searching section 732
Bee swarm 8 did not find Winnie the Pooh in section 732 and returned to the hive
Bee swarm 7 is searching section 716
Bee swarm 7 did not find Winnie the Pooh in section 716 and returned to the hive
Bee swarm 95 is searching section 714
Bee swarm 95 did not find Winnie the Pooh in section 714 and returned to the hive
Bee swarm 115 is searching section 690
Bee swarm 115 did not find Winnie the Pooh in section 690 and returned to the hive
Bee swarm 94 is searching section 763
Bee swarm 94 did not find Winnie the Pooh in section 763 and returned to the hive
Bee swarm 169 is searching section 762
Bee swarm 169 did not find Winnie the Pooh in section 762 and returned to the hive
Bee swarm 67 is searching section 737
Bee swarm 67 did not find Winnie the Pooh in section 737 and returned to the hive
Bee swarm 133 is searching section 771
Bee swarm 133 did not find Winnie the Pooh in section 771 and returned to the hive
Bee swarm 156 is searching section 747
Bee swarm 156 did not find Winnie the Pooh in section 747 and returned to the hive
Bee swarm 81 is searching section 711
Bee swarm 81 did not find Winnie the Pooh in section 711 and returned to the hive
Bee swarm 151 is searching section 717
Bee swarm 151 did not find Winnie the Pooh in section 717 and returned to the hive
Bee swarm 45 is searching section 723
Bee swarm 45 did not find Winnie the Pooh in section 723 and returned to the hive
Bee swarm 164 is searching section 640
Bee swarm 164 did not find Winnie the Pooh in section 640 and returned to the hive
Bee swarm 155 is searching section 669
Bee swarm 155 did not find Winnie the Pooh in section 669 and returned to the hive
Bee swarm 132 is searching section 657
Bee swarm 132 did not find Winnie the Pooh in section 657 and returned to the hive
Bee swarm 59 is searching section 720
Bee swarm 59 did not find Winnie the Pooh in section 720 and returned to the hive
Bee swarm 187 is searching section 670
Bee swarm 187 did not find Winnie the Pooh in section 670 and returned to the hive
Bee swarm 166 is searching section 702
Bee swarm 166 did not find Winnie the Pooh in section 702 and returned to the hive
Bee swarm 170 is searching section 725
Bee swarm 170 did not find Winnie the Pooh in section 725 and returned to the hive
Bee swarm 74 is searching section 708
Bee swarm 74 did not find Winnie the Pooh in section 708 and returned to the hive
Bee swarm 53 is searching section 653
Bee swarm 53 did not find Winnie the Pooh in section 653 and returned to the hive
Bee swarm 89 is searching section 654
Bee swarm 89 did not find Winnie the Pooh in section 654 and returned to the hive
Bee swarm 22 is searching section 671
Bee swarm 22 did not find Winnie the Pooh in section 671 and returned to the hive
Bee swarm 143 is searching section 684
Bee swarm 143 did not find Winnie the Pooh in section 684 and returned to the hive
Bee swarm 149 is searching section 726
Bee swarm 149 did not find Winnie the Pooh in section 726 and returned to the hive
Bee swarm 72 is searching section 699
Bee swarm 72 did not find Winnie the Pooh in section 699 and returned to the hive
Bee swarm 35 is searching section 729
Bee swarm 35 did not find Winnie the Pooh in section 729 and returned to the hive
Bee swarm 90 is searching section 713
Bee swarm 90 did not find Winnie the Pooh in section 713 and returned to the hive
Bee swarm 16 is searching section 694
Bee swarm 16 did not find Winnie the Pooh in section 694 and returned to the hive
Bee swarm 106 is searching section 651
Bee swarm 106 did not find Winnie the Pooh in section 651 and returned to the hive
Bee swarm 189 is searching section 647
Bee swarm 189 did not find Winnie the Pooh in section 647 and returned to the hive
Bee swarm 118 is searching section 768
Bee swarm 118 did not find Winnie the Pooh in section 768 and returned to the hive
Bee swarm 131 is searching section 750
Bee swarm 131 did not find Winnie the Pooh in section 750 and returned to the hive
Bee swarm 29 is searching section 678
Bee swarm 29 did not find Winnie the Pooh in section 678 and returned to the hive
Bee swarm 75 is searching section 658
Bee swarm 75 did not find Winnie the Pooh in section 658 and returned to the hive
Bee swarm 142 is searching section 749
Bee swarm 142 did not find Winnie the Pooh in section 749 and returned to the hive
Bee swarm 30 is searching section 785
Bee swarm 30 did not find Winnie the Pooh in section 785 and returned to the hive
Bee swarm 162 is searching section 674
Bee swarm 162 did not find Winnie the Pooh in section 674 and returned to the hive
Bee swarm 198 is searching section 659
Bee swarm 198 did not find Winnie the Pooh in section 659 and returned to the hive
Bee swarm 33 is searching section 709
Bee swarm 33 did not find Winnie the Pooh in section 709 and returned to the hive
Bee swarm 168 is searching section 660
Bee swarm 168 did not find Winnie the Pooh in section 660 and returned to the hive
Bee swarm 144 is searching section 661
Bee swarm 144 did not find Winnie the Pooh in section 661 and returned to the hive
Bee swarm 178 is searching section 753
Bee swarm 178 did not find Winnie the Pooh in section 753 and returned to the hive
Bee swarm 68 is searching section 758
Bee swarm 68 did not find Winnie the Pooh in section 758 and returned to the hive
Bee swarm 172 is searching section 765
Bee swarm 172 did not find Winnie the Pooh in section 765 and returned to the hive
Bee swarm 173 is searching section 760
Bee swarm 173 did not find Winnie the Pooh in section 760 and returned to the hive
Bee swarm 180 is searching section 773
Bee swarm 180 did not find Winnie the Pooh in section 773 and returned to the hive
Bee swarm 21 is searching section 756
Bee swarm 21 did not find Winnie the Pooh in section 756 and returned to the hive
Bee swarm 192 is searching section 668
Bee swarm 192 did not find Winnie the Pooh in section 668 and returned to the hive
Bee swarm 55 is searching section 693
Bee swarm 55 did not find Winnie the Pooh in section 693 and returned to the hive
Bee swarm 129 is searching section 767
Bee swarm 129 did not find Winnie the Pooh in section 767 and returned to the hive
Bee swarm 177 is searching section 687
Bee swarm 177 did not find Winnie the Pooh in section 687 and returned to the hive
Bee swarm 127 is searching section 799
Bee swarm 127 did not find Winnie the Pooh in section 799 and returned to the hive
Bee swarm 150 is searching section 683
Bee swarm 150 did not find Winnie the Pooh in section 683 and returned to the hive
Bee swarm 145 is searching section 739
Bee swarm 145 did not find Winnie the Pooh in section 739 and returned to the hive
Bee swarm 186 is searching section 786
Bee swarm 186 did not find Winnie the Pooh in section 786 and returned to the hive
Bee swarm 110 is searching section 775
Bee swarm 110 did not find Winnie the Pooh in section 775 and returned to the hive
Bee swarm 87 is searching section 790
Bee swarm 87 did not find Winnie the Pooh in section 790 and returned to the hive
Bee swarm 62 is searching section 811
Bee swarm 62 did not find Winnie the Pooh in section 811 and returned to the hive
Bee swarm 52 is searching section 746
Bee swarm 52 did not find Winnie the Pooh in section 746 and returned to the hive
Bee swarm 176 is searching section 685
Bee swarm 176 did not find Winnie the Pooh in section 685 and returned to the hive
Bee swarm 159 is searching section 794
Bee swarm 159 did not find Winnie the Pooh in section 794 and returned to the hive
Bee swarm 136 is searching section 787
Bee swarm 136 did not find Winnie the Pooh in section 787 and returned to the hive
Bee swarm 5 is searching section 704
Bee swarm 5 did not find Winnie the Pooh in section 704 and returned to the hive
Bee swarm 49 is searching section 796
Bee swarm 49 did not find Winnie the Pooh in section 796 and returned to the hive
Bee swarm 183 is searching section 820
Bee swarm 183 did not find Winnie the Pooh in section 820 and returned to the hive
Bee swarm 84 is searching section 744
Bee swarm 84 did not find Winnie the Pooh in section 744 and returned to the hive
Bee swarm 146 is searching section 686
Bee swarm 146 did not find Winnie the Pooh in section 686 and returned to the hive
Bee swarm 32 is searching section 777
Bee swarm 32 did not find Winnie the Pooh in section 777 and returned to the hive
Bee swarm 23 is searching section 743
Bee swarm 23 did not find Winnie the Pooh in section 743 and returned to the hive
Bee swarm 196 is searching section 766
Bee swarm 196 did not find Winnie the Pooh in section 766 and returned to the hive
Bee swarm 197 is searching section 754
Bee swarm 197 did not find Winnie the Pooh in section 754 and returned to the hive
Bee swarm 119 is searching section 804
Bee swarm 119 did not find Winnie the Pooh in section 804 and returned to the hive
Bee swarm 160 is searching section 801
Bee swarm 160 did not find Winnie the Pooh in section 801 and returned to the hive
Bee swarm 161 is searching section 727
Bee swarm 161 did not find Winnie the Pooh in section 727 and returned to the hive
Bee swarm 47 is searching section 783
Bee swarm 47 did not find Winnie the Pooh in section 783 and returned to the hive
Bee swarm 99 is searching section 730
Bee swarm 99 did not find Winnie the Pooh in section 730 and returned to the hive
Bee swarm 175 is searching section 772
Bee swarm 175 did not find Winnie the Pooh in section 772 and returned to the hive
Bee swarm 190 is searching section 795
Bee swarm 190 did not find Winnie the Pooh in section 795 and returned to the hive
Bee swarm 101 is searching section 764
Bee swarm 101 did not find Winnie the Pooh in section 764 and returned to the hive
Bee swarm 97 is searching section 778
Bee swarm 97 did not find Winnie the Pooh in section 778 and returned to the hive
Bee swarm 41 is searching section 818
Bee swarm 41 did not find Winnie the Pooh in section 818 and returned to the hive
Bee swarm 124 is searching section 721
Bee swarm 124 did not find Winnie the Pooh in section 721 and returned to the hive
Bee swarm 78 is searching section 791
Bee swarm 78 did not find Winnie the Pooh in section 791 and returned to the hive
Bee swarm 76 is searching section 819
Bee swarm 76 did not find Winnie the Pooh in section 819 and returned to the hive
hing section 687
Bee swarm 177 did not find Winnie the Pooh in section 687 and returned to the hive
Bee swarm 127 is searching section 799
Bee swarm 127 did not find Winnie the Pooh in section 799 and returned to the hive
Bee swarm 150 is searching section 683
Bee swarm 150 did not find Winnie the Pooh in section 683 and returned to the hive
Bee swarm 145 is searching section 739
Bee swarm 145 did not find Winnie the Pooh in section 739 and returned to the hive
Bee swarm 186 is searching section 786
Bee swarm 186 did not find Winnie the Pooh in section 786 and returned to the hive
Bee swarm 110 is searching section 775
Bee swarm 110 did not find Winnie the Pooh in section 775 and returned to the hive
Bee swarm 87 is searching section 790
Bee swarm 87 did not find Winnie the Pooh in section 790 and returned to the hive
Bee swarm 62 is searching section 811
Bee swarm 62 did not find Winnie the Pooh in section 811 and returned to the hive
Bee swarm 52 is searching section 746
Bee swarm 52 did not find Winnie the Pooh in section 746 and returned to the hive
Bee swarm 176 is searching section 685
Bee swarm 176 did not find Winnie the Pooh in section 685 and returned to the hive
Bee swarm 159 is searching section 794
Bee swarm 159 did not find Winnie the Pooh in section 794 and returned to the hive
Bee swarm 136 is searching section 787
Bee swarm 136 did not find Winnie the Pooh in section 787 and returned to the hive
Bee swarm 5 is searching section 704
Bee swarm 5 did not find Winnie the Pooh in section 704 and returned to the hive
Bee swarm 49 is searching section 796
Bee swarm 49 did not find Winnie the Pooh in section 796 and returned to the hive
Bee swarm 183 is searching section 820
Bee swarm 183 did not find Winnie the Pooh in section 820 and returned to the hive
Bee swarm 84 is searching section 744
Bee swarm 84 did not find Winnie the Pooh in section 744 and returned to the hive
Bee swarm 146 is searching section 686
Bee swarm 146 did not find Winnie the Pooh in section 686 and returned to the hive
Bee swarm 32 is searching section 777
Bee swarm 32 did not find Winnie the Pooh in section 777 and returned to the hive
Bee swarm 23 is searching section 743
Bee swarm 23 did not find Winnie the Pooh in section 743 and returned to the hive
Bee swarm 196 is searching section 766
Bee swarm 196 did not find Winnie the Pooh in section 766 and returned to the hive
Bee swarm 197 is searching section 754
Bee swarm 197 did not find Winnie the Pooh in section 754 and returned to the hive
Bee swarm 119 is searching section 804
Bee swarm 119 did not find Winnie the Pooh in section 804 and returned to the hive
Bee swarm 160 is searching section 801
Bee swarm 160 did not find Winnie the Pooh in section 801 and returned to the hive
Bee swarm 161 is searching section 727
Bee swarm 161 did not find Winnie the Pooh in section 727 and returned to the hive
Bee swarm 47 is searching section 783
Bee swarm 47 did not find Winnie the Pooh in section 783 and returned to the hive
Bee swarm 99 is searching section 730
Bee swarm 99 did not find Winnie the Pooh in section 730 and returned to the hive
Bee swarm 175 is searching section 772
Bee swarm 175 did not find Winnie the Pooh in section 772 and returned to the hive
Bee swarm 190 is searching section 795
Bee swarm 190 did not find Winnie the Pooh in section 795 and returned to the hive
Bee swarm 101 is searching section 764
Bee swarm 101 did not find Winnie the Pooh in section 764 and returned to the hive
Bee swarm 97 is searching section 778
Bee swarm 97 did not find Winnie the Pooh in section 778 and returned to the hive
Bee swarm 41 is searching section 818
Bee swarm 41 did not find Winnie the Pooh in section 818 and returned to the hive
Bee swarm 124 is searching section 721
Bee swarm 124 did not find Winnie the Pooh in section 721 and returned to the hive
Bee swarm 78 is searching section 791
Bee swarm 78 did not find Winnie the Pooh in section 791 and returned to the hive
Bee swarm 76 is searching section 819
Bee swarm 76 did not find Winnie the Pooh in section 819 and reBee swarm 77 is searching section 827
Bee swarm 77 did not find Winnie the Pooh in section 827 and returned to the hive
Bee swarm 3 is searching section 769
Bee swarm 3 did not find Winnie the Pooh in section 769 and returned to the hive
Bee swarm 24 is searching section 792
Bee swarm 24 did not find Winnie the Pooh in section 792 and returned to the hive
Bee swarm 57 is searching section 809
Bee swarm 57 did not find Winnie the Pooh in section 809 and returned to the hive
Bee swarm 147 is searching section 745
Bee swarm 147 did not find Winnie the Pooh in section 745 and returned to the hive
Bee swarm 135 is searching section 789
Bee swarm 135 did not find Winnie the Pooh in section 789 and returned to the hive
Bee swarm 100 is searching section 757
Bee swarm 100 did not find Winnie the Pooh in section 757 and returned to the hive
Bee swarm 40 is searching section 735
Bee swarm 40 did not find Winnie the Pooh in section 735 and returned to the hive
Bee swarm 181 is searching section 738
Bee swarm 181 did not find Winnie the Pooh in section 738 and returned to the hive
Bee swarm 91 is searching section 788
Bee swarm 91 did not find Winnie the Pooh in section 788 and returned to the hive
Bee swarm 191 is searching section 840
Bee swarm 191 did not find Winnie the Pooh in section 840 and returned to the hive
Bee swarm 1 is searching section 719
Bee swarm 1 did not find Winnie the Pooh in section 719 and returned to the hive
Bee swarm 153 is searching section 805
Bee swarm 153 did not find Winnie the Pooh in section 805 and returned to the hive
Bee swarm 82 is searching section 731
Bee swarm 82 did not find Winnie the Pooh in section 731 and returned to the hive
Bee swarm 109 is searching section 774
Bee swarm 109 did not find Winnie the Pooh in section 774 and returned to the hive
Bee swarm 182 is searching section 752
Bee swarm 182 did not find Winnie the Pooh in section 752 and returned to the hive
Bee swarm 152 is searching section 830
Bee swarm 152 did not find Winnie the Pooh in section 830 and returned to the hive
Bee swarm 25 is searching section 800
Bee swarm 25 did not find Winnie the Pooh in section 800 and returned to the hive
Bee swarm 137 is searching section 782
Bee swarm 137 did not find Winnie the Pooh in section 782 and returned to the hive
Bee swarm 116 is searching section 802
Bee swarm 116 did not find Winnie the Pooh in section 802 and returned to the hive
Bee swarm 14 is searching section 814
Bee swarm 14 did not find Winnie the Pooh in section 814 and returned to the hive
Bee swarm 4 is searching section 770
Bee swarm 4 did not find Winnie the Pooh in section 770 and returned to the hive
Bee swarm 44 is searching section 798
Bee swarm 44 did not find Winnie the Pooh in section 798 and returned to the hive
Bee swarm 69 is searching section 734
Bee swarm 69 did not find Winnie the Pooh in section 734 and returned to the hive
Bee swarm 31 is searching section 837
Bee swarm 31 did not find Winnie the Pooh in section 837 and returned to the hive
Bee swarm 83 is searching section 828
Bee swarm 83 did not find Winnie the Pooh in section 828 and returned to the hive
Bee swarm 148 is searching section 845
Bee swarm 148 did not find Winnie the Pooh in section 845 and returned to the hive
Bee swarm 92 is searching section 817
Bee swarm 92 did not find Winnie the Pooh in section 817 and returned to the hive
Bee swarm 112 is searching section 759
Bee swarm 112 did not find Winnie the Pooh in section 759 and returned to the hive
Bee swarm 73 is searching section 848
Bee swarm 73 did not find Winnie the Pooh in section 848 and returned to the hive
Bee swarm 188 is searching section 806
Bee swarm 188 did not find Winnie the Pooh in section 806 and returned to the hive
Bee swarm 71 is searching section 852
Bee swarm 71 did not find Winnie the Pooh in section 852 and returned to the hive
Bee swarm 48 is searching section 755
Bee swarm 48 did not find Winnie the Pooh in section 755 and returned to the hive
Bee swarm 38 is searching section 808
Bee swarm 38 did not find Winnie the Pooh in section 808 and returned to the hive
Bee swarm 36 is searching section 815
Bee swarm 36 did not find Winnie the Pooh in section 815 and returned to the hive
Bee swarm 194 is searching section 834
Bee swarm 194 did not find Winnie the Pooh in section 834 and returned to the hive
Bee swarm 42 is searching section 868
Bee swarm 42 did not find Winnie the Pooh in section 868 and returned to the hive
Bee swarm 104 is searching section 781
Bee swarm 104 did not find Winnie the Pooh in section 781 and returned to the hive
Bee swarm 125 is searching section 873
Bee swarm 125 did not find Winnie the Pooh in section 873 and returned to the hive
Bee swarm 85 is searching section 838
Bee swarm 85 did not find Winnie the Pooh in section 838 and returned to the hive
Bee swarm 60 is searching section 853
Bee swarm 60 did not find Winnie the Pooh in section 853 and returned to the hive
Bee swarm 126 is searching section 821
Bee swarm 126 did not find Winnie the Pooh in section 821 and returned to the hive
Bee swarm 86 is searching section 879
Bee swarm 86 did not find Winnie the Pooh in section 879 and returned to the hive
Bee swarm 102 is searching section 810
Bee swarm 102 did not find Winnie the Pooh in section 810 and returned to the hive
Bee swarm 39 is searching section 823
Bee swarm 39 did not find Winnie the Pooh in section 823 and returned to the hive
Bee swarm 200 is searching section 864
Bee swarm 200 did not find Winnie the Pooh in section 864 and returned to the hive
Bee swarm 80 is searching section 779
Bee swarm 80 did not find Winnie the Pooh in section 779 and returned to the hive
Bee swarm 117 is searching section 825
Bee swarm 117 did not find Winnie the Pooh in section 825 and returned to the hive
Bee swarm 195 is searching section 803
Bee swarm 195 did not find Winnie the Pooh in section 803 and returned to the hive
Bee swarm 66 is searching section 797
Bee swarm 66 did not find Winnie the Pooh in section 797 and returned to the hive
Bee swarm 96 is searching section 776
Bee swarm 96 did not find Winnie the Pooh in section 776 and returned to the hive
Bee swarm 19 is searching section 816
Bee swarm 19 did not find Winnie the Pooh in section 816 and returned to the hive
Bee swarm 111 is searching section 812
Bee swarm 111 did not find Winnie the Pooh in section 812 and returned to the hive
Bee swarm 114 is searching section 793
Bee swarm 114 did not find Winnie the Pooh in section 793 and returned to the hive
Bee swarm 79 is searching section 894
Bee swarm 79 did not find Winnie the Pooh in section 894 and returned to the hive
Bee swarm 46 is searching section 869
Bee swarm 46 did not find Winnie the Pooh in section 869 and returned to the hive
Bee swarm 88 is searching section 780
Bee swarm 88 did not find Winnie the Pooh in section 780 and returned to the hive
Bee swarm 166 is searching section 912
Bee swarm 166 did not find Winnie the Pooh in section 912 and returned to the hive
Bee swarm 15 is searching section 866
Bee swarm 15 did not find Winnie the Pooh in section 866 and returned to the hive
Bee swarm 138 is searching section 877
Bee swarm 138 did not find Winnie the Pooh in section 877 and returned to the hive
Bee swarm 27 is searching section 890
Bee swarm 27 did not find Winnie the Pooh in section 890 and returned to the hive
Bee swarm 107 is searching section 835
Bee swarm 107 did not find Winnie the Pooh in section 835 and returned to the hive
Bee swarm 98 is searching section 784
Bee swarm 98 did not find Winnie the Pooh in section 784 and returned to the hive
Bee swarm 103 is searching section 876
Bee swarm 103 did not find Winnie the Pooh in section 876 and returned to the hive
Bee swarm 17 is searching section 822
Bee swarm 17 did not find Winnie the Pooh in section 822 and returned to the hive
Bee swarm 154 is searching section 843
Bee swarm 154 did not find Winnie the Pooh in section 843 and returned to the hive
Bee swarm 179 is searching section 813
Bee swarm 179 did not find Winnie the Pooh in section 813 and returned to the hive
Bee swarm 11 is searching section 893
Bee swarm 11 did not find Winnie the Pooh in section 893 and returned to the hive
Bee swarm 184 is searching section 850
Bee swarm 184 did not find Winnie the Pooh in section 850 and returned to the hive
Bee swarm 45 is searching section 906
Bee swarm 45 did not find Winnie the Pooh in section 906 and returned to the hive
Bee swarm 156 is searching section 903
Bee swarm 156 did not find Winnie the Pooh in section 903 and returned to the hive
Bee swarm 171 is searching section 889
Bee swarm 171 did not find Winnie the Pooh in section 889 and returned to the hive
Bee swarm 120 is searching section 831
Bee swarm 120 did not find Winnie the Pooh in section 831 and returned to the hive
Bee swarm 9 is searching section 846
Bee swarm 9 did not find Winnie the Pooh in section 846 and returned to the hive
Bee swarm 140 is searching section 824
Bee swarm 140 did not find Winnie the Pooh in section 824 and returned to the hive
Bee swarm 89 is searching section 916
Bee swarm 89 did not find Winnie the Pooh in section 916 and returned to the hive
Bee swarm 43 is searching section 891
Bee swarm 43 did not find Winnie the Pooh in section 891 and returned to the hive
Bee swarm 199 is searching section 892
Bee swarm 199 did not find Winnie the Pooh in section 892 and returned to the hive
Bee swarm 2 is searching section 829
Bee swarm 2 did not find Winnie the Pooh in section 829 and returned to the hive
Bee swarm 185 is searching section 826
Bee swarm 185 did not find Winnie the Pooh in section 826 and returned to the hive
Bee swarm 13 is searching section 832
Bee swarm 13 did not find Winnie the Pooh in section 832 and returned to the hive
Bee swarm 106 is searching section 924
Bee swarm 106 did not find Winnie the Pooh in section 924 and returned to the hive
Bee swarm 18 is searching section 839
Bee swarm 18 did not find Winnie the Pooh in section 839 and returned to the hive
Bee swarm 54 is searching section 865
Bee swarm 54 did not find Winnie the Pooh in section 865 and returned to the hive
Bee swarm 30 is searching section 931
Bee swarm 30 did not find Winnie the Pooh in section 931 and returned to the hive
Bee swarm 7 is searching section 896
Bee swarm 7 did not find Winnie the Pooh in section 896 and returned to the hive
Bee swarm 37 is searching section 854
Bee swarm 37 did not find Winnie the Pooh in section 854 and returned to the hive
Bee swarm 165 is searching section 872
Bee swarm 165 did not find Winnie the Pooh in section 872 and returned to the hive
Bee swarm 170 is searching section 913
Bee swarm 170 did not find Winnie the Pooh in section 913 and returned to the hive
Bee swarm 65 is searching section 875
Bee swarm 65 did not find Winnie the Pooh in section 875 and returned to the hive
Bee swarm 50 is searching section 851
Bee swarm 50 did not find Winnie the Pooh in section 851 and returned to the hive
Bee swarm 177 is searching section 946
Bee swarm 177 did not find Winnie the Pooh in section 946 and returned to the hive
Bee swarm 157 is searching section 886
Bee swarm 157 did not find Winnie the Pooh in section 886 and returned to the hive
Bee swarm 192 is searching section 943
Bee swarm 192 did not find Winnie the Pooh in section 943 and returned to the hive
Bee swarm 130 is searching section 861
Bee swarm 130 did not find Winnie the Pooh in section 861 and returned to the hive
Bee swarm 108 is searching section 882
Bee swarm 108 did not find Winnie the Pooh in section 882 and returned to the hive
Bee swarm 122 is searching section 878
Bee swarm 122 did not find Winnie the Pooh in section 878 and returned to the hive
Bee swarm 62 is searching section 953
Bee swarm 62 did not find Winnie the Pooh in section 953 and returned to the hive
Bee swarm 139 is searching section 849
Bee swarm 139 did not find Winnie the Pooh in section 849 and returned to the hive
Bee swarm 128 is searching section 856
Bee swarm 128 did not find Winnie the Pooh in section 856 and returned to the hive
Bee swarm 6 is searching section 857
Bee swarm 6 did not find Winnie the Pooh in section 857 and returned to the hive
Bee swarm 193 is searching section 841
Bee swarm 193 did not find Winnie the Pooh in section 841 and returned to the hive
is searching section 850
Bee swarm 184 did not find Winnie the Pooh in section 850 and returned to the hive
Bee swarm 45 is searching section 906
Bee swarm 45 did not find Winnie the Pooh in section 906 and returned to the hive
Bee swarm 156 is searching section 903
Bee swarm 156 did not find Winnie the Pooh in section 903 and returned to the hive
Bee swarm 171 is searching section 889
Bee swarm 171 did not find Winnie the Pooh in section 889 and returned to the hive
Bee swarm 120 is searching section 831
Bee swarm 120 did not find Winnie the Pooh in section 831 and returned to the hive
Bee swarm 9 is searching section 846
Bee swarm 9 did not find Winnie the Pooh in section 846 and returned to the hive
Bee swarm 140 is searching section 824
Bee swarm 140 did not find Winnie the Pooh in section 824 and returned to the hive
Bee swarm 89 is searching section 916
Bee swarm 89 did not find Winnie the Pooh in section 916 and returned to the hive
Bee swarm 43 is searching section 891
Bee swarm 43 did not find Winnie the Pooh in section 891 and returned to the hive
Bee swarm 199 is searching section 892
Bee swarm 199 did not find Winnie the Pooh in section 892 and returned to the hive
Bee swarm 2 is searching section 829
Bee swarm 2 did not find Winnie the Pooh in section 829 and returned to the hive
Bee swarm 185 is searching section 826
Bee swarm 185 did not find Winnie the Pooh in section 826 and returned to the hive
Bee swarm 13 is searching section 832
Bee swarm 13 did not find Winnie the Pooh in section 832 and returned to the hive
Bee swarm 106 is searching section 924
Bee swarm 106 did not find Winnie the Pooh in section 924 and returned to the hive
Bee swarm 18 is searching section 839
Bee swarm 18 did not find Winnie the Pooh in section 839 and returned to the hive
Bee swarm 54 is searching section 865
Bee swarm 54 did not find Winnie the Pooh in section 865 and returned to the hive
Bee swarm 30 is searching section 931
Bee swarm 30 did not find Winnie the Pooh in section 931 and returned to the hive
Bee swarm 7 is searching section 896
Bee swarm 7 did not find Winnie the Pooh in section 896 and returned to the hive
Bee swarm 37 is searching section 854
Bee swarm 37 did not find Winnie the Pooh in section 854 and returned to the hive
Bee swarm 165 is searching section 872
Bee swarm 165 did not find Winnie the Pooh in section 872 and returned to the hive
Bee swarm 170 is searching section 913
Bee swarm 170 did not find Winnie the Pooh in section 913 and returned to the hive
Bee swarm 65 is searching section 875
Bee swarm 65 did not find Winnie the Pooh in section 875 and returned to the hive
Bee swarm 50 is searching section 851
Bee swarm 50 did not find Winnie the Pooh in section 851 and returned to the hive
Bee swarm 177 is searching section 946
Bee swarm 177 did not find Winnie the Pooh in section 946 and returned to the hive
Bee swarm 157 is searching section 886
Bee swarm 157 did not find Winnie the Pooh in section 886 and returned to the hive
Bee swarm 192 is searching section 943
Bee swarm 192 did not find Winnie the Pooh in section 943 and returned to the hive
Bee swarm 130 is searching section 861
Bee swarm 130 did not find Winnie the Pooh in section 861 and returned to the hive
Bee swarm 108 is searching section 882
Bee swarm 108 did not find Winnie the Pooh in section 882 and returned to the hive
Bee swarm 122 is searching section 878
Bee swarm 122 did not find Winnie the Pooh in section 878 and returned to the hive
Bee swarm 62 is searching section 953
Bee swarm 62 did not find Winnie the Pooh in section 953 and returned to the hive
Bee swarm 139 is searching section 849
Bee swarm 139 did not find Winnie the Pooh in section 849 and returned to the hive
Bee swarm 128 is searching section 856
Bee swarm 128 did not find Winnie the Pooh in section 856 and returned to the hive
Bee swarm 6 is searching section 857
Bee swarm 6 did not find Winnie the Pooh in section 857 and returned to the hive
Bee swarm 193 is searching section 841
Bee swarm 193 did not find Winnie the Pooh in seBee swarm 53 is searching section 915
Bee swarm 53 did not find Winnie the Pooh in section 915 and returned to the hive
Bee swarm 134 is searching section 863
Bee swarm 134 did not find Winnie the Pooh in section 863 and returned to the hive
Bee swarm 113 is searching section 847
Bee swarm 113 did not find Winnie the Pooh in section 847 and returned to the hive
Bee swarm 159 is searching section 956
Bee swarm 159 did not find Winnie the Pooh in section 956 and returned to the hive
Bee swarm 20 is searching section 867
Bee swarm 20 did not find Winnie the Pooh in section 867 and returned to the hive
Bee swarm 49 is searching section 959
Bee swarm 49 did not find Winnie the Pooh in section 959 and returned to the hive
Bee swarm 81 is searching section 904
Bee swarm 81 did not find Winnie the Pooh in section 904 and returned to the hive
Bee swarm 32 is searching section 963
Bee swarm 32 did not find Winnie the Pooh in section 963 and returned to the hive
Bee swarm 173 is searching section 940
Bee swarm 173 did not find Winnie the Pooh in section 940 and returned to the hive
Bee swarm 35 is searching section 921
Bee swarm 35 did not find Winnie the Pooh in section 921 and returned to the hive
Bee swarm 169 is searching section 900
Bee swarm 169 did not find Winnie the Pooh in section 900 and returned to the hive
Bee swarm 10 is searching section 860
Bee swarm 10 did not find Winnie the Pooh in section 860 and returned to the hive
Bee swarm 123 is searching section 842
Bee swarm 123 did not find Winnie the Pooh in section 842 and returned to the hive
Bee swarm 56 is searching section 844
Bee swarm 56 did not find Winnie the Pooh in section 844 and returned to the hive
Bee swarm 34 is searching section 858
Bee swarm 34 did not find Winnie the Pooh in section 858 and returned to the hive
Bee swarm 61 is searching section 859
Bee swarm 61 did not find Winnie the Pooh in section 859 and returned to the hive
Bee swarm 180 is searching section 941
Bee swarm 180 did not find Winnie the Pooh in section 941 and returned to the hive
Bee swarm 87 is searching section 952
Bee swarm 87 did not find Winnie the Pooh in section 952 and returned to the hive
Bee swarm 176 is searching section 955
Bee swarm 176 did not find Winnie the Pooh in section 955 and returned to the hive
Bee swarm 110 is searching section 951
Bee swarm 110 did not find Winnie the Pooh in section 951 and returned to the hive
Bee swarm 57 is searching section 985
Bee swarm 57 did not find Winnie the Pooh in section 985 and returned to the hive
Bee swarm 63 is searching section 870
Bee swarm 63 did not find Winnie the Pooh in section 870 and returned to the hive
Bee swarm 135 is searching section 987
Bee swarm 135 did not find Winnie the Pooh in section 987 and returned to the hive
Bee swarm 33 is searching section 934
Bee swarm 33 did not find Winnie the Pooh in section 934 and returned to the hive
Bee swarm 58 is searching section 887
Bee swarm 58 did not find Winnie the Pooh in section 887 and returned to the hive
Bee swarm 29 is searching section 928
Bee swarm 29 did not find Winnie the Pooh in section 928 and returned to the hive
Bee swarm 149 is searching section 919
Bee swarm 149 did not find Winnie the Pooh in section 919 and returned to the hive
Bee swarm 142 is searching section 930
Bee swarm 142 did not find Winnie the Pooh in section 930 and returned to the hive
Bee swarm 115 is searching section 898
Bee swarm 115 did not find Winnie the Pooh in section 898 and returned to the hive
Bee swarm 172 is searching section 939
Bee swarm 172 did not find Winnie the Pooh in section 939 and returned to the hive
Bee swarm 51 is searching section 883
Bee swarm 51 did not find Winnie the Pooh in section 883 and returned to the hive
Bee swarm 82 is searching section 995
Bee swarm 82 did not find Winnie the Pooh in section 995 and returned to the hive
Bee swarm 182 is searching section 997
Bee swarm 182 did not find Winnie the Pooh in section 997 and returned to the hive
Bee swarm 143 is searching section 918
Bee swarm 143 did not find Winnie the Pooh in section 918 and returned to the hive
Bee swarm 95 is searching section 897
Bee swarm 95 did not find Winnie the Pooh in section 897 and returned to the hive
Bee swarm 147 is searching section 986
Bee swarm 147 did not find Winnie the Pooh in section 986 and returned to the hive
Bee swarm 1 is searching section 993
Bee swarm 1 did not find Winnie the Pooh in section 993 and returned to the hive
Bee swarm 84 is searching section 961
Bee swarm 84 did not find Winnie the Pooh in section 961 and returned to the hive
Bee swarm 167 is searching section 884
Bee swarm 167 did not find Winnie the Pooh in section 884 and returned to the hive
Bee swarm 129 is searching section 945
Bee swarm 129 did not find Winnie the Pooh in section 945 and returned to the hive
Bee swarm 93 is searching section 880
Bee swarm 93 did not find Winnie the Pooh in section 880 and returned to the hive
Bee swarm 59 is searching section 910
Bee swarm 59 did not find Winnie the Pooh in section 910 and returned to the hive
Bee swarm 21 is searching section 942
Bee swarm 21 did not find Winnie the Pooh in section 942 and returned to the hive
Bee swarm 150 is searching section 948
Bee swarm 150 did not find Winnie the Pooh in section 948 and returned to the hive
Bee swarm 183 is searching section 960
Bee swarm 183 did not find Winnie the Pooh in section 960 and returned to the hive
Bee swarm 161 is searching section 969
Bee swarm 161 did not find Winnie the Pooh in section 969 and returned to the hive
Bee swarm 118 is searching section 926
Bee swarm 118 did not find Winnie the Pooh in section 926 and returned to the hive
Bee swarm 70 is searching section 888
Bee swarm 70 did not find Winnie the Pooh in section 888 and returned to the hive
Bee swarm 105 is searching section 984
Bee swarm 105 did not find Winnie the Pooh in section 984 and returned to the hive
Bee swarm 22 is searching section 917
Bee swarm 22 did not find Winnie the Pooh in section 917 and returned to the hive
Bee swarm 158 is searching section 874
Bee swarm 158 did not find Winnie the Pooh in section 874 and returned to the hive
Bee swarm 109 is searching section 996
Bee swarm 109 did not find Winnie the Pooh in section 996 and returned to the hive
Bee swarm 187 is searching section 911
Bee swarm 187 did not find Winnie the Pooh in section 911 and returned to the hive
Bee swarm 141 is searching section 871
Bee swarm 141 did not find Winnie the Pooh in section 871 and returned to the hive
Bee swarm 168 is searching section 935
Bee swarm 168 did not find Winnie the Pooh in section 935 and returned to the hive
Bee swarm 99 is searching section 971
Bee swarm 99 did not find Winnie the Pooh in section 971 and returned to the hive
Bee swarm 155 is searching section 908
Bee swarm 155 did not find Winnie the Pooh in section 908 and returned to the hive
Bee swarm 196 is searching section 965
Bee swarm 196 did not find Winnie the Pooh in section 965 and returned to the hive
Bee swarm 75 is searching section 929
Bee swarm 75 did not find Winnie the Pooh in section 929 and returned to the hive
Bee swarm 198 is searching section 933
Bee swarm 198 did not find Winnie the Pooh in section 933 and returned to the hive
Bee swarm 175 is searching section 972
Bee swarm 175 did not find Winnie the Pooh in section 972 and returned to the hive
Bee swarm 47 is searching section 970
Bee swarm 47 did not find Winnie the Pooh in section 970 and returned to the hive
Bee swarm 119 is searching section 967
Bee swarm 119 did not find Winnie the Pooh in section 967 and returned to the hive
Bee swarm 151 is searching section 905
Bee swarm 151 did not find Winnie the Pooh in section 905 and returned to the hive
Bee swarm 91 is searching section 991
Bee swarm 91 did not find Winnie the Pooh in section 991 and returned to the hive
Bee swarm 186 is searching section 950
Bee swarm 186 did not find Winnie the Pooh in section 950 and returned to the hive
Bee swarm 16 is searching section 923
Bee swarm 16 did not find Winnie the Pooh in section 923 and returned to the hive
Bee swarm 132 is searching section 909
Bee swarm 132 did not find Winnie the Pooh in section 909 and returned to the hive
Bee swarm 116 is searching section 1002
Bee swarm 116 did not find Winnie the Pooh in section 1002 and returned to the hive
Bee swarm 94 is searching section 899
Bee swarm 94 did not find Winnie the Pooh in section 899 and returned to the hive
Bee swarm 160 is searching section 968
Bee swarm 160 did not find Winnie the Pooh in section 968 and returned to the hive
Bee swarm 126 is searching section 1024
Bee swarm 126 did not find Winnie the Pooh in section 1024 and returned to the hive
Bee swarm 178 is searching section 937
Bee swarm 178 did not find Winnie the Pooh in section 937 and returned to the hive
Bee swarm 76 is searching section 980
Bee swarm 76 did not find Winnie the Pooh in section 980 and returned to the hive
Bee swarm 68 is searching section 938
Bee swarm 68 did not find Winnie the Pooh in section 938 and returned to the hive
Bee swarm 8 is searching section 895
Bee swarm 8 did not find Winnie the Pooh in section 895 and returned to the hive
Bee swarm 74 is searching section 914
Bee swarm 74 did not find Winnie the Pooh in section 914 and returned to the hive
Bee swarm 152 is searching section 998
Bee swarm 152 did not find Winnie the Pooh in section 998 and returned to the hive
Bee swarm 164 is searching section 907
Bee swarm 164 did not find Winnie the Pooh in section 907 and returned to the hive
Bee swarm 125 is searching section 1021
Bee swarm 125 did not find Winnie the Pooh in section 1021 and returned to the hive
Bee swarm 28 is searching section 1001
Bee swarm 28 did not find Winnie the Pooh in section 1001 and returned to the hive
Bee swarm 67 is searching section 901
Bee swarm 67 did not find Winnie the Pooh in section 901 and returned to the hive
Bee swarm 40 is searching section 989
Bee swarm 40 did not find Winnie the Pooh in section 989 and returned to the hive
Bee swarm 188 is searching section 1013
Bee swarm 188 did not find Winnie the Pooh in section 1013 and returned to the hive
Bee swarm 112 is searching section 1011
Bee swarm 112 did not find Winnie the Pooh in section 1011 and returned to the hive
Bee swarm 133 is searching section 902
Bee swarm 133 did not find Winnie the Pooh in section 902 and returned to the hive
Bee swarm 190 is searching section 973
Bee swarm 190 did not find Winnie the Pooh in section 973 and returned to the hive
Bee swarm 3 is searching section 982
Bee swarm 3 did not find Winnie the Pooh in section 982 and returned to the hive
Bee swarm 136 is searching section 957
Bee swarm 136 did not find Winnie the Pooh in section 957 and returned to the hive
Bee swarm 55 is searching section 944
Bee swarm 55 did not find Winnie the Pooh in section 944 and returned to the hive
Bee swarm 97 is searching section 976
Bee swarm 97 did not find Winnie the Pooh in section 976 and returned to the hive
Bee swarm 162 is searching section 932
Bee swarm 162 did not find Winnie the Pooh in section 932 and returned to the hive
Bee swarm 66 is searching section 1032
Bee swarm 66 did not find Winnie the Pooh in section 1032 and returned to the hive
Bee swarm 24 is searching section 983
Bee swarm 24 did not find Winnie the Pooh in section 983 and returned to the hive
Bee swarm 52 is searching section 954
Bee swarm 52 did not find Winnie the Pooh in section 954 and returned to the hive
Bee swarm 189 is searching section 925
Bee swarm 189 did not find Winnie the Pooh in section 925 and returned to the hive
Bee swarm 39 is searching section 1027
Bee swarm 39 did not find Winnie the Pooh in section 1027 and returned to the hive
Bee swarm 153 is searching section 994
Bee swarm 153 did not find Winnie the Pooh in section 994 and returned to the hive
Bee swarm 72 is searching section 920
Bee swarm 72 did not find Winnie the Pooh in section 920 and returned to the hive
Bee swarm 25 is searching section 999
Bee swarm 25 did not find Winnie the Pooh in section 999 and returned to the hive
Bee swarm 90 is searching section 922
Bee swarm 90 did not find Winnie the Pooh in section 922 and returned to the hive
Bee swarm 78 is searching section 979
Bee swarm 78 did not find Winnie the Pooh in section 979 and returned to the hive
Bee swarm 197 is searching section 966
Bee swarm 197 did not find Winnie the Pooh in section 966 and returned to the hive
Bee swarm 131 is searching section 927
Bee swarm 131 did not find Winnie the Pooh in section 927 and returned to the hive
Bee swarm 146 is searching section 962
Bee swarm 146 did not find Winnie the Pooh in section 962 and returned to the hive
Bee swarm 64 is searching section 1043
Bee swarm 64 did not find Winnie the Pooh in section 1043 and returned to the hive
Bee swarm 181 is searching section 990
Bee swarm 181 did not find Winnie the Pooh in section 990 and returned to the hive
Bee swarm 5 is searching section 958
Bee swarm 5 did not find Winnie the Pooh in section 958 and returned to the hive
Bee swarm 144 is searching section 936
Bee swarm 144 did not find Winnie the Pooh in section 936 and returned to the hive
Bee swarm 191 is searching section 992
Bee swarm 191 did not find Winnie the Pooh in section 992 and returned to the hive
Bee swarm 60 is searching section 1023
Bee swarm 60 did not find Winnie the Pooh in section 1023 and returned to the hive
Bee swarm 154 is searching section 1050
Bee swarm 154 did not find Winnie the Pooh in section 1050 and returned to the hive
Bee swarm 100 is searching section 988
Bee swarm 100 did not find Winnie the Pooh in section 988 and returned to the hive
Bee swarm 137 is searching section 1000
Bee swarm 137 did not find Winnie the Pooh in section 1000 and returned to the hive
Bee swarm 23 is searching section 964
Bee swarm 23 did not find Winnie the Pooh in section 964 and returned to the hive
Bee swarm 27 is searching section 1045
Bee swarm 27 did not find Winnie the Pooh in section 1045 and returned to the hive
Bee swarm 80 is searching section 1029
Bee swarm 80 did not find Winnie the Pooh in section 1029 and returned to the hive
Bee swarm 179 is searching section 1051
Bee swarm 179 did not find Winnie the Pooh in section 1051 and returned to the hive
Bee swarm 104 is searching section 1020
Bee swarm 104 did not find Winnie the Pooh in section 1020 and returned to the hive
Bee swarm 140 is searching section 1060
Bee swarm 140 did not find Winnie the Pooh in section 1060 and returned to the hive
Bee swarm 11 is searching section 1052
Bee swarm 11 did not find Winnie the Pooh in section 1052 and returned to the hive
Bee swarm 145 is searching section 949
Bee swarm 145 did not find Winnie the Pooh in section 949 and returned to the hive
Bee swarm 44 is searching section 1005
Bee swarm 44 did not find Winnie the Pooh in section 1005 and returned to the hive
Bee swarm 41 is searching section 977
Bee swarm 41 did not find Winnie the Pooh in section 977 and returned to the hive
Bee swarm 195 is searching section 1031
Bee swarm 195 did not find Winnie the Pooh in section 1031 and returned to the hive
Bee swarm 127 is searching section 947
Bee swarm 127 did not find Winnie the Pooh in section 947 and returned to the hive
Bee swarm 102 is searching section 1026
Bee swarm 102 did not find Winnie the Pooh in section 1026 and returned to the hive
Bee swarm 45 is searching section 1054
Bee swarm 45 did not find Winnie the Pooh in section 1054 and returned to the hive
Bee swarm 48 is searching section 1015
Bee swarm 48 did not find Winnie the Pooh in section 1015 and returned to the hive
Bee swarm 101 is searching section 974
Bee swarm 101 did not find Winnie the Pooh in section 974 and returned to the hive
Bee swarm 85 is searching section 1022
Bee swarm 85 did not find Winnie the Pooh in section 1022 and returned to the hive
Bee swarm 148 is searching section 1009
Bee swarm 148 did not find Winnie the Pooh in section 1009 and returned to the hive
Bee swarm 26 is searching section 975
Bee swarm 26 did not find Winnie the Pooh in section 975 and returned to the hive
Bee swarm 69 is searching section 1006
Bee swarm 69 did not find Winnie the Pooh in section 1006 and returned to the hive
Bee swarm 111 is searching section 1035
Bee swarm 111 did not find Winnie the Pooh in section 1035 and returned to the hive
Bee swarm 73 is searching section 1012
Bee swarm 73 did not find Winnie the Pooh in section 1012 and returned to the hive
Bee swarm 192 is searching section 1079
Bee swarm 192 did not find Winnie the Pooh in section 1079 and returned to the hive
Bee swarm 103 is searching section 1047
Bee swarm 103 did not find Winnie the Pooh in section 1047 and returned to the hive
Bee swarm 138 is searching section 1042
Bee swarm 138 did not find Winnie the Pooh in section 1042 and returned to the hive
Bee swarm 117 is searching section 1030
Bee swarm 117 did not find Winnie the Pooh in section 1030 and returned to the hive
Bee swarm 120 is searching section 1058
Bee swarm 120 did not find Winnie the Pooh in section 1058 and returned to the hive
Bee swarm 15 is searching section 1041
Bee swarm 15 did not find Winnie the Pooh in section 1041 and returned to the hive
Bee swarm 19 is searching section 1034
Bee swarm 19 did not find Winnie the Pooh in section 1034 and returned to the hive
Bee swarm 166 is searching section 1040
Bee swarm 166 did not find Winnie the Pooh in section 1040 and returned to the hive
Bee swarm 7 is searching section 1071
Bee swarm 7 did not find Winnie the Pooh in section 1071 and returned to the hive
Bee swarm 71 is searching section 1014
Bee swarm 71 did not find Winnie the Pooh in section 1014 and returned to the hive
Bee swarm 124 is searching section 978
Bee swarm 124 did not find Winnie the Pooh in section 978 and returned to the hive
Bee swarm 173 is searching section 1096
Bee swarm 173 did not find Winnie the Pooh in section 1096 and returned to the hive
Bee swarm 4 is searching section 1004
Bee swarm 4 did not find Winnie the Pooh in section 1004 and returned to the hive
Bee swarm 185 is searching section 1065
Bee swarm 185 did not find Winnie the Pooh in section 1065 and returned to the hive
Bee swarm 107 is searching section 1046
Bee swarm 107 did not find Winnie the Pooh in section 1046 and returned to the hive
Bee swarm 79 is searching section 1037
Bee swarm 79 did not find Winnie the Pooh in section 1037 and returned to the hive
Bee swarm 49 is searching section 1093
Bee swarm 49 did not find Winnie the Pooh in section 1093 and returned to the hive
Bee swarm 10 is searching section 1099
Bee swarm 10 did not find Winnie the Pooh in section 1099 and returned to the hive
Bee swarm 57 is searching section 1108
Bee swarm 57 did not find Winnie the Pooh in section 1108 and returned to the hive
Bee swarm 83 is searching section 1008
Bee swarm 83 did not find Winnie the Pooh in section 1008 and returned to the hive
Bee swarm 46 is searching section 1038
Bee swarm 46 did not find Winnie the Pooh in section 1038 and returned to the hive
Bee swarm 9 is searching section 1059
Bee swarm 9 did not find Winnie the Pooh in section 1059 and returned to the hive
Bee swarm 38 is searching section 1016
Bee swarm 38 did not find Winnie the Pooh in section 1016 and returned to the hive
Bee swarm 14 is searching section 1003
Bee swarm 14 did not find Winnie the Pooh in section 1003 and returned to the hive
Bee swarm 31 is searching section 1007
Bee swarm 31 did not find Winnie the Pooh in section 1007 and returned to the hive
Bee swarm 20 is searching section 1092
Bee swarm 20 did not find Winnie the Pooh in section 1092 and returned to the hive
Bee swarm 81 is searching section 1094
Bee swarm 81 did not find Winnie the Pooh in section 1094 and returned to the hive
Bee swarm 98 is searching section 1048
Bee swarm 98 did not find Winnie the Pooh in section 1048 and returned to the hive
Bee swarm 42 is searching section 1019
Bee swarm 42 did not find Winnie the Pooh in section 1019 and returned to the hive
Bee swarm 12 is searching section 1044
Bee swarm 12 did not find Winnie the Pooh in section 1044 and returned to the hive
Bee swarm 86 is searching section 1025
Bee swarm 86 did not find Winnie the Pooh in section 1025 and returned to the hive
Bee swarm 110 is searching section 1107
Bee swarm 110 did not find Winnie the Pooh in section 1107 and returned to the hive
Bee swarm 17 is searching section 1049
Bee swarm 17 did not find Winnie the Pooh in section 1049 and returned to the hive
Bee swarm 142 is searching section 1115
Bee swarm 142 did not find Winnie the Pooh in section 1115 and returned to the hive
Bee swarm 92 is searching section 1010
Bee swarm 92 did not find Winnie the Pooh in section 1010 and returned to the hive
Bee swarm 170 is searching section 1074
Bee swarm 170 did not find Winnie the Pooh in section 1074 and returned to the hive
Bee swarm 193 is searching section 1087
Bee swarm 193 did not find Winnie the Pooh in section 1087 and returned to the hive
Bee swarm 184 is searching section 1053
Bee swarm 184 did not find Winnie the Pooh in section 1053 and returned to the hive
Bee swarm 123 is searching section 1100
Bee swarm 123 did not find Winnie the Pooh in section 1100 and returned to the hive
Bee swarm 200 is searching section 1028
Bee swarm 200 did not find Winnie the Pooh in section 1028 and returned to the hive
Bee swarm 36 is searching section 1017
Bee swarm 36 did not find Winnie the Pooh in section 1017 and returned to the hive
Bee swarm 194 is searching section 1018
Bee swarm 194 did not find Winnie the Pooh in section 1018 and returned to the hive
Bee swarm 93 is searching section 1129
Bee swarm 93 did not find Winnie the Pooh in section 1129 and returned to the hive
Bee swarm 65 is searching section 1075
Bee swarm 65 did not find Winnie the Pooh in section 1075 and returned to the hive
Bee swarm 168 is searching section 1145
Bee swarm 168 did not find Winnie the Pooh in section 1145 and returned to the hive
Bee swarm 2 is searching section 1064
Bee swarm 2 did not find Winnie the Pooh in section 1064 and returned to the hive
Bee swarm 47 is searching section 1152
Bee swarm 47 did not find Winnie the Pooh in section 1152 and returned to the hive
Bee swarm 96 is searching section 1033
Bee swarm 96 did not find Winnie the Pooh in section 1033 and returned to the hive
Bee swarm 128 is searching section 1085
Bee swarm 128 did not find Winnie the Pooh in section 1085 and returned to the hive
Bee swarm 196 is searching section 1148
Bee swarm 196 did not find Winnie the Pooh in section 1148 and returned to the hive
Bee swarm 54 is searching section 1069
Bee swarm 54 did not find Winnie the Pooh in section 1069 and returned to the hive
Bee swarm 130 is searching section 1080
Bee swarm 130 did not find Winnie the Pooh in section 1080 and returned to the hive
Bee swarm 114 is searching section 1036
Bee swarm 114 did not find Winnie the Pooh in section 1036 and returned to the hive
Bee swarm 29 is searching section 1113
Bee swarm 29 did not find Winnie the Pooh in section 1113 and returned to the hive
Bee swarm 30 is searching section 1070
Bee swarm 30 did not find Winnie the Pooh in section 1070 and returned to the hive
Bee swarm 43 is searching section 1062
Bee swarm 43 did not find Winnie the Pooh in section 1062 and returned to the hive
Bee swarm 62 is searching section 1083
Bee swarm 62 did not find Winnie the Pooh in section 1083 and returned to the hive
Bee swarm 139 is searching section 1084
Bee swarm 139 did not find Winnie the Pooh in section 1084 and returned to the hive
Bee swarm 88 is searching section 1039
Bee swarm 88 did not find Winnie the Pooh in section 1039 and returned to the hive
Bee swarm 37 is searching section 1072
Bee swarm 37 did not find Winnie the Pooh in section 1072 and returned to the hive
Bee swarm 33 is searching section 1111
Bee swarm 33 did not find Winnie the Pooh in section 1111 and returned to the hive
Bee swarm 169 is searching section 1098
Bee swarm 169 did not find Winnie the Pooh in section 1098 and returned to the hive
Bee swarm 157 is searching section 1078
Bee swarm 157 did not find Winnie the Pooh in section 1078 and returned to the hive
Bee swarm 134 is searching section 1089
Bee swarm 134 did not find Winnie the Pooh in section 1089 and returned to the hive
Bee swarm 177 is searching section 1077
Bee swarm 177 did not find Winnie the Pooh in section 1077 and returned to the hive
Bee swarm 174 is searching section 1143
Bee swarm 174 did not find Winnie the Pooh in section 1143 and returned to the hive
Bee swarm 156 is searching section 1056
Bee swarm 156 did not find Winnie the Pooh in section 1056 and returned to the hive
Bee swarm 159 is searching section 1091
Bee swarm 159 did not find Winnie the Pooh in section 1091 and returned to the hive
Bee swarm 94 is searching section 1160
Bee swarm 94 did not find Winnie the Pooh in section 1160 and returned to the hive
Bee swarm 171 is searching section 1057
Bee swarm 171 did not find Winnie the Pooh in section 1057 and returned to the hive
Bee swarm 149 is searching section 1114
Bee swarm 149 did not find Winnie the Pooh in section 1114 and returned to the hive
Bee swarm 77 is searching section 1135
Bee swarm 77 did not find Winnie the Pooh in section 1135 and returned to the hive
Bee swarm 68 is searching section 1165
Bee swarm 68 did not find Winnie the Pooh in section 1165 and returned to the hive
Bee swarm 16 is searching section 1157
Bee swarm 16 did not find Winnie the Pooh in section 1157 and returned to the hive
Bee swarm 1 is searching section 1124
Bee swarm 1 did not find Winnie the Pooh in section 1124 and returned to the hive
Bee swarm 51 is searching section 1118
Bee swarm 51 did not find Winnie the Pooh in section 1118 and returned to the hive
Bee swarm 18 is searching section 1068
Bee swarm 18 did not find Winnie the Pooh in section 1068 and returned to the hive
Bee swarm 22 is searching section 1139
Bee swarm 22 did not find Winnie the Pooh in section 1139 and returned to the hive
Bee swarm 116 is searching section 1159
Bee swarm 116 did not find Winnie the Pooh in section 1159 and returned to the hive
Bee swarm 188 is searching section 1174
Bee swarm 188 did not find Winnie the Pooh in section 1174 and returned to the hive
Bee swarm 125 is searching section 1170
Bee swarm 125 did not find Winnie the Pooh in section 1170 and returned to the hive
Bee swarm 50 is searching section 1076
Bee swarm 50 did not find Winnie the Pooh in section 1076 and returned to the hive
Bee swarm 53 is searching section 1088
Bee swarm 53 did not find Winnie the Pooh in section 1088 and returned to the hive
Bee swarm 129 is searching section 1128
Bee swarm 129 did not find Winnie the Pooh in section 1128 and returned to the hive
Bee swarm 199 is searching section 1063
Bee swarm 199 did not find Winnie the Pooh in section 1063 and returned to the hive
Bee swarm 147 is searching section 1123
Bee swarm 147 did not find Winnie the Pooh in section 1123 and returned to the hive
Bee swarm 132 is searching section 1158
Bee swarm 132 did not find Winnie the Pooh in section 1158 and returned to the hive
Bee swarm 161 is searching section 1134
Bee swarm 161 did not find Winnie the Pooh in section 1134 and returned to the hive
Bee swarm 106 is searching section 1067
Bee swarm 106 did not find Winnie the Pooh in section 1067 and returned to the hive
Bee swarm 5 is searching section 1198
Bee swarm 5 did not find Winnie the Pooh in section 1198 and returned to the hive
Bee swarm 121 is searching section 1055
Bee swarm 121 did not find Winnie the Pooh in section 1055 and returned to the hive
Bee swarm 182 is searching section 1120
Bee swarm 182 did not find Winnie the Pooh in section 1120 and returned to the hive
Bee swarm 137 is searching section 1204
Bee swarm 137 did not find Winnie the Pooh in section 1204 and returned to the hive
Bee swarm 75 is searching section 1149
Bee swarm 75 did not find Winnie the Pooh in section 1149 and returned to the hive
Bee swarm 27 is searching section 1206
Bee swarm 27 did not find Winnie the Pooh in section 1206 and returned to the hive
Bee swarm 67 is searching section 1172
Bee swarm 67 did not find Winnie the Pooh in section 1172 and returned to the hive
Bee swarm 89 is searching section 1061
Bee swarm 89 did not find Winnie the Pooh in section 1061 and returned to the hive
Bee swarm 13 is searching section 1066
Bee swarm 13 did not find Winnie the Pooh in section 1066 and returned to the hive
Bee swarm 143 is searching section 1121
Bee swarm 143 did not find Winnie the Pooh in section 1121 and returned to the hive
Bee swarm 151 is searching section 1154
Bee swarm 151 did not find Winnie the Pooh in section 1154 and returned to the hive
Bee swarm 70 is searching section 1137
Bee swarm 70 did not find Winnie the Pooh in section 1137 and returned to the hive
Bee swarm 122 is searching section 1082
Bee swarm 122 did not find Winnie the Pooh in section 1082 and returned to the hive
Bee swarm 6 is searching section 1086
Bee swarm 6 did not find Winnie the Pooh in section 1086 and returned to the hive
Bee swarm 172 is searching section 1117
Bee swarm 172 did not find Winnie the Pooh in section 1117 and returned to the hive
Bee swarm 133 is searching section 1176
Bee swarm 133 did not find Winnie the Pooh in section 1176 and returned to the hive
Bee swarm 108 is searching section 1081
Bee swarm 108 did not find Winnie the Pooh in section 1081 and returned to the hive
Bee swarm 180 is searching section 1104
Bee swarm 180 did not find Winnie the Pooh in section 1104 and returned to the hive
Bee swarm 135 is searching section 1110
Bee swarm 135 did not find Winnie the Pooh in section 1110 and returned to the hive
Bee swarm 165 is searching section 1073
Bee swarm 165 did not find Winnie the Pooh in section 1073 and returned to the hive
Bee swarm 105 is searching section 1138
Bee swarm 105 did not find Winnie the Pooh in section 1138 and returned to the hive
Bee swarm 181 is searching section 1197
Bee swarm 181 did not find Winnie the Pooh in section 1197 and returned to the hive
Bee swarm 64 is searching section 1196
Bee swarm 64 did not find Winnie the Pooh in section 1196 and returned to the hive
Bee swarm 91 is searching section 1155
Bee swarm 91 did not find Winnie the Pooh in section 1155 and returned to the hive
Bee swarm 95 is searching section 1122
Bee swarm 95 did not find Winnie the Pooh in section 1122 and returned to the hive
Bee swarm 187 is searching section 1142
Bee swarm 187 did not find Winnie the Pooh in section 1142 and returned to the hive
Bee swarm 163 is searching section 1125
Bee swarm 163 did not find Winnie the Pooh in section 1125 and returned to the hive
Bee swarm 56 is searching section 1101
Bee swarm 56 did not find Winnie the Pooh in section 1101 and returned to the hive
Bee swarm 186 is searching section 1156
Bee swarm 186 did not find Winnie the Pooh in section 1156 and returned to the hive
Bee swarm 34 is searching section 1102
Bee swarm 34 did not find Winnie the Pooh in section 1102 and returned to the hive
Bee swarm 131 is searching section 1194
Bee swarm 131 did not find Winnie the Pooh in section 1194 and returned to the hive
Bee swarm 190 is searching section 1177
Bee swarm 190 did not find Winnie the Pooh in section 1177 and returned to the hive
Bee swarm 63 is searching section 1109
Bee swarm 63 did not find Winnie the Pooh in section 1109 and returned to the hive
Bee swarm 141 is searching section 1144
Bee swarm 141 did not find Winnie the Pooh in section 1144 and returned to the hive
Bee swarm 84 is searching section 1126
Bee swarm 84 did not find Winnie the Pooh in section 1126 and returned to the hive
Bee swarm 183 is searching section 1133
Bee swarm 183 did not find Winnie the Pooh in section 1133 and returned to the hive
Bee swarm 32 is searching section 1095
Bee swarm 32 did not find Winnie the Pooh in section 1095 and returned to the hive
Bee swarm 109 is searching section 1141
Bee swarm 109 did not find Winnie the Pooh in section 1141 and returned to the hive
Bee swarm 11 is searching section 1211
Bee swarm 11 did not find Winnie the Pooh in section 1211 and returned to the hive
Bee swarm 55 is searching section 1180
Bee swarm 55 did not find Winnie the Pooh in section 1180 and returned to the hive
Bee swarm 15 is searching section 1232
Bee swarm 15 did not find Winnie the Pooh in section 1232 and returned to the hive
Bee swarm 58 is searching section 1112
Bee swarm 58 did not find Winnie the Pooh in section 1112 and returned to the hive
Bee swarm 99 is searching section 1146
Bee swarm 99 did not find Winnie the Pooh in section 1146 and returned to the hive
Bee swarm 155 is searching section 1147
Bee swarm 155 did not find Winnie the Pooh in section 1147 and returned to the hive
Bee swarm 40 is searching section 1173
Bee swarm 40 did not find Winnie the Pooh in section 1173 and returned to the hive
Bee swarm 144 is searching section 1199
Bee swarm 144 did not find Winnie the Pooh in section 1199 and returned to the hive
Bee swarm 154 is searching section 1202
Bee swarm 154 did not find Winnie the Pooh in section 1202 and returned to the hive
Bee swarm 69 is searching section 1224
Bee swarm 69 did not find Winnie the Pooh in section 1224 and returned to the hive
Bee swarm 115 is searching section 1116
Bee swarm 115 did not find Winnie the Pooh in section 1116 and returned to the hive
Bee swarm 176 is searching section 1106
Bee swarm 176 did not find Winnie the Pooh in section 1106 and returned to the hive
Bee swarm 74 is searching section 1167
Bee swarm 74 did not find Winnie the Pooh in section 1167 and returned to the hive
Bee swarm 8 is searching section 1166
Bee swarm 8 did not find Winnie the Pooh in section 1166 and returned to the hive
Bee swarm 87 is searching section 1105
Bee swarm 87 did not find Winnie the Pooh in section 1105 and returned to the hive
Bee swarm 118 is searching section 1136
Bee swarm 118 did not find Winnie the Pooh in section 1136 and returned to the hive
Bee swarm 90 is searching section 1191
Bee swarm 90 did not find Winnie the Pooh in section 1191 and returned to the hive
Bee swarm 44 is searching section 1213
Bee swarm 44 did not find Winnie the Pooh in section 1213 and returned to the hive
Bee swarm 76 is searching section 1164
Bee swarm 76 did not find Winnie the Pooh in section 1164 and returned to the hive
Bee swarm 167 is searching section 1127
Bee swarm 167 did not find Winnie the Pooh in section 1127 and returned to the hive
Bee swarm 82 is searching section 1119
Bee swarm 82 did not find Winnie the Pooh in section 1119 and returned to the hive
Bee swarm 78 is searching section 1192
Bee swarm 78 did not find Winnie the Pooh in section 1192 and returned to the hive
Bee swarm 24 is searching section 1184
Bee swarm 24 did not find Winnie the Pooh in section 1184 and returned to the hive
Bee swarm 21 is searching section 1131
Bee swarm 21 did not find Winnie the Pooh in section 1131 and returned to the hive
Bee swarm 104 is searching section 1209
Bee swarm 104 did not find Winnie the Pooh in section 1209 and returned to the hive
Bee swarm 4 is searching section 1239
Bee swarm 4 did not find Winnie the Pooh in section 1239 and returned to the hive
Bee swarm 185 is searching section 1240
Bee swarm 185 did not find Winnie the Pooh in section 1240 and returned to the hive
Bee swarm 14 is searching section 1250
Bee swarm 14 did not find Winnie the Pooh in section 1250 and returned to the hive
Bee swarm 158 is searching section 1140
Bee swarm 158 did not find Winnie the Pooh in section 1140 and returned to the hive
Bee swarm 160 is searching section 1161
Bee swarm 160 did not find Winnie the Pooh in section 1161 and returned to the hive
Bee swarm 59 is searching section 1130
Bee swarm 59 did not find Winnie the Pooh in section 1130 and returned to the hive
Bee swarm 124 is searching section 1237
Bee swarm 124 did not find Winnie the Pooh in section 1237 and returned to the hive
Bee swarm 28 is searching section 1171
Bee swarm 28 did not find Winnie the Pooh in section 1171 and returned to the hive
Bee swarm 60 is searching section 1201
Bee swarm 60 did not find Winnie the Pooh in section 1201 and returned to the hive
Bee swarm 120 is searching section 1231
Bee swarm 120 did not find Winnie the Pooh in section 1231 and returned to the hive
Bee swarm 102 is searching section 1217
Bee swarm 102 did not find Winnie the Pooh in section 1217 and returned to the hive
Bee swarm 23 is searching section 1205
Bee swarm 23 did not find Winnie the Pooh in section 1205 and returned to the hive
Bee swarm 7 is searching section 1235
Bee swarm 7 did not find Winnie the Pooh in section 1235 and returned to the hive
Bee swarm 150 is searching section 1132
Bee swarm 150 did not find Winnie the Pooh in section 1132 and returned to the hive
Bee swarm 19 is searching section 1233
Bee swarm 19 did not find Winnie the Pooh in section 1233 and returned to the hive
Bee swarm 35 is searching section 1251
Bee swarm 35 did not find Winnie the Pooh in section 1251 and returned to the hive
Bee swarm 3 is searching section 1178
Bee swarm 3 did not find Winnie the Pooh in section 1178 and returned to the hive
Bee swarm 39 is searching section 1187
Bee swarm 39 did not find Winnie the Pooh in section 1187 and returned to the hive
Bee swarm 136 is searching section 1179
Bee swarm 136 did not find Winnie the Pooh in section 1179 and returned to the hive
Bee swarm 178 is searching section 1163
Bee swarm 178 did not find Winnie the Pooh in section 1163 and returned to the hive
Bee swarm 17 is searching section 1260
Bee swarm 17 did not find Winnie the Pooh in section 1260 and returned to the hive
Bee swarm 45 is searching section 1218
Bee swarm 45 did not find Winnie the Pooh in section 1218 and returned to the hive
Bee swarm 164 is searching section 1169
Bee swarm 164 did not find Winnie the Pooh in section 1169 and returned to the hive
Bee swarm 175 is searching section 1151
Bee swarm 175 did not find Winnie the Pooh in section 1151 and returned to the hive
Bee swarm 195 is searching section 1215
Bee swarm 195 did not find Winnie the Pooh in section 1215 and returned to the hive
Bee swarm 198 is searching section 1150
Bee swarm 198 did not find Winnie the Pooh in section 1150 and returned to the hive
Bee swarm 49 is searching section 1243
Bee swarm 49 did not find Winnie the Pooh in section 1243 and returned to the hive
Bee swarm 48 is searching section 1219
Bee swarm 48 did not find Winnie the Pooh in section 1219 and returned to the hive
Bee swarm 146 is searching section 1195
Bee swarm 146 did not find Winnie the Pooh in section 1195 and returned to the hive
Bee swarm 119 is searching section 1153
Bee swarm 119 did not find Winnie the Pooh in section 1153 and returned to the hive
Bee swarm 184 is searching section 1265
Bee swarm 184 did not find Winnie the Pooh in section 1265 and returned to the hive
Bee swarm 25 is searching section 1190
Bee swarm 25 did not find Winnie the Pooh in section 1190 and returned to the hive
Bee swarm 189 is searching section 1186
Bee swarm 189 did not find Winnie the Pooh in section 1186 and returned to the hive
Bee swarm 192 is searching section 1227
Bee swarm 192 did not find Winnie the Pooh in section 1227 and returned to the hive
Bee swarm 126 is searching section 1162
Bee swarm 126 did not find Winnie the Pooh in section 1162 and returned to the hive
section 1240 and returned to the hive
Bee swarm 14 is searching section 1250
Bee swarm 14 did not find Winnie the Pooh in seBee swarm 191 is searching section 1200
Bee swarm 191 did not find Winnie the Pooh in section 1200 and returned to the hive
Bee swarm 103 is searching section 1229
Bee swarm 103 did not find Winnie the Pooh in section 1229 and returned to the hive
Bee swarm 97 is searching section 1181
Bee swarm 97 did not find Winnie the Pooh in section 1181 and returned to the hive
Bee swarm 26 is searching section 1223
Bee swarm 26 did not find Winnie the Pooh in section 1223 and returned to the hive
Bee swarm 127 is searching section 1216
Bee swarm 127 did not find Winnie the Pooh in section 1216 and returned to the hive
Bee swarm 86 is searching section 1258
Bee swarm 86 did not find Winnie the Pooh in section 1258 and returned to the hive
Bee swarm 52 is searching section 1185
Bee swarm 52 did not find Winnie the Pooh in section 1185 and returned to the hive
Bee swarm 166 is searching section 1234
Bee swarm 166 did not find Winnie the Pooh in section 1234 and returned to the hive
Bee swarm 148 is searching section 1222
Bee swarm 148 did not find Winnie the Pooh in section 1222 and returned to the hive
Bee swarm 168 is searching section 1272
Bee swarm 168 did not find Winnie the Pooh in section 1272 and returned to the hive
Bee swarm 196 is searching section 1277
Bee swarm 196 did not find Winnie the Pooh in section 1277 and returned to the hive
n 1132 and returned to the hive
Bee swarm 19 is searching section 1233
Bee swarm 19 did not find Winnie the Pooh in section 1233 and returned to the hive
Bee swarm 35 is searching section 1251
Bee swarm 35 did not find Winnie the Pooh in section 1251 and returned to the hive
Bee swarm 3 is searching section 1178
Bee swarm 3 did not find Winnie the Pooh in section 1178 and returned to the hive
Bee swarm 39 is searching section 1187
Bee swarm 39 did not find Winnie the Pooh in section 1187 and returned to the hive
Bee swarm 136 is searching section 1179
Bee swarm 136 did not find Winnie the Pooh in section 1179 and returned to the hive
Bee swarm 178 is searching section 1163
Bee swarm 178 did not find Winnie the Pooh in section 1163 and returned to the hive
Bee swarm 17 is searching section 1260
Bee swarm 17 did not find Winnie the Pooh in section 1260 and returned to the hive
Bee swarm 45 is searching section 1218
Bee swarm 45 did not find Winnie the Pooh in section 1218 and returned to the hive
Bee swarm 164 is searching section 1169
Bee swarm 164 did not find Winnie the Pooh in section 1169 and returned to the hive
Bee swarm 175 is searching section 1151
Bee swarm 175 did not find Winnie the Pooh in section 1151 and returned to the hive
Bee swarm 195 is searching section 1215
Bee swarm 195 did not find Winnie the Pooh in section 1215 and returned to the hive
Bee swarm 198 is searching section 1150
Bee swarm 198 did not find Winnie the Pooh in section 1150 and returned to the hive
Bee swarm 49 is searching section 1243
Bee swarm 49 did not find Winnie the Pooh in section 1243 and returned to the hive
Bee swarm 48 is searching section 1219
Bee swarm 48 did not find Winnie the Pooh in section 1219 and returned to the hive
Bee swarm 146 is searching section 1195
Bee swarm 146 did not find Winnie the Pooh in section 1195 and returned to the hive
Bee swarm 119 is searching section 1153
Bee swarm 119 did not find Winnie the Pooh in section 1153 and returned to the hive
Bee swarm 184 is searching section 1265
Bee swarm 184 did not find Winnie the Pooh in section 1265 and returned to the hive
Bee swarm 25 is searching section 1190
Bee swarm 25 did not find Winnie the Pooh in section 1190 and returned to the hive
Bee swarm 189 is searching section 1186
Bee swarm 189 did not find Winnie the Pooh in section 1186 and returned to the hive
Bee swarm 192 is searching section 1227
Bee swarm 192 did not find Winnie the Pooh in section 1227 and returned to the hive
Bee swarm 126 is searching section 1162
Bee swarm 126 did not find Winnie the Pooh in section 1162 and returned to the hive
section 1240 and returned to the hive
Bee swarm 14 is searching section 1250
Bee swarm 14 did not find Winnie the Pooh in seBee swarm 191 is searching section 1200
Bee swarm 191 did not find Winnie the Pooh in section 1200 and returned to the hive
Bee swarm 103 is searching section 1229
Bee swarm 103 did not find Winnie the Pooh in section 1229 and returned to the hive
Bee swarm 97 is searching section 1181
Bee swarm 97 did not find Winnie the Pooh in section 1181 and returned to the hive
Bee swarm 26 is searching section 1223
Bee swarm 26 did not find Winnie the Pooh in section 1223 and returned to the hive
Bee swarm 127 is searching section 1216
Bee swarm 127 did not find Winnie the Pooh in section 1216 and returned to the hive
Bee swarm 86 is searching section 1258
Bee swarm 86 did not find Winnie the Pooh in section 1258 and returned to the hive
Bee swarm 52 is searching section 1185
Bee swarm 52 did not find Winnie the Pooh in section 1185 and returned to the hive
Bee swarm 166 is searching section 1234
Bee swarm 166 did not find Winnie the Pooh in section 1234 and returned to the hive
Bee swarm 148 is searching section 1222
Bee swarm 148 did not find Winnie the Pooh in section 1222 and returned to the hive
Bee swarm 168 is searching section 1272
Bee swarm 168 did not find Winnie the Pooh in section 1272 and returned to the hive
Bee swarm 196 is searching section 1277
Bee swarm 196 did not find Winnie the Pooh in section 1277 and returned to the hiveBee swarm 79 is searching section 1242
Bee swarm 79 did not find Winnie the Pooh in section 1242 and returned to the hive
Bee swarm 92 is searching section 1262
Bee swarm 92 did not find Winnie the Pooh in section 1262 and returned to the hive
Bee swarm 41 is searching section 1214
Bee swarm 41 did not find Winnie the Pooh in section 1214 and returned to the hive
Bee swarm 72 is searching section 1189
Bee swarm 72 did not find Winnie the Pooh in section 1189 and returned to the hive
Bee swarm 9 is searching section 1248
Bee swarm 9 did not find Winnie the Pooh in section 1248 and returned to the hive
Bee swarm 174 is searching section 1293
Bee swarm 174 did not find Winnie the Pooh in section 1293 and returned to the hive
Bee swarm 162 is searching section 1182
Bee swarm 162 did not find Winnie the Pooh in section 1182 and returned to the hive
Bee swarm 173 is searching section 1238
Bee swarm 173 did not find Winnie the Pooh in section 1238 and returned to the hive
Bee swarm 117 is searching section 1230
Bee swarm 117 did not find Winnie the Pooh in section 1230 and returned to the hive
Bee swarm 197 is searching section 1193
Bee swarm 197 did not find Winnie the Pooh in section 1193 and returned to the hive
Bee swarm 66 is searching section 1183
Bee swarm 66 did not find Winnie the Pooh in section 1183 and returned to the hive
Bee swarm 62 is searching section 1284
Bee swarm 62 did not find Winnie the Pooh in section 1284 and returned to the hive
Bee swarm 98 is searching section 1255
Bee swarm 98 did not find Winnie the Pooh in section 1255 and returned to the hive
Bee swarm 179 is searching section 1208
Bee swarm 179 did not find Winnie the Pooh in section 1208 and returned to the hive
Bee swarm 85 is searching section 1221
Bee swarm 85 did not find Winnie the Pooh in section 1221 and returned to the hive
Bee swarm 140 is searching section 1210
Bee swarm 140 did not find Winnie the Pooh in section 1210 and returned to the hive
Bee swarm 100 is searching section 1203
Bee swarm 100 did not find Winnie the Pooh in section 1203 and returned to the hive
Bee swarm 12 is searching section 1257
Bee swarm 12 did not find Winnie the Pooh in section 1257 and returned to the hive
Bee swarm 51 is searching section 1303
Bee swarm 51 did not find Winnie the Pooh in section 1303 and returned to the hive
Bee swarm 43 is searching section 1283
Bee swarm 43 did not find Winnie the Pooh in section 1283 and returned to the hive
Bee swarm 33 is searching section 1288
Bee swarm 33 did not find Winnie the Pooh in section 1288 and returned to the hive
Bee swarm 111 is searching section 1225
Bee swarm 111 did not find Winnie the Pooh in section 1225 and returned to the hive
Bee swarm 10 is searching section 1244
Bee swarm 10 did not find Winnie the Pooh in section 1244 and returned to the hive
Bee swarm 145 is searching section 1212
Bee swarm 145 did not find Winnie the Pooh in section 1212 and returned to the hive
Bee swarm 77 is searching section 1299
Bee swarm 77 did not find Winnie the Pooh in section 1299 and returned to the hive
Bee swarm 149 is searching section 1298
Bee swarm 149 did not find Winnie the Pooh in section 1298 and returned to the hive
Bee swarm 80 is searching section 1207
Bee swarm 80 did not find Winnie the Pooh in section 1207 and returned to the hive
Bee swarm 101 is searching section 1220
Bee swarm 101 did not find Winnie the Pooh in section 1220 and returned to the hive
Bee swarm 37 is searching section 1287
Bee swarm 37 did not find Winnie the Pooh in section 1287 and returned to the hive
Bee swarm 110 is searching section 1259
Bee swarm 110 did not find Winnie the Pooh in section 1259 and returned to the hive
Bee swarm 123 is searching section 1266
Bee swarm 123 did not find Winnie the Pooh in section 1266 and returned to the hive
Bee swarm 29 is searching section 1281
Bee swarm 29 did not find Winnie the Pooh in section 1281 and returned to the hive
Bee swarm 125 is searching section 1308
Bee swarm 125 did not find Winnie the Pooh in section 1308 and returned to the hive
Bee swarm 193 is searching section 1264
Bee swarm 193 did not find Winnie the Pooh in section 1264 and returned to the hive
Bee swarm 138 is searching section 1228
Bee swarm 138 did not find Winnie the Pooh in section 1228 and returned to the hive
Bee swarm 113 is searching section 1309
Bee swarm 113 did not find Winnie the Pooh in section 1309 and returned to the hive
Bee swarm 157 is searching section 1290
Bee swarm 157 did not find Winnie the Pooh in section 1290 and returned to the hive
Bee swarm 112 is searching section 1320
Bee swarm 112 did not find Winnie the Pooh in section 1320 and returned to the hive
Bee swarm 83 is searching section 1246
Bee swarm 83 did not find Winnie the Pooh in section 1246 and returned to the hive
Bee swarm 65 is searching section 1271
Bee swarm 65 did not find Winnie the Pooh in section 1271 and returned to the hive
Bee swarm 13 is searching section 1328
Bee swarm 13 did not find Winnie the Pooh in section 1328 and returned to the hive
Bee swarm 130 is searching section 1279
Bee swarm 130 did not find Winnie the Pooh in section 1279 and returned to the hive
Bee swarm 42 is searching section 1256
Bee swarm 42 did not find Winnie the Pooh in section 1256 and returned to the hive
Bee swarm 38 is searching section 1249
Bee swarm 38 did not find Winnie the Pooh in section 1249 and returned to the hive
Bee swarm 61 is searching section 1310
Bee swarm 61 did not find Winnie the Pooh in section 1310 and returned to the hive
Bee swarm 27 is searching section 1325
Bee swarm 27 did not find Winnie the Pooh in section 1325 and returned to the hive
Bee swarm 36 is searching section 1268
Bee swarm 36 did not find Winnie the Pooh in section 1268 and returned to the hive
Bee swarm 56 is searching section 1347
Bee swarm 56 did not find Winnie the Pooh in section 1347 and returned to the hive
Bee swarm 31 is searching section 1252
Bee swarm 31 did not find Winnie the Pooh in section 1252 and returned to the hive
Bee swarm 57 is searching section 1245
Bee swarm 57 did not find Winnie the Pooh in section 1245 and returned to the hive
Bee swarm 132 is searching section 1316
Bee swarm 132 did not find Winnie the Pooh in section 1316 and returned to the hive
Bee swarm 128 is searching section 1276
Bee swarm 128 did not find Winnie the Pooh in section 1276 and returned to the hive
Bee swarm 147 is searching section 1315
Bee swarm 147 did not find Winnie the Pooh in section 1315 and returned to the hive
Bee swarm 50 is searching section 1311
Bee swarm 50 did not find Winnie the Pooh in section 1311 and returned to the hive
Bee swarm 91 is searching section 1343
Bee swarm 91 did not find Winnie the Pooh in section 1343 and returned to the hive
Bee swarm 107 is searching section 1241
Bee swarm 107 did not find Winnie the Pooh in section 1241 and returned to the hive
Bee swarm 177 is searching section 1292
Bee swarm 177 did not find Winnie the Pooh in section 1292 and returned to the hive
Bee swarm 70 is searching section 1331
Bee swarm 70 did not find Winnie the Pooh in section 1331 and returned to the hive
Bee swarm 32 is searching section 1356
Bee swarm 32 did not find Winnie the Pooh in section 1356 and returned to the hive
Bee swarm 134 is searching section 1291
Bee swarm 134 did not find Winnie the Pooh in section 1291 and returned to the hive
Bee swarm 137 is searching section 1323
Bee swarm 137 did not find Winnie the Pooh in section 1323 and returned to the hive
Bee swarm 71 is searching section 1236
Bee swarm 71 did not find Winnie the Pooh in section 1236 and returned to the hive
Bee swarm 46 is searching section 1247
Bee swarm 46 did not find Winnie the Pooh in section 1247 and returned to the hive
Bee swarm 180 is searching section 1337
Bee swarm 180 did not find Winnie the Pooh in section 1337 and returned to the hive
Bee swarm 183 is searching section 1354
Bee swarm 183 did not find Winnie the Pooh in section 1354 and returned to the hive
Bee swarm 122 is searching section 1332
Bee swarm 122 did not find Winnie the Pooh in section 1332 and returned to the hive
Bee swarm 151 is searching section 1330
Bee swarm 151 did not find Winnie the Pooh in section 1330 and returned to the hive
Bee swarm 181 is searching section 1341
Bee swarm 181 did not find Winnie the Pooh in section 1341 and returned to the hive
Bee swarm 169 is searching section 1289
Bee swarm 169 did not find Winnie the Pooh in section 1289 and returned to the hive
Bee swarm 142 is searching section 1261
Bee swarm 142 did not find Winnie the Pooh in section 1261 and returned to the hive
Bee swarm 176 is searching section 1369
Bee swarm 176 did not find Winnie the Pooh in section 1369 and returned to the hive
Bee swarm 171 is searching section 1297
Bee swarm 171 did not find Winnie the Pooh in section 1297 and returned to the hive
Bee swarm 99 is searching section 1362
Bee swarm 99 did not find Winnie the Pooh in section 1362 and returned to the hive
Bee swarm 67 is searching section 1326
Bee swarm 67 did not find Winnie the Pooh in section 1326 and returned to the hive
Bee swarm 30 is searching section 1282
Bee swarm 30 did not find Winnie the Pooh in section 1282 and returned to the hive
Bee swarm 170 is searching section 1263
Bee swarm 170 did not find Winnie the Pooh in section 1263 and returned to the hive
Bee swarm 11 is searching section 1358
Bee swarm 11 did not find Winnie the Pooh in section 1358 and returned to the hive
Bee swarm 95 is searching section 1344
Bee swarm 95 did not find Winnie the Pooh in section 1344 and returned to the hive
Bee swarm 68 is searching section 1300
Bee swarm 68 did not find Winnie the Pooh in section 1300 and returned to the hive
Bee swarm 194 is searching section 1269
Bee swarm 194 did not find Winnie the Pooh in section 1269 and returned to the hive
Bee swarm 16 is searching section 1301
Bee swarm 16 did not find Winnie the Pooh in section 1301 and returned to the hive
Bee swarm 144 is searching section 1365
Bee swarm 144 did not find Winnie the Pooh in section 1365 and returned to the hive
Bee swarm 20 is searching section 1253
Bee swarm 20 did not find Winnie the Pooh in section 1253 and returned to the hive
Bee swarm 89 is searching section 1327
Bee swarm 89 did not find Winnie the Pooh in section 1327 and returned to the hive
Bee swarm 34 is searching section 1349
Bee swarm 34 did not find Winnie the Pooh in section 1349 and returned to the hive
Bee swarm 135 is searching section 1339
Bee swarm 135 did not find Winnie the Pooh in section 1339 and returned to the hive
Bee swarm 155 is searching section 1363
Bee swarm 155 did not find Winnie the Pooh in section 1363 and returned to the hive
Bee swarm 116 is searching section 1306
Bee swarm 116 did not find Winnie the Pooh in section 1306 and returned to the hive
Bee swarm 129 is searching section 1313
Bee swarm 129 did not find Winnie the Pooh in section 1313 and returned to the hive
Bee swarm 96 is searching section 1275
Bee swarm 96 did not find Winnie the Pooh in section 1275 and returned to the hive
Bee swarm 118 is searching section 1373
Bee swarm 118 did not find Winnie the Pooh in section 1373 and returned to the hive
Bee swarm 60 is searching section 1391
Bee swarm 60 did not find Winnie the Pooh in section 1391 and returned to the hive
Bee swarm 185 is searching section 1384
Bee swarm 185 did not find Winnie the Pooh in section 1384 and returned to the hive
Bee swarm 133 is searching section 1335
Bee swarm 133 did not find Winnie the Pooh in section 1335 and returned to the hive
Bee swarm 82 is searching section 1378
Bee swarm 82 did not find Winnie the Pooh in section 1378 and returned to the hive
Bee swarm 54 is searching section 1278
Bee swarm 54 did not find Winnie the Pooh in section 1278 and returned to the hive
Bee swarm 200 is searching section 1267
Bee swarm 200 did not find Winnie the Pooh in section 1267 and returned to the hive
Bee swarm 160 is searching section 1387
Bee swarm 160 did not find Winnie the Pooh in section 1387 and returned to the hive
Bee swarm 143 is searching section 1329
Bee swarm 143 did not find Winnie the Pooh in section 1329 and returned to the hive
Bee swarm 158 is searching section 1386
Bee swarm 158 did not find Winnie the Pooh in section 1386 and returned to the hive
Bee swarm 114 is searching section 1280
Bee swarm 114 did not find Winnie the Pooh in section 1280 and returned to the hive
Bee swarm 172 is searching section 1334
Bee swarm 172 did not find Winnie the Pooh in section 1334 and returned to the hive
Bee swarm 93 is searching section 1270
Bee swarm 93 did not find Winnie the Pooh in section 1270 and returned to the hive
Bee swarm 24 is searching section 1380
Bee swarm 24 did not find Winnie the Pooh in section 1380 and returned to the hive
Bee swarm 63 is searching section 1352
Bee swarm 63 did not find Winnie the Pooh in section 1352 and returned to the hive
Bee swarm 94 is searching section 1296
Bee swarm 94 did not find Winnie the Pooh in section 1296 and returned to the hive
Bee swarm 156 is searching section 1294
Bee swarm 156 did not find Winnie the Pooh in section 1294 and returned to the hive
Bee swarm 165 is searching section 1338
Bee swarm 165 did not find Winnie the Pooh in section 1338 and returned to the hive
Bee swarm 64 is searching section 1342
Bee swarm 64 did not find Winnie the Pooh in section 1342 and returned to the hive
Bee swarm 47 is searching section 1274
Bee swarm 47 did not find Winnie the Pooh in section 1274 and returned to the hive
Bee swarm 58 is searching section 1361
Bee swarm 58 did not find Winnie the Pooh in section 1361 and returned to the hive
Bee swarm 195 is searching section 1409
Bee swarm 195 did not find Winnie the Pooh in section 1409 and returned to the hive
Bee swarm 164 is searching section 1407
Bee swarm 164 did not find Winnie the Pooh in section 1407 and returned to the hive
Bee swarm 2 is searching section 1273
Bee swarm 2 did not find Winnie the Pooh in section 1273 and returned to the hive
Bee swarm 150 is searching section 1396
Bee swarm 150 did not find Winnie the Pooh in section 1396 and returned to the hive
Bee swarm 4 is searching section 1383
Bee swarm 4 did not find Winnie the Pooh in section 1383 and returned to the hive
Bee swarm 18 is searching section 1304
Bee swarm 18 did not find Winnie the Pooh in section 1304 and returned to the hive
Bee swarm 106 is searching section 1318
Bee swarm 106 did not find Winnie the Pooh in section 1318 and returned to the hive
Bee swarm 167 is searching section 1377
Bee swarm 167 did not find Winnie the Pooh in section 1377 and returned to the hive
Bee swarm 84 is searching section 1355
Bee swarm 84 did not find Winnie the Pooh in section 1355 and returned to the hive
Bee swarm 139 is searching section 1285
Bee swarm 139 did not find Winnie the Pooh in section 1285 and returned to the hive
Bee swarm 159 is searching section 1295
Bee swarm 159 did not find Winnie the Pooh in section 1295 and returned to the hive
Bee swarm 69 is searching section 1367
Bee swarm 69 did not find Winnie the Pooh in section 1367 and returned to the hive
Bee swarm 88 is searching section 1286
Bee swarm 88 did not find Winnie the Pooh in section 1286 and returned to the hive
Bee swarm 8 is searching section 1371
Bee swarm 8 did not find Winnie the Pooh in section 1371 and returned to the hive
Bee swarm 81 is searching section 1411
Bee swarm 81 did not find Winnie the Pooh in section 1411 and returned to the hive
Bee swarm 186 is searching section 1348
Bee swarm 186 did not find Winnie the Pooh in section 1348 and returned to the hive
Bee swarm 188 is searching section 1307
Bee swarm 188 did not find Winnie the Pooh in section 1307 and returned to the hive
Bee swarm 120 is searching section 1392
Bee swarm 120 did not find Winnie the Pooh in section 1392 and returned to the hive
Bee swarm 75 is searching section 1324
Bee swarm 75 did not find Winnie the Pooh in section 1324 and returned to the hive
Bee swarm 131 is searching section 1350
Bee swarm 131 did not find Winnie the Pooh in section 1350 and returned to the hive
Bee swarm 199 is searching section 1314
Bee swarm 199 did not find Winnie the Pooh in section 1314 and returned to the hive
Bee swarm 15 is searching section 1360
Bee swarm 15 did not find Winnie the Pooh in section 1360 and returned to the hive
Bee swarm 5 is searching section Bee swarm 90 is searching section 1374
Bee swarm 90 did not find Winnie the Pooh in section 1374 and returned to the hive
d to the hive
Bee swarm 172 is searching section 1334
Bee swarm 172 did not find Winnie the Pooh in section 1334 and returned to the hive
Bee swarm 93 is searching section 1270
Bee swarm 93 did not find Winnie the Pooh in section 1270 and returned to the hive
Bee swarm 24 is searching section 1380
Bee swarm 24 did not find Winnie the Pooh in section 1380 and returned to the hive
Bee swarm 63 is searching section 1352
Bee swarm 63 did not find Winnie the Pooh in section 1352 and returned to the hive
Bee swarm 94 is searching section 1296
Bee swarm 94 did not find Winnie the Pooh in section 1296 and returned to the hive
Bee swarm 156 is searching section 1294
Bee swarm 156 did not find Winnie the Pooh in section 1294 and returned to the hive
Bee swarm 165 is searching section 1338
Bee swarm 165 did not find Winnie the Pooh in section 1338 and returned to the hive
Bee swarm 64 is searching section 1342
Bee swarm 64 did not find Winnie the Pooh in section 1342 and returned to the hive
Bee swarm 47 is searching section 1274
Bee swarm 47 did not find Winnie the Pooh in section 1274 and returned to the hive
Bee swarm 58 is searching section 1361
Bee swarm 58 did not find Winnie the Pooh in section 1361 and returned to the hive
Bee swarm 195 is searching section 1409
Bee swarm 195 did not find Winnie the Pooh in section 1409 and returned to the hive
Bee swarm 164 is searching section 1407
Bee swarm 164 did not find Winnie the Pooh in section 1407 and returned to the hive
Bee swarm 2 is searching section 1273
Bee swarm 2 did not find Winnie the Pooh in section 1273 and returned to the hive
Bee swarm 150 is searching section 1396
Bee swarm 150 did not find Winnie the Pooh in section 1396 and returned to the hive
Bee swarm 4 is searching section 1383
Bee swarm 4 did not find Winnie the Pooh in section 1383 and returned to the hive
Bee swarm 18 is searching section 1304
Bee swarm 18 did not find Winnie the Pooh in section 1304 and returned to the hive
Bee swarm 106 is searching section 1318
Bee swarm 106 did not find Winnie the Pooh in section 1318 and returned to the hive
Bee swarm 167 is searching section 1377
Bee swarm 167 did not find Winnie the Pooh in section 1377 and returned to the hive
Bee swarm 84 is searching section 1355
Bee swarm 84 did not find Winnie the Pooh in section 1355 and returned to the hive
Bee swarm 139 is searching section 1285
Bee swarm 139 did not find Winnie the Pooh in section 1285 and returned to the hive
Bee swarm 159 is searching section 1295
Bee swarm 159 did not find Winnie the Pooh in section 1295 and returned to the hive
Bee swarm 69 is searching section 1367
Bee swarm 69 did not find Winnie the Pooh in section 1367 and returned to the hive
Bee swarm 88 is searching section 1286
Bee swarm 88 did not find Winnie the Pooh in section 1286 and returned to the hive
Bee swarm 8 is searching section 1371
Bee swarm 8 did not find Winnie the Pooh in section 1371 and returned to the hive
Bee swarm 81 is searching section 1411
Bee swarm 81 did not find Winnie the Pooh in section 1411 and returned to the hive
Bee swarm 186 is searching section 1348
Bee swarm 186 did not find Winnie the Pooh in section 1348 and returned to the hive
Bee swarm 188 is searching section 1307
Bee swarm 188 did not find Winnie the Pooh in section 1307 and returned to the hive
Bee swarm 120 is searching section 1392
Bee swarm 120 did not find Winnie the Pooh in section 1392 and returned to the hive
Bee swarm 75 is searching section 1324
Bee swarm 75 did not find Winnie the Pooh in section 1324 and returned to the hive
Bee swarm 131 is searching section 1350
Bee swarm 131 did not find Winnie the Pooh in section 1350 and returned to the hive
Bee swarm 199 is searching section 1314
Bee swarm 199 did not find Winnie the Pooh in section 1314 and returned to the hive
Bee swarm 15 is searching section 1360
Bee swarm 15 did not find Winnie the Pooh in section 1360 and returned to the hive
Bee swarm 5 is searching section 1319
Bee swarm 5 did not find Winnie the Pooh in section 1319 and returned to the hive
Bee swarm 161 is searching section 1317
Bee swarm 161 did not find Winnie the Pooh in section 1317 and returned to the hive
Bee swarm 174 is searching section 1438
Bee swarm 174 did not find Winnie the Pooh in section 1438 and returned to the hive
Bee swarm 40 is searching section 1364
Bee swarm 40 did not find Winnie the Pooh in section 1364 and returned to the hive
Bee swarm 141 is searching section 1353
Bee swarm 141 did not find Winnie the Pooh in section 1353 and returned to the hive
Bee swarm 22 is searching section 1305
Bee swarm 22 did not find Winnie the Pooh in section 1305 and returned to the hive
Bee swarm 100 is searching section 1449
Bee swarm 100 did not find Winnie the Pooh in section 1449 and returned to the hive
Bee swarm 53 is searching section 1312
Bee swarm 53 did not find Winnie the Pooh in section 1312 and returned to the hive
Bee swarm 115 is searching section 1368
Bee swarm 115 did not find Winnie the Pooh in section 1368 and returned to the hive
Bee swarm 121 is searching section 1321
Bee swarm 121 did not find Winnie the Pooh in section 1321 and returned to the hive
Bee swarm 6 is searching section 1333
Bee swarm 6 did not find Winnie the Pooh in section 1333 and returned to the hive
Bee swarm 97 is searching section 1424
Bee swarm 97 did not find Winnie the Pooh in section 1424 and returned to the hive
Bee swarm 19 is searching section 1397
Bee swarm 19 did not find Winnie the Pooh in section 1397 and returned to the hive
Bee swarm 175 is searching section 1408
Bee swarm 175 did not find Winnie the Pooh in section 1408 and returned to the hive
Bee swarm 105 is searching section 1340
Bee swarm 105 did not find Winnie the Pooh in section 1340 and returned to the hive
Bee swarm 108 is searching section 1336
Bee swarm 108 did not find Winnie the Pooh in section 1336 and returned to the hive
Bee swarm 163 is searching section 1346
Bee swarm 163 did not find Winnie the Pooh in section 1346 and returned to the hive
Bee swarm 26 is searching section 1425
Bee swarm 26 did not find Winnie the Pooh in section 1425 and returned to the hive
Bee swarm 166 is searching section 1429
Bee swarm 166 did not find Winnie the Pooh in section 1429 and returned to the hive
Bee swarm 9 is searching section 1437
Bee swarm 9 did not find Winnie the Pooh in section 1437 and returned to the hive
Bee swarm 190 is searching section 1351
Bee swarm 190 did not find Winnie the Pooh in section 1351 and returned to the hive
Bee swarm 102 is searching section 1393
Bee swarm 102 did not find Winnie the Pooh in section 1393 and returned to the hive
Bee swarm 182 is searching section 1322
Bee swarm 182 did not find Winnie the Pooh in section 1322 and returned to the hive
Bee swarm 78 is searching section 1379
Bee swarm 78 did not find Winnie the Pooh in section 1379 and returned to the hive
Bee swarm 48 is searching section 1413
Bee swarm 48 did not find Winnie the Pooh in section 1413 and returned to the hive
Bee swarm 187 is searching section 1345
Bee swarm 187 did not find Winnie the Pooh in section 1345 and returned to the hive
Bee swarm 25 is searching section 1417
Bee swarm 25 did not find Winnie the Pooh in section 1417 and returned to the hive
Bee swarm 193 is searching section 1467
Bee swarm 193 did not find Winnie the Pooh in section 1467 and returned to the hive
Bee swarm 111 is searching section 1454
Bee swarm 111 did not find Winnie the Pooh in section 1454 and returned to the hive
Bee swarm 153 is searching section 1420
Bee swarm 153 did not find Winnie the Pooh in section 1420 and returned to the hive
Bee swarm 35 is searching section 1398
Bee swarm 35 did not find Winnie the Pooh in section 1398 and returned to the hive
Bee swarm 39 is searching section 1400
Bee swarm 39 did not find Winnie the Pooh in section 1400 and returned to the hive
Bee swarm 52 is searching section 1428
Bee swarm 52 did not find Winnie the Pooh in section 1428 and returned to the hive
Bee swarm 72 is searching section 1436
Bee swarm 72 did not find Winnie the Pooh in section 1436 and returned to the hive
Bee swarm 44 is searching section 1375
Bee swarm 44 did not find Winnie the Pooh in section 1375 and returned to the hive
Bee swarm 198 is searching section 1410
Bee swarm 198 did not find Winnie the Pooh in section 1410 and returned to the hive
Bee swarm 154 is searching section 1366
Bee swarm 154 did not find Winnie the Pooh in section 1366 and returned to the hive
Bee swarm 85 is searching section 1447
Bee swarm 85 did not find Winnie the Pooh in section 1447 and returned to the hive
Bee swarm 55 is searching section 1359
Bee swarm 55 did not find Winnie the Pooh in section 1359 and returned to the hive
Bee swarm 113 is searching section 1469
Bee swarm 113 did not find Winnie the Pooh in section 1469 and returned to the hive
Bee swarm 21 is searching section 1381
Bee swarm 21 did not find Winnie the Pooh in section 1381 and returned to the hive
Bee swarm 86 is searching section 1427
Bee swarm 86 did not find Winnie the Pooh in section 1427 and returned to the hive
Bee swarm 12 is searching section 1450
Bee swarm 12 did not find Winnie the Pooh in section 1450 and returned to the hive
Bee swarm 148 is searching section 1430
Bee swarm 148 did not find Winnie the Pooh in section 1430 and returned to the hive
Bee swarm 66 is searching section 1443
Bee swarm 66 did not find Winnie the Pooh in section 1443 and returned to the hive
Bee swarm 124 is searching section 1389
Bee swarm 124 did not find Winnie the Pooh in section 1389 and returned to the hive
Bee swarm 189 is searching section 1418
Bee swarm 189 did not find Winnie the Pooh in section 1418 and returned to the hive
Bee swarm 77 is searching section 1457
Bee swarm 77 did not find Winnie the Pooh in section 1457 and returned to the hive
Bee swarm 109 is searching section 1357
Bee swarm 109 did not find Winnie the Pooh in section 1357 and returned to the hive
Bee swarm 27 is searching section 1479
Bee swarm 27 did not find Winnie the Pooh in section 1479 and returned to the hive
Bee swarm 149 is searching section 1458
Bee swarm 149 did not find Winnie the Pooh in section 1458 and returned to the hive
Bee swarm 127 is searching section 1426
Bee swarm 127 did not find Winnie the Pooh in section 1426 and returned to the hive
Bee swarm 184 is searching section 1416
Bee swarm 184 did not find Winnie the Pooh in section 1416 and returned to the hive
Bee swarm 147 is searching section 1486
Bee swarm 147 did not find Winnie the Pooh in section 1486 and returned to the hive
Bee swarm 7 is searching section 1395
Bee swarm 7 did not find Winnie the Pooh in section 1395 and returned to the hive
Bee swarm 76 is searching section 1376
Bee swarm 76 did not find Winnie the Pooh in section 1376 and returned to the hive
Bee swarm 92 is searching section 1434
Bee swarm 92 did not find Winnie the Pooh in section 1434 and returned to the hive
Bee swarm 61 is searching section 1478
Bee swarm 61 did not find Winnie the Pooh in section 1478 and returned to the hive
Bee swarm 79 is searching section 1433
Bee swarm 79 did not find Winnie the Pooh in section 1433 and returned to the hive
Bee swarm 49 is searching section 1412
Bee swarm 49 did not find Winnie the Pooh in section 1412 and returned to the hive
Bee swarm 103 is searching section 1423
Bee swarm 103 did not find Winnie the Pooh in section 1423 and returned to the hive
Bee swarm 136 is searching section 1401
Bee swarm 136 did not find Winnie the Pooh in section 1401 and returned to the hive
Bee swarm 51 is searching section 1451
Bee swarm 51 did not find Winnie the Pooh in section 1451 and returned to the hive
Bee swarm 179 is searching section 1446
Bee swarm 179 did not find Winnie the Pooh in section 1446 and returned to the hive
Bee swarm 32 is searching section 1492
Bee swarm 32 did not find Winnie the Pooh in section 1492 and returned to the hive
Bee swarm 74 is searching section 1370
Bee swarm 74 did not find Winnie the Pooh in section 1370 and returned to the hive
Bee swarm 28 is searching section 1390
Bee swarm 28 did not find Winnie the Pooh in section 1390 and returned to the hive
Bee swarm 10 is searching section 1455
Bee swarm 10 did not find Winnie the Pooh in section 1455 and returned to the hive
Bee swarm 104 is searching section 1382
Bee swarm 104 did not find Winnie the Pooh in section 1382 and returned to the hive
Bee swarm 50 is searching section 1487
Bee swarm 50 did not find Winnie the Pooh in section 1487 and returned to the hive
Bee swarm 1 is searching section 1461
Bee swarm 1 did not find Winnie the Pooh in section 1461 and returned to the hive
Bee swarm 46 is searching section 1496
Bee swarm 46 did not find Winnie the Pooh in section 1496 and returned to the hive
Bee swarm 3 is searching section 1399
Bee swarm 3 did not find Winnie the Pooh in section 1399 and returned to the hive
Bee swarm 91 is searching section 1488
Bee swarm 91 did not find Winnie the Pooh in section 1488 and returned to the hive
Bee swarm 41 is searching section 1435
Bee swarm 41 did not find Winnie the Pooh in section 1435 and returned to the hive
Bee swarm 117 is searching section 1441
Bee swarm 117 did not find Winnie the Pooh in section 1441 and returned to the hive
Bee swarm 62 is searching section 1444
Bee swarm 62 did not find Winnie the Pooh in section 1444 and returned to the hive
Bee swarm 17 is searching section 1404
Bee swarm 17 did not find Winnie the Pooh in section 1404 and returned to the hive
Bee swarm 192 is searching section 1419
Bee swarm 192 did not find Winnie the Pooh in section 1419 and returned to the hive
Bee swarm 23 is searching section 1394
Bee swarm 23 did not find Winnie the Pooh in section 1394 and returned to the hive
Bee swarm 137 is searching section 1494
Bee swarm 137 did not find Winnie the Pooh in section 1494 and returned to the hive
Bee swarm 99 is searching section 1506
Bee swarm 99 did not find Winnie the Pooh in section 1506 and returned to the hive
Bee swarm 169 is searching section 1502
Bee swarm 169 did not find Winnie the Pooh in section 1502 and returned to the hive
Bee swarm 43 is searching section 1452
Bee swarm 43 did not find Winnie the Pooh in section 1452 and returned to the hive
Bee swarm 129 is searching section 1522
Bee swarm 129 did not find Winnie the Pooh in section 1522 and returned to the hive
Bee swarm 170 is searching section 1509
Bee swarm 170 did not find Winnie the Pooh in section 1509 and returned to the hive
Bee swarm 178 is searching section 1402
Bee swarm 178 did not find Winnie the Pooh in section 1402 and returned to the hive
Bee swarm 132 is searching section 1484
Bee swarm 132 did not find Winnie the Pooh in section 1484 and returned to the hive
Bee swarm 130 is searching section 1475
Bee swarm 130 did not find Winnie the Pooh in section 1475 and returned to the hive
Bee swarm 36 is searching section 1480
Bee swarm 36 did not find Winnie the Pooh in section 1480 and returned to the hive
Bee swarm 73 is searching section 1403
Bee swarm 73 did not find Winnie the Pooh in section 1403 and returned to the hive
Bee swarm 33 is searching section 1453
Bee swarm 33 did not find Winnie the Pooh in section 1453 and returned to the hive
Bee swarm 112 is searching section 1471
Bee swarm 112 did not find Winnie the Pooh in section 1471 and returned to the hive
Bee swarm 162 is searching section 1439
Bee swarm 162 did not find Winnie the Pooh in section 1439 and returned to the hive
Bee swarm 168 is searching section 1431
Bee swarm 168 did not find Winnie the Pooh in section 1431 and returned to the hive
Bee swarm 128 is searching section 1485
Bee swarm 128 did not find Winnie the Pooh in section 1485 and returned to the hive
Bee swarm 146 is searching section 1414
Bee swarm 146 did not find Winnie the Pooh in section 1414 and returned to the hive
Bee swarm 133 is searching section 1527
Bee swarm 133 did not find Winnie the Pooh in section 1527 and returned to the hive
Bee swarm 173 is searching section 1440
Bee swarm 173 did not find Winnie the Pooh in section 1440 and returned to the hive
Bee swarm 126 is searching section 1421
Bee swarm 126 did not find Winnie the Pooh in section 1421 and returned to the hive
Bee swarm 31 is searching section 1482
Bee swarm 31 did not find Winnie the Pooh in section 1482 and returned to the hive
Bee swarm 197 is searching section 1442
Bee swarm 197 did not find Winnie the Pooh in section 1442 and returned to the hive
Bee swarm 45 is searching section 1405
Bee swarm 45 did not find Winnie the Pooh in section 1405 and returned to the hive
Bee swarm 152 is searching section 1406
Bee swarm 152 did not find Winnie the Pooh in section 1406 and returned to the hive
Bee swarm 125 is searching section 1466
Bee swarm 125 did not find Winnie the Pooh in section 1466 and returned to the hive
Bee swarm 151 is searching section 1500
Bee swarm 151 did not find Winnie the Pooh in section 1500 and returned to the hive
Bee swarm 119 is searching section 1415
Bee swarm 119 did not find Winnie the Pooh in section 1415 and returned to the hive
Bee swarm 196 is searching section 1432
Bee swarm 196 did not find Winnie the Pooh in section 1432 and returned to the hive
Bee swarm 57 is searching section 1483
Bee swarm 57 did not find Winnie the Pooh in section 1483 and returned to the hive
Bee swarm 158 is searching section 1533
Bee swarm 158 did not find Winnie the Pooh in section 1533 and returned to the hive
Bee swarm 37 is searching section 1462
Bee swarm 37 did not find Winnie the Pooh in section 1462 and returned to the hive
Bee swarm 98 is searching section 1445
Bee swarm 98 did not find Winnie the Pooh in section 1445 and returned to the hive
Bee swarm 56 is searching section 1481
Bee swarm 56 did not find Winnie the Pooh in section 1481 and returned to the hive
Bee swarm 58 is searching section 1545
Bee swarm 58 did not find Winnie the Pooh in section 1545 and returned to the hive
Bee swarm 164 is searching section 1548
Bee swarm 164 did not find Winnie the Pooh in section 1548 and returned to the hive
Bee swarm 83 is searching section 1472
Bee swarm 83 did not find Winnie the Pooh in section 1472 and returned to the hive
Bee swarm 142 is searching section 1503
Bee swarm 142 did not find Winnie the Pooh in section 1503 and returned to the hive
Bee swarm 157 is searching section 1470
Bee swarm 157 did not find Winnie the Pooh in section 1470 and returned to the hive
Bee swarm 144 is searching section 1515
Bee swarm 144 did not find Winnie the Pooh in section 1515 and returned to the hive
Bee swarm 95 is searching section 1511
Bee swarm 95 did not find Winnie the Pooh in section 1511 and returned to the hive
Bee swarm 34 is searching section 1518
Bee swarm 34 did not find Winnie the Pooh in section 1518 and returned to the hive
Bee swarm 143 is searching section 1532
Bee swarm 143 did not find Winnie the Pooh in section 1532 and returned to the hive
Bee swarm 38 is searching section 1477
Bee swarm 38 did not find Winnie the Pooh in section 1477 and returned to the hive
Bee swarm 87 is searching section 1539
Bee swarm 87 did not find Winnie the Pooh in section 1539 and returned to the hive
Bee swarm 60 is searching section 1525
Bee swarm 60 did not find Winnie the Pooh in section 1525 and returned to the hive
Bee swarm 191 is searching section 1422
Bee swarm 191 did not find Winnie the Pooh in section 1422 and returned to the hive
Bee swarm 29 is searching section 1465
Bee swarm 29 did not find Winnie the Pooh in section 1465 and returned to the hive
Bee swarm 123 is searching section 1464
Bee swarm 123 did not find Winnie the Pooh in section 1464 and returned to the hive
Bee swarm 24 is searching section 1537
Bee swarm 24 did not find Winnie the Pooh in section 1537 and returned to the hive
Bee swarm 101 is searching section 1460
Bee swarm 101 did not find Winnie the Pooh in section 1460 and returned to the hive
Bee swarm 195 is searching section 1547
Bee swarm 195 did not find Winnie the Pooh in section 1547 and returned to the hive
Bee swarm 116 is searching section 1521
Bee swarm 116 did not find Winnie the Pooh in section 1521 and returned to the hive
Bee swarm 96 is searching section 1523
Bee swarm 96 did not find Winnie the Pooh in section 1523 and returned to the hive
Bee swarm 135 is searching section 1519
Bee swarm 135 did not find Winnie the Pooh in section 1519 and returned to the hive
Bee swarm 47 is searching section 1544
Bee swarm 47 did not find Winnie the Pooh in section 1544 and returned to the hive
Bee swarm 118 is searching section 1524
Bee swarm 118 did not find Winnie the Pooh in section 1524 and returned to the hive
Bee swarm 71 is searching section 1495
Bee swarm 71 did not find Winnie the Pooh in section 1495 and returned to the hive
Bee swarm 177 is searching section 1490
Bee swarm 177 did not find Winnie the Pooh in section 1490 and returned to the hive
Bee swarm 16 is searching section 1514
Bee swarm 16 did not find Winnie the Pooh in section 1514 and returned to the hive
Bee swarm 8 is searching section 1560
Bee swarm 8 did not find Winnie the Pooh in section 1560 and returned to the hive
Bee swarm 160 is searching section 1531
Bee swarm 160 did not find Winnie the Pooh in section 1531 and returned to the hive
Bee swarm 155 is searching section 1520
Bee swarm 155 did not find Winnie the Pooh in section 1520 and returned to the hive
Bee swarm 145 is searching section 1456
Bee swarm 145 did not find Winnie the Pooh in section 1456 and returned to the hive
Bee swarm 134 is searching section 1493
Bee swarm 134 did not find Winnie the Pooh in section 1493 and returned to the hive
Bee swarm 42 is searching section 1476
Bee swarm 42 did not find Winnie the Pooh in section 1476 and returned to the hive
Bee swarm 80 is searching section 1459
Bee swarm 80 did not find Winnie the Pooh in section 1459 and returned to the hive
Bee swarm 200 is searching section 1530
Bee swarm 200 did not find Winnie the Pooh in section 1530 and returned to the hive
Bee swarm 65 is searching section 1473
Bee swarm 65 did not find Winnie the Pooh in section 1473 and returned to the hive
Bee swarm 13 is searching section 1474
Bee swarm 13 did not find Winnie the Pooh in section 1474 and returned to the hive
Bee swarm 138 is searching section 1468
Bee swarm 138 did not find Winnie the Pooh in section 1468 and returned to the hive
Bee swarm 115 is searching section 1578
Bee swarm 115 did not find Winnie the Pooh in section 1578 and returned to the hive
Bee swarm 183 is searching section 1498
Bee swarm 183 did not find Winnie the Pooh in section 1498 and returned to the hive
Bee swarm 110 is searching section 1463
Bee swarm 110 did not find Winnie the Pooh in section 1463 and returned to the hive
Bee swarm 69 is searching section 1558
Bee swarm 69 did not find Winnie the Pooh in section 1558 and returned to the hive
Bee swarm 89 is searching section 1517
Bee swarm 89 did not find Winnie the Pooh in section 1517 and returned to the hive
Bee swarm 4 is searching section 1551
Bee swarm 4 did not find Winnie the Pooh in section 1551 and returned to the hive
Bee swarm 141 is searching section 1574
Bee swarm 141 did not find Winnie the Pooh in section 1574 and returned to the hive
Bee swarm 176 is searching section 1504
Bee swarm 176 did not find Winnie the Pooh in section 1504 and returned to the hive
Bee swarm 30 is searching section 1508
Bee swarm 30 did not find Winnie the Pooh in section 1508 and returned to the hive
Bee swarm 190 is searching section 1590
Bee swarm 190 did not find Winnie the Pooh in section 1590 and returned to the hive
Bee swarm 122 is searching section 1499
Bee swarm 122 did not find Winnie the Pooh in section 1499 and returned to the hive
Bee swarm 107 is searching section 1489
Bee swarm 107 did not find Winnie the Pooh in section 1489 and returned to the hive
Bee swarm 68 is searching section 1512
Bee swarm 68 did not find Winnie the Pooh in section 1512 and returned to the hive
Bee swarm 20 is searching section 1516
Bee swarm 20 did not find Winnie the Pooh in section 1516 and returned to the hive
Bee swarm 181 is searching section 1501
Bee swarm 181 did not find Winnie the Pooh in section 1501 and returned to the hive
Bee swarm 40 is searching section 1573
Bee swarm 40 did not find Winnie the Pooh in section 1573 and returned to the hive
Bee swarm 111 is searching section 1598
Bee swarm 111 did not find Winnie the Pooh in section 1598 and returned to the hive
Bee swarm 161 is searching section 1571
Bee swarm 161 did not find Winnie the Pooh in section 1571 and returned to the hive
Bee swarm 165 is searching section 1542
Bee swarm 165 did not find Winnie the Pooh in section 1542 and returned to hive
ive
Bee swarm 193 is searching section 1597
Bee swarm 193 did not find Winnie the Pooh in section 1597 and returned to the hive
Bee swarm 106 is searching section 1553
Bee swarm 106 did not find Winnie the Pooh in section 1553 and returned to the hive
Bee swarm 171 is searching section 1505
Bee swarm 171 did not find Winnie the Pooh in section 1505 and returned to the hive
Bee swarm 81 is searching section 1561
Bee swarm 81 did not find Winnie the Pooh in section 1561 and returned to the hive
Bee swarm 70 is searching section 1491
Bee swarm 70 did not find Winnie the Pooh in section 1491 and returned to the hive
Bee swarm 63 is searching section 1538
Bee swarm 63 did not find Winnie the Pooh in section 1538 and returned to the hive
Bee swarm 54 is searching section 1529
Bee swarm 54 did not find Winnie the Pooh in section 1529 and returned to the hive
Bee swarm 154 is searching section 1606
Bee swarm 154 did not find Winnie the Pooh in section 1606 and returned to the hive
Bee swarm 180 is searching section 1497
Bee swarm 180 did not find Winnie the Pooh in section 1497 and returned to the hive
Bee swarm 194 is searching section 1513
Bee swarm 194 did not find Winnie the Pooh in section 1513 and returned to the hive
Bee swarm 11 is searching section 1510
Bee swarm 11 did not find Winnie the Pooh in section 1510 and returned to the hive
Bee swarm 12 is searching section 1612
Bee swarm 12 did not find Winnie the Pooh in section 1612 and returned to the hive
Bee swarm 172 is searching section 1535
Bee swarm 172 did not find Winnie the Pooh in section 1535 and returned to the hive
Bee swarm 67 is searching section 1507
Bee swarm 67 did not find Winnie the Pooh in section 1507 and returned to the hive
Bee swarm 93 is searching section 1536
Bee swarm 93 did not find Winnie the Pooh in section 1536 and returned to the hive
Bee swarm 159 is searching section 1557
Bee swarm 159 did not find Winnie the Pooh in section 1557 and returned to the hive
Bee swarm 6 is searching section 1580
Bee swarm 6 did not find Winnie the Pooh in section 1580 and returned to the hive
Bee swarm 88 is searching section 1559
Bee swarm 88 did not find Winnie the Pooh in section 1559 and returned to the hive
Bee swarm 175 is searching section 1583
Bee swarm 175 did not find Winnie the Pooh in section 1583 and returned to the hive
Bee swarm 7 is searching section 1625
Bee swarm 7 did not find Winnie the Pooh in section 1625 and returned to the hive
Bee swarm 5 is searching section 1570
Bee swarm 5 did not find Winnie the Pooh in section 1570 and returned to the hive
Bee swarm 44 is searching section 1604
Bee swarm 44 did not find Winnie the Pooh in section 1604 and returned to the hive
Bee swarm 84 is searching section 1555
Bee swarm 84 did not find Winnie the Pooh in section 1555 and returned to the hive
Bee swarm 97 is searching section 1581
Bee swarm 97 did not find Winnie the Pooh in section 1581 and returned to the hive
Bee swarm 109 is searching section 1618
Bee swarm 109 did not find Winnie the Pooh in section 1618 and returned to the hive
Bee swarm 51 is searching section 1633
Bee swarm 51 did not find Winnie the Pooh in section 1633 and returned to the hive
Bee swarm 198 is searching section 1605
Bee swarm 198 did not find Winnie the Pooh in section 1605 and returned to the hive
Bee swarm 163 is searching section 1586
Bee swarm 163 did not find Winnie the Pooh in section 1586 and returned to the hive
Bee swarm 182 is searching section 1592
Bee swarm 182 did not find Winnie the Pooh in section 1592 and returned to the hive
Bee swarm 59 is searching section 1546
Bee swarm 59 did not find Winnie the Pooh in section 1546 and returned to the hive
Bee swarm 94 is searching section 1540
Bee swarm 94 did not find Winnie the Pooh in section 1540 and returned to the hive
Bee swarm 82 is searching section 1528
Bee swarm 82 did not find Winnie the Pooh in section 1528 and returned to the hive
Bee swarm 188 is searching section 1563
Bee swarm 188 did not find Winnie the Pooh in section 1563 and returned to the hive
Bee swarm 147 is searching section 1624
Bee swarm 147 did not find Winnie the Pooh in section 1624 and returned to the hive
Bee swarm 185 is searching section 1526
Bee swarm 185 did not find Winnie the Pooh in section 1526 and returned to the hive
Bee swarm 1 is searching section 1641
Bee swarm 1 did not find Winnie the Pooh in section 1641 and returned to the hive
Bee swarm 114 is searching section 1534
Bee swarm 114 did not find Winnie the Pooh in section 1534 and returned to the hive
Bee swarm 64 is searching section 1543
Bee swarm 64 did not find Winnie the Pooh in section 1543 and returned to the hive
Bee swarm 103 is searching section 1631
Bee swarm 103 did not find Winnie the Pooh in section 1631 and returned to the hive
Bee swarm 2 is searching section 1549
Bee swarm 2 did not find Winnie the Pooh in section 1549 and returned to the hive
Bee swarm 167 is searching section 1554
Bee swarm 167 did not find Winnie the Pooh in section 1554 and returned to the hive
Bee swarm 49 is searching section 1630
Bee swarm 49 did not find Winnie the Pooh in section 1630 and returned to the hive
Bee swarm 150 is searching section 1550
Bee swarm 150 did not find Winnie the Pooh in section 1550 and returned to the hive
Bee swarm 27 is searching section 1619
Bee swarm 27 did not find Winnie the Pooh in section 1619 and returned to the hive
Bee swarm 148 is searching section 1613
Bee swarm 148 did not find Winnie the Pooh in section 1613 and returned to the hive
Bee swarm 15 is searching section 1568
Bee swarm 15 did not find Winnie the Pooh in section 1568 and returned to the hive
Bee swarm 74 is searching section 1636
Bee swarm 74 did not find Winnie the Pooh in section 1636 and returned to the hive
Bee swarm 92 is searching section 1628
Bee swarm 92 did not find Winnie the Pooh in section 1628 and returned to the hive
Bee swarm 199 is searching section 1567
Bee swarm 199 did not find Winnie the Pooh in section 1567 and returned to the hive
Bee swarm 18 is searching section 1552
Bee swarm 18 did not find Winnie the Pooh in section 1552 and returned to the hive
Bee swarm 120 is searching section 1564
Bee swarm 120 did not find Winnie the Pooh in section 1564 and returned to the hive
Bee swarm 139 is searching section 1556
Bee swarm 139 did not find Winnie the Pooh in section 1556 and returned to the hive
Bee swarm 121 is searching section 1579
Bee swarm 121 did not find Winnie the Pooh in section 1579 and returned to the hive
Bee swarm 189 is searching section 1616
Bee swarm 189 did not find Winnie the Pooh in section 1616 and returned to the hive
Bee swarm 166 is searching section 1588
Bee swarm 166 did not find Winnie the Pooh in section 1588 and returned to the hive
Bee swarm 132 is searching section 1659
Bee swarm 132 did not find Winnie the Pooh in section 1659 and returned to the hive
Bee swarm 75 is searching section 1565
Bee swarm 75 did not find Winnie the Pooh in section 1565 and returned to the hive
Bee swarm 184 is searching section 1623
Bee swarm 184 did not find Winnie the Pooh in section 1623 and returned to the hive
Bee swarm 192 is searching section 1650
Bee swarm 192 did not find Winnie the Pooh in section 1650 and returned to the hive
Bee swarm 50 is searching section 1640
Bee swarm 50 did not find Winnie the Pooh in section 1640 and returned to the hive
Bee swarm 39 is searching section 1601
Bee swarm 39 did not find Winnie the Pooh in section 1601 and returned to the hive
Bee swarm 187 is searching section 1595
Bee swarm 187 did not find Winnie the Pooh in section 1595 and returned to the hive
Bee swarm 90 is searching section 1569
Bee swarm 90 did not find Winnie the Pooh in section 1569 and returned to the hive
Bee swarm 22 is searching section 1575
Bee swarm 22 did not find Winnie the Pooh in section 1575 and returned to the hive
Bee swarm 174 is searching section 1572
Bee swarm 174 did not find Winnie the Pooh in section 1572 and returned to the hive
Bee swarm 53 is searching section 1577
Bee swarm 53 did not find Winnie the Pooh in section 1577 and returned to the hive
Bee swarm 37 is searching section 1682
Bee swarm 37 did not find Winnie the Pooh in section 1682 and returned to the hive
Bee swarm 186 is searching section 1562
Bee swarm 186 did not find Winnie the Pooh in section 1562 and returned to the hive
Bee swarm 26 is searching section 1587
Bee swarm 26 did not find Winnie the Pooh in section 1587 and returned to the hive
Bee swarm 131 is searching section 1566
Bee swarm 131 did not find Winnie the Pooh in section 1566 and returned to the hive
Bee swarm 35 is searching section 1600
Bee swarm 35 did not find Winnie the Pooh in section 1600 and returned to the hive
Bee swarm 91 is searching section 1644
Bee swarm 91 did not find Winnie the Pooh in section 1644 and returned to the hive
Bee swarm 52 is searching section 1602
Bee swarm 52 did not find Winnie the Pooh in section 1602 and returned to the hive
Bee swarm 48 is searching section 1594
Bee swarm 48 did not find Winnie the Pooh in section 1594 and returned to the hive
Bee swarm 62 is searching section 1648
Bee swarm 62 did not find Winnie the Pooh in section 1648 and returned to the hive
Bee swarm 102 is searching section 1591
Bee swarm 102 did not find Winnie the Pooh in section 1591 and returned to the hive
Bee swarm 153 is searching section 1599
Bee swarm 153 did not find Winnie the Pooh in section 1599 and returned to the hive
Bee swarm 19 is searching section 1582
Bee swarm 19 did not find Winnie the Pooh in section 1582 and returned to the hive
Bee swarm 105 is searching section 1584
Bee swarm 105 did not find Winnie the Pooh in section 1584 and returned to the hive
Bee swarm 72 is searching section 1603
Bee swarm 72 did not find Winnie the Pooh in section 1603 and returned to the hive
Bee swarm 100 is searching section 1576
Bee swarm 100 did not find Winnie the Pooh in section 1576 and returned to the hive
Bee swarm 45 is searching section 1674
Bee swarm 45 did not find Winnie the Pooh in section 1674 and returned to the hive
Bee swarm 191 is searching section 1697
Bee swarm 191 did not find Winnie the Pooh in section 1697 and returned to the hive
Bee swarm 77 is searching section 1617
Bee swarm 77 did not find Winnie the Pooh in section 1617 and returned to the hive
Bee swarm 197 is searching section 1673
Bee swarm 197 did not find Winnie the Pooh in section 1673 and returned to the hive
Bee swarm 66 is searching section 1614
Bee swarm 66 did not find Winnie the Pooh in section 1614 and returned to the hive
Bee swarm 149 is searching section 1620
Bee swarm 149 did not find Winnie the Pooh in section 1620 and returned to the hive
Bee swarm 170 is searching section 1657
Bee swarm 170 did not find Winnie the Pooh in section 1657 and returned to the hive
Bee swarm 56 is searching section 1684
Bee swarm 56 did not find Winnie the Pooh in section 1684 and returned to the hive
Bee swarm 3 is searching section 1643
Bee swarm 3 did not find Winnie the Pooh in section 1643 and returned to the hive
Bee swarm 157 is searching section 1689
Bee swarm 157 did not find Winnie the Pooh in section 1689 and returned to the hive
Bee swarm 151 is searching section 1677
Bee swarm 151 did not find Winnie the Pooh in section 1677 and returned to the hive
Bee swarm 108 is searching section 1585
Bee swarm 108 did not find Winnie the Pooh in section 1585 and returned to the hive
Bee swarm 137 is searching section 1652
Bee swarm 137 did not find Winnie the Pooh in section 1652 and returned to the hive
Bee swarm 125 is searching section 1676
Bee swarm 125 did not find Winnie the Pooh in section 1676 and returned to the hive
Bee swarm 79 is searching section 1629
Bee swarm 79 did not find Winnie the Pooh in section 1629 and returned to the hive
Bee swarm 119 is searching section 1678
Bee swarm 119 did not find Winnie the Pooh in section 1678 and returned to the hive
Bee swarm 169 is searching section 1654
Bee swarm 169 did not find Winnie the Pooh in section 1654 and returned to the hive
section 1572 and returned to the hive
Bee swarm 53 is searching section 1577
Bee swarm 53 did not find Winnie the Pooh in section 1577 and returned to the hive
Bee swarm 37 is searching section 1682
Bee swarm 37 did not find Winnie the Pooh in section 1682 and returned to the hive
Bee swarm 186 is searching section 1562
Bee swarm 186 did not find Winnie the Pooh in section 1562 and returned to the hive
Bee swarm 26 is searching section 1587
Bee swarm 26 did not find Winnie the Pooh in section 1587 and returned to the hive
Bee swarm 131 is searching section 1566
Bee swarm 131 did not find Winnie the Pooh in section 1566 and returned to the hive
Bee swarm 35 is searching section 1600
Bee swarm 35 did not find Winnie the Pooh in section 1600 and returned to the hive
Bee swarm 91 is searching section 1644
Bee swarm 91 did not find Winnie the Pooh in section 1644 and returned to the hive
Bee swarm 52 is searching section 1602
Bee swarm 52 did not find Winnie the Pooh in section 1602 and returned to the hive
Bee swarm 48 is searching section 1594
Bee swarm 48 did not find Winnie the Pooh in section 1594 and returned to the hive
Bee swarm 62 is searching section 1648
Bee swarm 62 did not find Winnie the Pooh in section 1648 and returned to the hive
Bee swarm 102 is searching section 1591
Bee swarm 102 did not find Winnie the Pooh in section 1591 and returned to the hive
Bee swarm 153 is searching section 1599
Bee swarm 153 did not find Winnie the Pooh in section 1599 and returned to the hive
Bee swarm 19 is searching section 1582
Bee swarm 19 did not find Winnie the Pooh in section 1582 and returned to the hive
Bee swarm 105 is searching section 1584
Bee swarm 105 did not find Winnie the Pooh in section 1584 and returned to the hive
Bee swarm 72 is searching section 1603
Bee swarm 72 did not find Winnie the Pooh in section 1603 and returned to the hive
Bee swarm 100 is searching section 1576
Bee swarm 100 did not find Winnie the Pooh in section 1576 and returned to the hive
Bee swarm 45 is searching section 1674
Bee swarm 45 did not find Winnie the Pooh in section 1674 and returned to the hive
Bee swarm 191 is searching section 1697
Bee swarm 191 did not find Winnie the Pooh in section 1697 and returned to the hive
Bee swarm 77 is searching section 1617
Bee swarm 77 did not find Winnie the Pooh in section 1617 and returned to the hive
Bee swarm 197 is searching section 1673
Bee swarm 197 did not find Winnie the Pooh in section 1673 and returned to the hive
Bee swarm 66 is searching section 1614
Bee swarm 66 did not find Winnie the Pooh in section 1614 and returned to the hive
Bee swarm 149 is searching section 1620
Bee swarm 149 did not find Winnie the Pooh in section 1620 and returned to the hive
Bee swarm 170 is searching section 1657
Bee swarm 170 did not find Winnie the Pooh in section 1657 and returned to the hive
Bee swarm 56 is searching section 1684
Bee swarm 56 did not find Winnie the Pooh in section 1684 and returned to the hive
Bee swarm 3 is searching section 1643
Bee swarm 3 did not find Winnie the Pooh in section 1643 and returned to the hive
Bee swarm 157 is searching section 1689
Bee swarm 157 did not find Winnie the Pooh in section 1689 and returned to the hive
Bee swarm 151 is searching section 1677
Bee swarm 151 did not find Winnie the Pooh in section 1677 and returned to the hive
Bee swarm 108 is searching section 1585
Bee swarm 108 did not find Winnie the Pooh in section 1585 and returned to the hive
Bee swarm 137 is searching section 1652
Bee swarm 137 did not find Winnie the Pooh in section 1652 and returned to the hive
Bee swarm 125 is searching section 1676
Bee swarm 125 did not find Winnie the Pooh in section 1676 and returned to the hive
Bee swarm 79 is searching section 1629
Bee swarm 79 did not find Winnie the Pooh in section 1629 and returned to the hive
Bee swarm 119 is searching section 1678
Bee swarm 119 did not find Winnie the Pooh in section 1678 and returned to the hive
Bee swarm 169 is searching section 1654
Bee swarm 169 did not find Winnie the Pooh in section 1654 and reBee swarm 14 is searching section 1621
Bee swarm 14 did not find Winnie the Pooh in section 1621 and returned to the hive
Bee swarm 124 is searching section 1615
Bee swarm 124 did not find Winnie the Pooh in section 1615 and returned to the hive
Bee swarm 25 is searching section 1596
Bee swarm 25 did not find Winnie the Pooh in section 1596 and returned to the hive
Bee swarm 98 is searching section 1683
Bee swarm 98 did not find Winnie the Pooh in section 1683 and returned to the hive
Bee swarm 113 is searching section 1609
Bee swarm 113 did not find Winnie the Pooh in section 1609 and returned to the hive
Bee swarm 60 is searching section 1696
Bee swarm 60 did not find Winnie the Pooh in section 1696 and returned to the hive
Bee swarm 168 is searching section 1666
Bee swarm 168 did not find Winnie the Pooh in section 1666 and returned to the hive
Bee swarm 43 is searching section 1655
Bee swarm 43 did not find Winnie the Pooh in section 1655 and returned to the hive
Bee swarm 36 is searching section 1661
Bee swarm 36 did not find Winnie the Pooh in section 1661 and returned to the hive
Bee swarm 104 is searching section 1639
Bee swarm 104 did not find Winnie the Pooh in section 1639 and returned to the hive
Bee swarm 33 is searching section 1663
Bee swarm 33 did not find Winnie the Pooh in section 1663 and returned to the hive
Bee swarm 32 is searching section 1635
Bee swarm 32 did not find Winnie the Pooh in section 1635 and returned to the hive
Bee swarm 46 is searching section 1642
Bee swarm 46 did not find Winnie the Pooh in section 1642 and returned to the hive
Bee swarm 17 is searching section 1649
Bee swarm 17 did not find Winnie the Pooh in section 1649 and returned to the hive
Bee swarm 99 is searching section 1653
Bee swarm 99 did not find Winnie the Pooh in section 1653 and returned to the hive
Bee swarm 55 is searching section 1608
Bee swarm 55 did not find Winnie the Pooh in section 1608 and returned to the hive
Bee swarm 86 is searching section 1611
Bee swarm 86 did not find Winnie the Pooh in section 1611 and returned to the hive
Bee swarm 29 is searching section 1698
Bee swarm 29 did not find Winnie the Pooh in section 1698 and returned to the hive
Bee swarm 155 is searching section 1713
Bee swarm 155 did not find Winnie the Pooh in section 1713 and returned to the hive
Bee swarm 61 is searching section 1627
Bee swarm 61 did not find Winnie the Pooh in section 1627 and returned to the hive
Bee swarm 177 is searching section 1709
Bee swarm 177 did not find Winnie the Pooh in section 1709 and returned to the hive
Bee swarm 136 is searching section 1632
Bee swarm 136 did not find Winnie the Pooh in section 1632 and returned to the hive
Bee swarm 41 is searching section 1646
Bee swarm 41 did not find Winnie the Pooh in section 1646 and returned to the hive
Bee swarm 117 is searching section 1647
Bee swarm 117 did not find Winnie the Pooh in section 1647 and returned to the hive
Bee swarm 173 is searching section 1670
Bee swarm 173 did not find Winnie the Pooh in section 1670 and returned to the hive
Bee swarm 40 is searching section 1738
Bee swarm 40 did not find Winnie the Pooh in section 1738 and returned to the hive
Bee swarm 178 is searching section 1658
Bee swarm 178 did not find Winnie the Pooh in section 1658 and returned to the hive
Bee swarm 10 is searching section 1638
Bee swarm 10 did not find Winnie the Pooh in section 1638 and returned to the hive
Bee swarm 127 is searching section 1622
Bee swarm 127 did not find Winnie the Pooh in section 1622 and returned to the hive
Bee swarm 81 is searching section 1746
Bee swarm 81 did not find Winnie the Pooh in section 1746 and returned to the hive
Bee swarm 112 is searching section 1664
Bee swarm 112 did not find Winnie the Pooh in section 1664 and returned to the hive
Bee swarm 140 is searching section 1645
Bee swarm 140 did not find Winnie the Pooh in section 1645 and returned to the hive
Bee swarm 76 is searching section 1626
Bee swarm 76 did not find Winnie the Pooh in section 1626 and returned to the hive
Bee swarm 195 is searching section 1702
Bee swarm 195 did not find Winnie the Pooh in section 1702 and returned to the hive
 in section 1621 and returned to the hive
Bee swarm 124 is searching section 1615
Bee swarm 124 did not find Winnie the Pooh in section 1615 and returned to the hive
Bee swarm 25 is searching section 1596
Bee swarm 25 did not find Winnie the Pooh in section 1596 and returned to the hive
Bee swarm 98 is searching section 1683
Bee swarm 98 did not find Winnie the Pooh in section 1683 and returned to the hive
Bee swarm 113 is searching section 1609
Bee swarm 113 did not find Winnie the Pooh in section 1609 and returned to the hive
Bee swarm 60 is searching section 1696
Bee swarm 60 did not find Winnie the Pooh in section 1696 and returned to the hive
Bee swarm 168 is searching section 1666
Bee swarm 168 did not find Winnie the Pooh in section 1666 and returned to the hive
Bee swarm 43 is searching section 1655
Bee swarm 43 did not find Winnie the Pooh in section 1655 and returned to the hive
Bee swarm 36 is searching section 1661
Bee swarm 36 did not find Winnie the Pooh in section 1661 and returned to the hive
Bee swarm 104 is searching section 1639
Bee swarm 104 did not find Winnie the Pooh in section 1639 and returned to the hive
Bee swarm 33 is searching section 1663
Bee swarm 33 did not find Winnie the Pooh in section 1663 and returned to the hive
Bee swarm 32 is searching section 1635
Bee swarm 32 did not find Winnie the Pooh in section 1635 and returned to the hive
Bee swarm 46 is searching section 1642
Bee swarm 46 did not find Winnie the Pooh in section 1642 and returned to the hive
Bee swarm 17 is searching section 1649
Bee swarm 17 did not find Winnie the Pooh in section 1649 and returned to the hive
Bee swarm 99 is searching section 1653
Bee swarm 99 did not find Winnie the Pooh in section 1653 and returned to the hive
Bee swarm 55 is searching section 1608
Bee swarm 55 did not find Winnie the Pooh in section 1608 and returned to the hive
Bee swarm 86 is searching section 1611
Bee swarm 86 did not find Winnie the Pooh in section 1611 and returned to the hive
Bee swarm 29 is searching section 1698
Bee swarm 29 did not find Winnie the Pooh in section 1698 and returned to the hive
Bee swarm 155 is searching section 1713
Bee swarm 155 did not find Winnie the Pooh in section 1713 and returned to the hive
Bee swarm 61 is searching section 1627
Bee swarm 61 did not find Winnie the Pooh in section 1627 and returned to the hive
Bee swarm 177 is searching section 1709
Bee swarm 177 did not find Winnie the Pooh in section 1709 and returned to the hive
Bee swarm 136 is searching section 1632
Bee swarm 136 did not find Winnie the Pooh in section 1632 and returned to the hive
Bee swarm 41 is searching section 1646
Bee swarm 41 did not find Winnie the Pooh in section 1646 and returned to the hive
Bee swarm 117 is searching section 1647
Bee swarm 117 did not find Winnie the Pooh in section 1647 and returned to the hive
Bee swarm 173 is searching section 1670
Bee swarm 173 did not find Winnie the Pooh in section 1670 and returned to the hive
Bee swarm 40 is searching section 1738
Bee swarm 40 did not find Winnie the Pooh in section 1738 and returned to the hive
Bee swarm 178 is searching section 1658
Bee swarm 178 did not find Winnie the Pooh in section 1658 and returned to the hive
Bee swarm 10 is searching section 1638
Bee swarm 10 did not find Winnie the Pooh in section 1638 and returned to the hive
Bee swarm 127 is searching section 1622
Bee swarm 127 did not find Winnie the Pooh in section 1622 and returned to the hive
Bee swarm 81 is searching section 1746
Bee swarm 81 did not find Winnie the Pooh in section 1746 and returned to the hive
Bee swarm 112 is searching section 1664
Bee swarm 112 did not find Winnie the Pooh in section 1664 and returned to the hive
Bee swarm 140 is searching section 1645
Bee swarm 140 did not find Winnie the Pooh in section 1645 and returned to the hive
Bee swarm 76 is searching section 1626
Bee swarm 76 did not find Winnie the Pooh in section 1626 and returned to the hive
Bee swarm 195 is searching section 1702
Bee sBee swarm 20 is searching section 1736
Bee swarm 20 did not find Winnie the Pooh in section 1736 and returned to the hive
Bee swarm 179 is searching section 1634
Bee swarm 179 did not find Winnie the Pooh in section 1634 and returned to the hive
Bee swarm 128 is searching section 1667
Bee swarm 128 did not find Winnie the Pooh in section 1667 and returned to the hive
Bee swarm 28 is searching section 1637
Bee swarm 28 did not find Winnie the Pooh in section 1637 and returned to the hive
Bee swarm 172 is searching section 1755
Bee swarm 172 did not find Winnie the Pooh in section 1755 and returned to the hive
Bee swarm 80 is searching section 1717
Bee swarm 80 did not find Winnie the Pooh in section 1717 and returned to the hive
Bee swarm 73 is searching section 1662
Bee swarm 73 did not find Winnie the Pooh in section 1662 and returned to the hive
Bee swarm 164 is searching section 1686
Bee swarm 164 did not find Winnie the Pooh in section 1686 and returned to the hive
Bee swarm 31 is searching section 1672
Bee swarm 31 did not find Winnie the Pooh in section 1672 and returned to the hive
Bee swarm 130 is searching section 1660
Bee swarm 130 did not find Winnie the Pooh in section 1660 and returned to the hive
Bee swarm 71 is searching section 1708
Bee swarm 71 did not find Winnie the Pooh in section 1708 and returned to the hive
Bee swarm 156 is searching section 1735
Bee swarm 156 did not find Winnie the Pooh in section 1735 and returned to the hive
Bee swarm 106 is searching section 1744
Bee swarm 106 did not find Winnie the Pooh in section 1744 and returned to the hive
Bee swarm 129 is searching section 1656
Bee swarm 129 did not find Winnie the Pooh in section 1656 and returned to the hive
Bee swarm 181 is searching section 1737
Bee swarm 181 did not find Winnie the Pooh in section 1737 and returned to the hive
Bee swarm 34 is searching section 1692
Bee swarm 34 did not find Winnie the Pooh in section 1692 and returned to the hive
Bee swarm 158 is searching section 1681
Bee swarm 158 did not find Winnie the Pooh in section 1681 and returned to the hive
Bee swarm 133 is searching section 1669
Bee swarm 133 did not find Winnie the Pooh in section 1669 and returned to the hive
Bee swarm 16 is searching section 1710
Bee swarm 16 did not find Winnie the Pooh in section 1710 and returned to the hive
Bee swarm 196 is searching section 1680
Bee swarm 196 did not find Winnie the Pooh in section 1680 and returned to the hive
Bee swarm 143 is searching section 1693
Bee swarm 143 did not find Winnie the Pooh in section 1693 and returned to the hive
Bee swarm 107 is searching section 1733
Bee swarm 107 did not find Winnie the Pooh in section 1733 and returned to the hive
Bee swarm 109 is searching section 1767
Bee swarm 109 did not find Winnie the Pooh in section 1767 and returned to the hive
Bee swarm 194 is searching section 1752
Bee swarm 194 did not find Winnie the Pooh in section 1752 and returned to the hive
Bee swarm 146 is searching section 1668
Bee swarm 146 did not find Winnie the Pooh in section 1668 and returned to the hive
Bee swarm 24 is searching section 1700
Bee swarm 24 did not find Winnie the Pooh in section 1700 and returned to the hive
Bee swarm 115 is searching section 1722
Bee swarm 115 did not find Winnie the Pooh in section 1722 and returned to the hive
Bee swarm 152 is searching section 1675
Bee swarm 152 did not find Winnie the Pooh in section 1675 and returned to the hive
Bee swarm 122 is searching section 1732
Bee swarm 122 did not find Winnie the Pooh in section 1732 and returned to the hive
Bee swarm 142 is searching section 1688
Bee swarm 142 did not find Winnie the Pooh in section 1688 and returned to the hive
Bee swarm 145 is searching section 1714
Bee swarm 145 did not find Winnie the Pooh in section 1714 and returned to the hive
Bee swarm 141 is searching section 1728
Bee swarm 141 did not find Winnie the Pooh in section 1728 and returned to the hive
Bee swarm 163 is searching section 1770
Bee swarm 163 did not find Winnie the Pooh in section 1770 and returned to the hive
Bee swarm 198 is searching section 1769
Bee swarm 198 did not find Winnie the Pooh in section 1769 and returned to the hive
Bee swarm 116 is searching section 1703
Bee swarm 116 did not find Winnie the Pooh in section 1703 and returned to the hive
Bee swarm 4 is searching section 1727
Bee swarm 4 did not find Winnie the Pooh in section 1727 and returned to the hive
Bee swarm 57 is searching section 1679
Bee swarm 57 did not find Winnie the Pooh in section 1679 and returned to the hive
Bee swarm 44 is searching section 1764
Bee swarm 44 did not find Winnie the Pooh in section 1764 and returned to the hive
Bee swarm 1 is searching section 1778
Bee swarm 1 did not find Winnie the Pooh in section 1778 and returned to the hive
Bee swarm 162 is searching section 1665
Bee swarm 162 did not find Winnie the Pooh in section 1665 and returned to the hive
Bee swarm 123 is searching section 1699
Bee swarm 123 did not find Winnie the Pooh in section 1699 and returned to the hive
Bee swarm 97 is searching section 1766
Bee swarm 97 did not find Winnie the Pooh in section 1766 and returned to the hive
Bee swarm 88 is searching section 1760
Bee swarm 88 did not find Winnie the Pooh in section 1760 and returned to the hive
Bee swarm 58 is searching section 1685
Bee swarm 58 did not find Winnie the Pooh in section 1685 and returned to the hive
Bee swarm 95 is searching section 1691
Bee swarm 95 did not find Winnie the Pooh in section 1691 and returned to the hive
Bee swarm 126 is searching section 1671
Bee swarm 126 did not find Winnie the Pooh in section 1671 and returned to the hive
Bee swarm 171 is searching section 1745
Bee swarm 171 did not find Winnie the Pooh in section 1745 and returned to the hive
Bee swarm 42 is searching section 1716
Bee swarm 42 did not find Winnie the Pooh in section 1716 and returned to the hive
Bee swarm 182 is searching section 1771
Bee swarm 182 did not find Winnie the Pooh in section 1771 and returned to the hive
Bee swarm 15 is searching section 1788
Bee swarm 15 did not find Winnie the Pooh in section 1788 and returned to the hive
Bee swarm 11 is searching section 1753
Bee swarm 11 did not find Winnie the Pooh in section 1753 and returned to the hive
Bee swarm 69 is searching section 1725
Bee swarm 69 did not find Winnie the Pooh in section 1725 and returned to the hive
Bee swarm 84 is searching section 1765
Bee swarm 84 did not find Winnie the Pooh in section 1765 and returned to the hive
Bee swarm 120 is searching section 1793
Bee swarm 120 did not find Winnie the Pooh in section 1793 and returned to the hive
Bee swarm 83 is searching section 1687
Bee swarm 83 did not find Winnie the Pooh in section 1687 and returned to the hive
Bee swarm 38 is searching section 1694
Bee swarm 38 did not find Winnie the Pooh in section 1694 and returned to the hive
Bee swarm 87 is searching section 1695
Bee swarm 87 did not find Winnie the Pooh in section 1695 and returned to the hive
Bee swarm 111 is searching section 1739
Bee swarm 111 did not find Winnie the Pooh in section 1739 and returned to the hive
Bee swarm 30 is searching section 1730
Bee swarm 30 did not find Winnie the Pooh in section 1730 and returned to the hive
Bee swarm 47 is searching section 1706
Bee swarm 47 did not find Winnie the Pooh in section 1706 and returned to the hive
Bee swarm 135 is searching section 1705
Bee swarm 135 did not find Winnie the Pooh in section 1705 and returned to the hive
Bee swarm 144 is searching section 1690
Bee swarm 144 did not find Winnie the Pooh in section 1690 and returned to the hive
Bee swarm 134 is searching section 1715
Bee swarm 134 did not find Winnie the Pooh in section 1715 and returned to the hive
Bee swarm 118 is searching section 1707
Bee swarm 118 did not find Winnie the Pooh in section 1707 and returned to the hive
Bee swarm 101 is searching section 1701
Bee swarm 101 did not find Winnie the Pooh in section 1701 and returned to the hive
Bee swarm 39 is searching section 1803
Bee swarm 39 did not find Winnie the Pooh in section 1803 and returned to the hive
Bee swarm 82 is searching section 1774
Bee swarm 82 did not find Wininnie the Pooh in section 1718 and returned to the hive
Pooh in section 1769 and returned to the hive
Bee swarm 116 is searching section 1703
Bee swarm 116 did not find Winnie the Pooh in section 1703 and returned to the hive
Bee swarm 4 is searching section 1727
Bee swarm 4 did not find Winnie the Pooh in section 1727 and returned to the hive
Bee swarm 57 is searching section 1679
Bee swarm 57 did not find Winnie the Pooh in section 1679 and returned to the hive
Bee swarm 44 is searching section 1764
Bee swarm 44 did not find Winnie the Pooh in section 1764 and returned to the hive
Bee swarm 1 is searching section 1778
Bee swarm 1 did not find Winnie the Pooh in section 1778 and returned to the hive
Bee swarm 162 is searching section 1665
Bee swarm 162 did not find Winnie the Pooh in section 1665 and returned to the hive
Bee swarm 123 is searching section 1699
Bee swarm 123 did not find Winnie the Pooh in section 1699 and returned to the hive
Bee swarm 97 is searching section 1766
Bee swarm 97 did not find Winnie the Pooh in section 1766 and returned to the hive
Bee swarm 88 is searching section 1760
Bee swarm 88 did not find Winnie the Pooh in section 1760 and returned to the hive
Bee swarm 58 is searching section 1685
Bee swarm 58 did not find Winnie the Pooh in section 1685 and returned to the hive
Bee swarm 95 is searching section 1691
Bee swarm 95 did not find Winnie the Pooh in section 1691 and returned to the hive
Bee swarm 126 is searching section 1671
Bee swarm 126 did not find Winnie the Pooh in section 1671 and returned to the hive
Bee swarm 171 is searching section 1745
Bee swarm 171 did not find Winnie the Pooh in section 1745 and returned to the hive
Bee swarm 42 is searching section 1716
Bee swarm 42 did not find Winnie the Pooh in section 1716 and returned to the hive
Bee swarm 182 is searching section 1771
Bee swarm 182 did not find Winnie the Pooh in section 1771 and returned to the hive
Bee swarm 15 is searching section 1788
Bee swarm 15 did not find Winnie the Pooh in section 1788 and returned to the hive
Bee swarm 11 is searching section 1753
Bee swarm 11 did not find Winnie the Pooh in section 1753 and returned to the hive
Bee swarm 69 is searching section 1725
Bee swarm 69 did not find Winnie the Pooh in section 1725 and returned to the hive
Bee swarm 84 is searching section 1765
Bee swarm 84 did not find Winnie the Pooh in section 1765 and returned to the hive
Bee swarm 120 is searching section 1793
Bee swarm 120 did not find Winnie the Pooh in section 1793 and returned to the hive
Bee swarm 83 is searching section 1687
Bee swarm 83 did not find Winnie the Pooh in section 1687 and returned to the hive
Bee swarm 38 is searching section 1694
Bee swarm 38 did not find Winnie the Pooh in section 1694 and returned to the hive
Bee swarm 87 is searching section 1695
Bee swarm 87 did not find Winnie the Pooh in section 1695 and returned to the hive
Bee swarm 111 is searching section 1739
Bee swarm 111 did not find Winnie the Pooh in section 1739 and returned to the hive
Bee swarm 30 is searching section 1730
Bee swarm 30 did not find Winnie the Pooh in section 1730 and returned to the hive
Bee swarm 47 is searching section 1706
Bee swarm 47 did not find Winnie the Pooh in section 1706 and returned to the hive
Bee swarm 135 is searching section 1705
Bee swarm 135 did not find Winnie the Pooh in section 1705 and returned to the hive
Bee swarm 144 is searching section 1690
Bee swarm 144 did not find Winnie the Pooh in section 1690 and returned to the hive
Bee swarm 134 is searching section 1715
Bee swarm 134 did not find Winnie the Pooh in section 1715 and returned to the hive
Bee swarm 118 is searching section 1707
Bee swarm 118 did not find Winnie the Pooh in section 1707 and returned to the hive
Bee swarm 101 is searching section 1701
Bee swarm 101 did not find Winnie the Pooh in section 1701 and returned to the hive
Bee swarm 39 is searching section 1803
Bee swarm 39 did not find Winnie the Pooh in section 1803 and returned to the hive
Bee swarm 82 is searching section 1774
Bee swarm 82 did not find WiniBie the Pooh in section 1774 and returned to the hive
Bee swarm 159 is searching section 1758
Bee swarm 159 did not find Winnie the Pooh in section 1758 and returned to the hive
Bee swarm 96 is searching section 1704
Bee swarm 96 did not find Winnie the Pooh in section 1704 and returned to the hive
Bee swarm 50 is searching section 1802
Bee swarm 50 did not find Winnie the Pooh in section 1802 and returned to the hive
Bee swarm 175 is searching section 1761
Bee swarm 175 did not find Winnie the Pooh in section 1761 and returned to the hive
Bee swarm 8 is searching section 1711
Bee swarm 8 did not find Winnie the Pooh in section 1711 and returned to the hive
Bee swarm 160 is searching section 1712
Bee swarm 160 did not find Winnie the Pooh in section 1712 and returned to the hive
Bee swarm 193 is searching section 1743
Bee swarm 193 did not find Winnie the Pooh in section 1743 and returned to the hive
Bee swarm 161 is searching section 1740
Bee swarm 161 did not find Winnie the Pooh in section 1740 and returned to the hive
Bee swarm 54 is searching section 1749
Bee swarm 54 did not find Winnie the Pooh in section 1749 and returned to the hive
Bee swarm 35 is searching section 1814
Bee swarm 35 did not find Winnie the Pooh in section 1814 and returned to the hive
Bee swarm 185 is searching section 1777
Bee swarm 185 did not find Winnie the Pooh in section 1777 and returned to the hive
Bee swarm 190 is searching section 1731
Bee swarm 190 did not find Winnie the Pooh in section 1731 and returned to the hive
Bee swarm 5 is searching section 1763
Bee swarm 5 did not find Winnie the Pooh in section 1763 and returned to the hive
Bee swarm 13 is searching section 1720
Bee swarm 13 did not find Winnie the Pooh in section 1720 and returned to the hive
Bee swarm 154 is searching section 1750
Bee swarm 154 did not find Winnie the Pooh in section 1750 and returned to the hive
Bee swarm 19 is searching section 1822
Bee swarm 19 did not find Winnie the Pooh in section 1822 and returned to the hive
Bee swarm 37 is searching section 1810
Bee swarm 37 did not find Winnie the Pooh in section 1810 and returned to the hive
Bee swarm 150 is searching section 1785
Bee swarm 150 did not find Winnie the Pooh in section 1785 and returned to the hive
Bee swarm 110 is searching section 1724
Bee swarm 110 did not find Winnie the Pooh in section 1724 and returned to the hive
Bee swarm 7 is searching section 1762
Bee swarm 7 did not find Winnie the Pooh in section 1762 and returned to the hive
Bee swarm 138 is searching section 1721
Bee swarm 138 did not find Winnie the Pooh in section 1721 and returned to the hive
Bee swarm 167 is searching section 1783
Bee swarm 167 did not find Winnie the Pooh in section 1783 and returned to the hive
Bee swarm 70 is searching section 1747
Bee swarm 70 did not find Winnie the Pooh in section 1747 and returned to the hive
Bee swarm 132 is searching section 1798
Bee swarm 132 did not find Winnie the Pooh in section 1798 and returned to the hive
Bee swarm 176 is searching section 1729
Bee swarm 176 did not find Winnie the Pooh in section 1729 and returned to the hive
Bee swarm 65 is searching section 1719
Bee swarm 65 did not find Winnie the Pooh in section 1719 and returned to the hive
Bee swarm 183 is searching section 1723
Bee swarm 183 did not find Winnie the Pooh in section 1723 and returned to the hive
Bee swarm 59 is searching section 1772
Bee swarm 59 did not find Winnie the Pooh in section 1772 and returned to the hive
Bee swarm 103 is searching section 1781
Bee swarm 103 did not find Winnie the Pooh in section 1781 and returned to the hive
Bee swarm 45 is searching section 1826
Bee swarm 45 did not find Winnie the Pooh in section 1826 and returned to the hive
Bee swarm 192 is searching section 1801
Bee swarm 192 did not find Winnie the Pooh in section 1801 and returned to the hive
Bee swarm 68 is searching section 1734
Bee swarm 68 did not find Winnie the Pooh in section 1734 and returned to the hive
Bee swarm 92 is searching section 1790
Bee swarm 92 did not find Winnie the Pooh in section 1790 and returned to the hive
Bee swarm 89 is searching section 1726
Bee swarm 89 did not find Winnie the Pooh in section 1726 and returned to the hive
Bee swarm 23 is searching section 1820
Bee swarm 23 did not find Winnie the Pooh in section 1820 and returned to the hive
Bee swarm 151 is searching section 1836
Bee swarm 151 did not find Winnie the Pooh in section 1836 and returned to the hive
Bee swarm 27 is searching section 1786
Bee swarm 27 did not find Winnie the Pooh in section 1786 and returned to the hive
Bee swarm 75 is searching section 1799
Bee swarm 75 did not find Winnie the Pooh in section 1799 and returned to the hive
Bee swarm 66 is searching section 1830
Bee swarm 66 did not find Winnie the Pooh in section 1830 and returned to the hive
Bee swarm 64 is searching section 1780
Bee swarm 64 did not find Winnie the Pooh in section 1780 and returned to the hive
Bee swarm 93 is searching section 1757
Bee swarm 93 did not find Winnie the Pooh in section 1757 and returned to the hive
Bee swarm 100 is searching section 1825
Bee swarm 100 did not find Winnie the Pooh in section 1825 and returned to the hive
Bee swarm 21 is searching section 1804
Bee swarm 21 did not find Winnie the Pooh in section 1804 and returned to the hive
Bee swarm 63 is searching section 1748
Bee swarm 63 did not find Winnie the Pooh in section 1748 and returned to the hive
Bee swarm 33 is searching section 1855
Bee swarm 33 did not find Winnie the Pooh in section 1855 and returned to the hive
Bee swarm 9 is searching section 1742
Bee swarm 9 did not find Winnie the Pooh in section 1742 and returned to the hive
Bee swarm 165 is searching section 1741
Bee swarm 165 did not find Winnie the Pooh in section 1741 and returned to the hive
Bee swarm 74 is searching section 1789
Bee swarm 74 did not find Winnie the Pooh in section 1789 and returned to the hive
Bee swarm 105 is searching section 1823
Bee swarm 105 did not find Winnie the Pooh in section 1823 and returned to the hive
Bee swarm 72 is searching section 1824
Bee swarm 72 did not find Winnie the Pooh in section 1824 and returned to the hive
Bee swarm 199 is searching section 1791
Bee swarm 199 did not find Winnie the Pooh in section 1791 and returned to the hive
Bee swarm 49 is searching section 1784
Bee swarm 49 did not find Winnie the Pooh in section 1784 and returned to the hive
Bee swarm 26 is searching section 1812
Bee swarm 26 did not find Winnie the Pooh in section 1812 and returned to the hive
Bee swarm 17 is searching section 1858
Bee swarm 17 did not find Winnie the Pooh in section 1858 and returned to the hive
Bee swarm 119 is searching section 1843
Bee swarm 119 did not find Winnie the Pooh in section 1843 and returned to the hive
Bee swarm 139 is searching section 1794
Bee swarm 139 did not find Winnie the Pooh in section 1794 and returned to the hive
Bee swarm 114 is searching section 1779
Bee swarm 114 did not find Winnie the Pooh in section 1779 and returned to the hive
Bee swarm 51 is searching section 1768
Bee swarm 51 did not find Winnie the Pooh in section 1768 and returned to the hive
Bee swarm 67 is searching section 1756
Bee swarm 67 did not find Winnie the Pooh in section 1756 and returned to the hive
Bee swarm 125 is searching section 1840
Bee swarm 125 did not find Winnie the Pooh in section 1840 and returned to the hive
Bee swarm 180 is searching section 1751
Bee swarm 180 did not find Winnie the Pooh in section 1751 and returned to the hive
Bee swarm 94 is searching section 1773
Bee swarm 94 did not find Winnie the Pooh in section 1773 and returned to the hive
Bee swarm 12 is searching section 1754
Bee swarm 12 did not find Winnie the Pooh in section 1754 and returned to the hive
Bee swarm 6 is searching section 1759
Bee swarm 6 did not find Winnie the Pooh in section 1759 and returned to the hive
Bee swarm 62 is searching section 1818
Bee swarm 62 did not find Winnie the Pooh in section 1818 and returned to the hive
Bee swarm 131 is searching section 1813
Bee swarm 131 did not find Winnie the Pooh in section 1813 and returned to the hive
Bee swarm 36 is searching section 1853
Bee swarm 36 did not find Winnie the Pooh in section 1853 and returned to the hive
Bee swarm 174 is searching section 1808
Bee swarm 174 did not find Winnie the Pooh in section 1808 and returned to the hive
Bee swarm 188 is searching section 1775
Bee swarm 188 did not find Winnie the Pooh in section 1775 and returned to the hive
Bee swarm 76 is searching section 1877
Bee swarm 76 did not find Winnie the Pooh in section 1877 and returned to the hive
Bee swarm 32 is searching section 1856
Bee swarm 32 did not find Winnie the Pooh in section 1856 and returned to the hive
Bee swarm 124 is searching section 1846
Bee swarm 124 did not find Winnie the Pooh in section 1846 and returned to the hive
Bee swarm 48 is searching section 1817
Bee swarm 48 did not find Winnie the Pooh in section 1817 and returned to the hive
Bee swarm 166 is searching section 1797
Bee swarm 166 did not find Winnie the Pooh in section 1797 and returned to the hive
Bee swarm 173 is searching section 1869
Bee swarm 173 did not find Winnie the Pooh in section 1869 and returned to the hive
Bee swarm 99 is searching section 1859
Bee swarm 99 did not find Winnie the Pooh in section 1859 and returned to the hive
Bee swarm 18 is searching section 1792
Bee swarm 18 did not find Winnie the Pooh in section 1792 and returned to the hive
Bee swarm 2 is searching section 1782
Bee swarm 2 did not find Winnie the Pooh in section 1782 and returned to the hive
Bee swarm 22 is searching section 1807
Bee swarm 22 did not find Winnie the Pooh in section 1807 and returned to the hive
Bee swarm 148 is searching section 1787
Bee swarm 148 did not find Winnie the Pooh in section 1787 and returned to the hive
Bee swarm 184 is searching section 1800
Bee swarm 184 did not find Winnie the Pooh in section 1800 and returned to the hive
Bee swarm 147 is searching section 1776
Bee swarm 147 did not find Winnie the Pooh in section 1776 and returned to the hive
Bee swarm 168 is searching section 1851
Bee swarm 168 did not find Winnie the Pooh in section 1851 and returned to the hive
Bee swarm 170 is searching section 1832
Bee swarm 170 did not find Winnie the Pooh in section 1832 and returned to the hive
Bee swarm 34 is searching section 1894
Bee swarm 34 did not find Winnie the Pooh in section 1894 and returned to the hive
Bee swarm 3 is searching section 1834
Bee swarm 3 did not find Winnie the Pooh in section 1834 and returned to the hive
Bee swarm 158 is searching section 1895
Bee swarm 158 did not find Winnie the Pooh in section 1895 and returned to the hive
Bee swarm 79 is searching section 1841
Bee swarm 79 did not find Winnie the Pooh in section 1841 and returned to the hive
Bee swarm 31 is searching section 1887
Bee swarm 31 did not find Winnie the Pooh in section 1887 and returned to the hive
Bee swarm 121 is searching section 1795
Bee swarm 121 did not find Winnie the Pooh in section 1795 and returned to the hive
Bee swarm 78 is searching section 1842
Bee swarm 78 did not find Winnie the Pooh in section 1842 and returned to the hive
Bee swarm 56 is searching section 1833
Bee swarm 56 did not find Winnie the Pooh in section 1833 and returned to the hive
Bee swarm 98 is searching section 1848
Bee swarm 98 did not find Winnie the Pooh in section 1848 and returned to the hive
Bee swarm 24 is searching section 1904
Bee swarm 24 did not find Winnie the Pooh in section 1904 and returned to the hive
Bee swarm 191 is searching section 1827
Bee swarm 191 did not find Winnie the Pooh in section 1827 and returned to the hive
Bee swarm 113 is searching section 1849
Bee swarm 113 did not find Winnie the Pooh in section 1849 and returned to the hive
Bee swarm 1 is searching section 1917
Bee swarm 1 did not find Winnie the Pooh in section 1917 and returned to the hive
Bee swarm 177 is searching section 1865
Bee swarm 177 did not find Winnie the Pooh in section 1865 and returned to the hive
Bee swarm 186 is searching section 1811
Bee swarm 186 did not find Winnie the Pooh in section 1811 and returned to the hive
Bee swarm 102 is searching section 1819
Bee swarm 102 did not find Winnie the Pooh in section 1819 and returned to the hive
 in section 1853 and returned to the hive
Bee swarm 174 is searching section 1808
Bee swarm 174 did not find Winnie the Pooh in section 1808 and returned to the hive
Bee swarm 188 is searching section 1775
Bee swarm 188 did not find Winnie the Pooh in section 1775 and returned to the hive
Bee swarm 76 is searching section 1877
Bee swarm 76 did not find Winnie the Pooh in section 1877 and returned to the hive
Bee swarm 32 is searching section 1856
Bee swarm 32 did not find Winnie the Pooh in section 1856 and returned to the hive
Bee swarm 124 is searching section 1846
Bee swarm 124 did not find Winnie the Pooh in section 1846 and returned to the hive
Bee swarm 48 is searching section 1817
Bee swarm 48 did not find Winnie the Pooh in section 1817 and returned to the hive
Bee swarm 166 is searching section 1797
Bee swarm 166 did not find Winnie the Pooh in section 1797 and returned to the hive
Bee swarm 173 is searching section 1869
Bee swarm 173 did not find Winnie the Pooh in section 1869 and returned to the hive
Bee swarm 99 is searching section 1859
Bee swarm 99 did not find Winnie the Pooh in section 1859 and returned to the hive
Bee swarm 18 is searching section 1792
Bee swarm 18 did not find Winnie the Pooh in section 1792 and returned to the hive
Bee swarm 2 is searching section 1782
Bee swarm 2 did not find Winnie the Pooh in section 1782 and returned to the hive
Bee swarm 22 is searching section 1807
Bee swarm 22 did not find Winnie the Pooh in section 1807 and returned to the hive
Bee swarm 148 is searching section 1787
Bee swarm 148 did not find Winnie the Pooh in section 1787 and returned to the hive
Bee swarm 184 is searching section 1800
Bee swarm 184 did not find Winnie the Pooh in section 1800 and returned to the hive
Bee swarm 147 is searching section 1776
Bee swarm 147 did not find Winnie the Pooh in section 1776 and returned to the hive
Bee swarm 168 is searching section 1851
Bee swarm 168 did not find Winnie the Pooh in section 1851 and returned to the hive
Bee swarm 170 is searching section 1832
Bee swarm 170 did not find Winnie the Pooh in section 1832 and returned to the hive
Bee swarm 34 is searching section 1894
Bee swarm 34 did not find Winnie the Pooh in section 1894 and returned to the hive
Bee swarm 3 is searching section 1834
Bee swarm 3 did not find Winnie the Pooh in section 1834 and returned to the hive
Bee swarm 158 is searching section 1895
Bee swarm 158 did not find Winnie the Pooh in section 1895 and returned to the hive
Bee swarm 79 is searching section 1841
Bee swarm 79 did not find Winnie the Pooh in section 1841 and returned to the hive
Bee swarm 31 is searching section 1887
Bee swarm 31 did not find Winnie the Pooh in section 1887 and returned to the hive
Bee swarm 121 is searching section 1795
Bee swarm 121 did not find Winnie the Pooh in section 1795 and returned to the hive
Bee swarm 78 is searching section 1842
Bee swarm 78 did not find Winnie the Pooh in section 1842 and returned to the hive
Bee swarm 56 is searching section 1833
Bee swarm 56 did not find Winnie the Pooh in section 1833 and returned to the hive
Bee swarm 98 is searching section 1848
Bee swarm 98 did not find Winnie the Pooh in section 1848 and returned to the hive
Bee swarm 24 is searching section 1904
Bee swarm 24 did not find Winnie the Pooh in section 1904 and returned to the hive
Bee swarm 191 is searching section 1827
Bee swarm 191 did not find Winnie the Pooh in section 1827 and returned to the hive
Bee swarm 113 is searching section 1849
Bee swarm 113 did not find Winnie the Pooh in section 1849 and returned to the hive
Bee swarm 1 is searching section 1917
Bee swarm 1 did not find Winnie the Pooh in section 1917 and returned to the hive
Bee swarm 177 is searching section 1865
Bee swarm 177 did not find Winnie the Pooh in section 1865 and returned to the hive
Bee swarm 186 is searching section 1811
Bee swarm 186 did not find Winnie the Pooh in section 1811 and returned to the hive
Bee swarm 102 is searching section 1819
Bee swarm 102 did not find Winnie the Pooh inBee swarm 77 is searching section 1828
Bee swarm 77 did not find Winnie the Pooh in section 1828 and returned to the hive
Bee swarm 10 is searching section 1872
Bee swarm 10 did not find Winnie the Pooh in section 1872 and returned to the hive
Bee swarm 187 is searching section 1805
Bee swarm 187 did not find Winnie the Pooh in section 1805 and returned to the hive
Bee swarm 153 is searching section 1821
Bee swarm 153 did not find Winnie the Pooh in section 1821 and returned to the hive
Bee swarm 41 is searching section 1867
Bee swarm 41 did not find Winnie the Pooh in section 1867 and returned to the hive
Bee swarm 169 is searching section 1844
Bee swarm 169 did not find Winnie the Pooh in section 1844 and returned to the hive
Bee swarm 126 is searching section 1924
Bee swarm 126 did not find Winnie the Pooh in section 1924 and returned to the hive
Bee swarm 172 is searching section 1883
Bee swarm 172 did not find Winnie the Pooh in section 1883 and returned to the hive
Bee swarm 178 is searching section 1871
Bee swarm 178 did not find Winnie the Pooh in section 1871 and returned to the hive
Bee swarm 46 is searching section 1857
Bee swarm 46 did not find Winnie the Pooh in section 1857 and returned to the hive
Bee swarm 104 is searching section 1854
Bee swarm 104 did not find Winnie the Pooh in section 1854 and returned to the hive
Bee swarm 122 is searching section 1907
Bee swarm 122 did not find Winnie the Pooh in section 1907 and returned to the hive
Bee swarm 155 is searching section 1863
Bee swarm 155 did not find Winnie the Pooh in section 1863 and returned to the hive
Bee swarm 91 is searching section 1815
Bee swarm 91 did not find Winnie the Pooh in section 1815 and returned to the hive
Bee swarm 142 is searching section 1908
Bee swarm 142 did not find Winnie the Pooh in section 1908 and returned to the hive
Bee swarm 90 is searching section 1806
Bee swarm 90 did not find Winnie the Pooh in section 1806 and returned to the hive
Bee swarm 43 is searching section 1852
Bee swarm 43 did not find Winnie the Pooh in section 1852 and returned to the hive
Bee swarm 53 is searching section 1809
Bee swarm 53 did not find Winnie the Pooh in section 1809 and returned to the hive
Bee swarm 108 is searching section 1837
Bee swarm 108 did not find Winnie the Pooh in section 1837 and returned to the hive
Bee swarm 171 is searching section 1925
Bee swarm 171 did not find Winnie the Pooh in section 1925 and returned to the hive
Bee swarm 197 is searching section 1829
Bee swarm 197 did not find Winnie the Pooh in section 1829 and returned to the hive
Bee swarm 57 is searching section 1915
Bee swarm 57 did not find Winnie the Pooh in section 1915 and returned to the hive
Bee swarm 30 is searching section 1937
Bee swarm 30 did not find Winnie the Pooh in section 1937 and returned to the hive
Bee swarm 61 is searching section 1864
Bee swarm 61 did not find Winnie the Pooh in section 1864 and returned to the hive
Bee swarm 83 is searching section 1933
Bee swarm 83 did not find Winnie the Pooh in section 1933 and returned to the hive
Bee swarm 4 is searching section 1914
Bee swarm 4 did not find Winnie the Pooh in section 1914 and returned to the hive
Bee swarm 84 is searching section 1931
Bee swarm 84 did not find Winnie the Pooh in section 1931 and returned to the hive
Bee swarm 14 is searching section 1845
Bee swarm 14 did not find Winnie the Pooh in section 1845 and returned to the hive
Bee swarm 52 is searching section 1816
Bee swarm 52 did not find Winnie the Pooh in section 1816 and returned to the hive
Bee swarm 109 is searching section 1901
Bee swarm 109 did not find Winnie the Pooh in section 1901 and returned to the hive
Bee swarm 115 is searching section 1905
Bee swarm 115 did not find Winnie the Pooh in section 1905 and returned to the hive
Bee swarm 149 is searching section 1831
Bee swarm 149 did not find Winnie the Pooh in section 1831 and returned to the hive
Bee swarm 145 is searching section 1909
Bee swarm 145 did not find Winnie the Pooh in section 1909 and returned to the hive
Bee swarm 11 is searching section 1929
Bee swarm 11 did not find Winnie the Pooh in section 1929 and returned to the hive
Bee swarm 137 is searching section 1838
Bee swarm 137 did not find Winnie the Pooh in section 1838 and returned to the hive
Bee swarm 85 is searching section 1839
Bee swarm 85 did not find Winnie the Pooh in section 1839 and returned to the hive
Bee swarm 156 is searching section 1890
Bee swarm 156 did not find Winnie the Pooh in section 1890 and returned to the hive
Bee swarm 81 is searching section 1874
Bee swarm 81 did not find Winnie the Pooh in section 1874 and returned to the hive
Bee swarm 135 is searching section 1939
Bee swarm 135 did not find Winnie the Pooh in section 1939 and returned to the hive
Bee swarm 160 is searching section 1952
Bee swarm 160 did not find Winnie the Pooh in section 1952 and returned to the hive
Bee swarm 152 is searching section 1906
Bee swarm 152 did not find Winnie the Pooh in section 1906 and returned to the hive
Bee swarm 179 is searching section 1880
Bee swarm 179 did not find Winnie the Pooh in section 1880 and returned to the hive
Bee swarm 39 is searching section 1944
Bee swarm 39 did not find Winnie the Pooh in section 1944 and returned to the hive
Bee swarm 5 is searching section 1959
Bee swarm 5 did not find Winnie the Pooh in section 1959 and returned to the hive
Bee swarm 164 is searching section 1886
Bee swarm 164 did not find Winnie the Pooh in section 1886 and returned to the hive
Bee swarm 127 is searching section 1873
Bee swarm 127 did not find Winnie the Pooh in section 1873 and returned to the hive
Bee swarm 134 is searching section 1941
Bee swarm 134 did not find Winnie the Pooh in section 1941 and returned to the hive
Bee swarm 116 is searching section 1913
Bee swarm 116 did not find Winnie the Pooh in section 1913 and returned to the hive
Bee swarm 157 is searching section 1835
Bee swarm 157 did not find Winnie the Pooh in section 1835 and returned to the hive
Bee swarm 71 is searching section 1889
Bee swarm 71 did not find Winnie the Pooh in section 1889 and returned to the hive
Bee swarm 82 is searching section 1946
Bee swarm 82 did not find Winnie the Pooh in section 1946 and returned to the hive
Bee swarm 86 is searching section 1861
Bee swarm 86 did not find Winnie the Pooh in section 1861 and returned to the hive
Bee swarm 87 is searching section 1935
Bee swarm 87 did not find Winnie the Pooh in section 1935 and returned to the hive
Bee swarm 42 is searching section 1926
Bee swarm 42 did not find Winnie the Pooh in section 1926 and returned to the hive
Bee swarm 70 is searching section 1969
Bee swarm 70 did not find Winnie the Pooh in section 1969 and returned to the hive
Bee swarm 162 is searching section 1918
Bee swarm 162 did not find Winnie the Pooh in section 1918 and returned to the hive
Bee swarm 123 is searching section 1919
Bee swarm 123 did not find Winnie the Pooh in section 1919 and returned to the hive
Bee swarm 133 is searching section 1896
Bee swarm 133 did not find Winnie the Pooh in section 1896 and returned to the hive
Bee swarm 136 is searching section 1866
Bee swarm 136 did not find Winnie the Pooh in section 1866 and returned to the hive
Bee swarm 112 is searching section 1875
Bee swarm 112 did not find Winnie the Pooh in section 1875 and returned to the hive
Bee swarm 97 is searching section 1920
Bee swarm 97 did not find Winnie the Pooh in section 1920 and returned to the hive
Bee swarm 25 is searching section 1847
Bee swarm 25 did not find Winnie the Pooh in section 1847 and returned to the hive
Bee swarm 55 is searching section 1860
Bee swarm 55 did not find Winnie the Pooh in section 1860 and returned to the hive
Bee swarm 40 is searching section 1870
Bee swarm 40 did not find Winnie the Pooh in section 1870 and returned to the hive
Bee swarm 20 is searching section 1879
Bee swarm 20 did not find Winnie the Pooh in section 1879 and returned to the hive
Bee swarm 15 is searching section 1928
Bee swarm 15 did not find Winnie the Pooh in section 1928 and returned to the hive
Bee swarm 143 is searching section 1899
Bee swarm 143 did not find Winnie the Pooh in section 1899 and returned to the hive
Bee swarm 194 is searching section 1902
Bee swarm 194 did not find Winnie the Pooh in section 1902 and returned to the hive
Bee swarm 129 is searching section 1892
Bee swarm 129 did not find Winnie the Pooh in section 1892 and returned to the hive
Bee swarm 103 is searching section 1975
Bee swarm 103 did not find Winnie the Pooh in section 1975 and returned to the hive
Bee swarm 58 is searching section 1922
Bee swarm 58 did not find Winnie the Pooh in section 1922 and returned to the hive
Bee swarm 111 is searching section 1936
Bee swarm 111 did not find Winnie the Pooh in section 1936 and returned to the hive
Bee swarm 80 is searching section 1884
Bee swarm 80 did not find Winnie the Pooh in section 1884 and returned to the hive
Bee swarm 117 is searching section 1868
Bee swarm 117 did not find Winnie the Pooh in section 1868 and returned to the hive
Bee swarm 29 is searching section 1862
Bee swarm 29 did not find Winnie the Pooh in section 1862 and returned to the hive
Bee swarm 128 is searching section 1881
Bee swarm 128 did not find Winnie the Pooh in section 1881 and returned to the hive
Bee swarm 28 is searching section 1882
Bee swarm 28 did not find Winnie the Pooh in section 1882 and returned to the hive
Bee swarm 107 is searching section 1900
Bee swarm 107 did not find Winnie the Pooh in section 1900 and returned to the hive
Bee swarm 44 is searching section 1916
Bee swarm 44 did not find Winnie the Pooh in section 1916 and returned to the hive
Bee swarm 69 is searching section 1930
Bee swarm 69 did not find Winnie the Pooh in section 1930 and returned to the hive
Bee swarm 130 is searching section 1888
Bee swarm 130 did not find Winnie the Pooh in section 1888 and returned to the hive
Bee swarm 181 is searching section 1893
Bee swarm 181 did not find Winnie the Pooh in section 1893 and returned to the hive
Bee swarm 54 is searching section 1955
Bee swarm 54 did not find Winnie the Pooh in section 1955 and returned to the hive
Bee swarm 120 is searching section 1932
Bee swarm 120 did not find Winnie the Pooh in section 1932 and returned to the hive
Bee swarm 38 is searching section 1934
Bee swarm 38 did not find Winnie the Pooh in section 1934 and returned to the hive
Bee swarm 140 is searching section 1876
Bee swarm 140 did not find Winnie the Pooh in section 1876 and returned to the hive
Bee swarm 196 is searching section 1898
Bee swarm 196 did not find Winnie the Pooh in section 1898 and returned to the hive
Bee swarm 101 is searching section 1943
Bee swarm 101 did not find Winnie the Pooh in section 1943 and returned to the hive
Bee swarm 195 is searching section 1878
Bee swarm 195 did not find Winnie the Pooh in section 1878 and returned to the hive
Bee swarm 96 is searching section 1948
Bee swarm 96 did not find Winnie the Pooh in section 1948 and returned to the hive
Bee swarm 73 is searching section 1885
Bee swarm 73 did not find Winnie the Pooh in section 1885 and returned to the hive
Bee swarm 95 is searching section 1923
Bee swarm 95 did not find Winnie the Pooh in section 1923 and returned to the hive
Bee swarm 27 is searching section 1983
Bee swarm 27 did not find Winnie the Pooh in section 1983 and returned to the hive
Bee swarm 182 is searching section 1927
Bee swarm 182 did not find Winnie the Pooh in section 1927 and returned to the hive
Bee swarm 146 is searching section 1903
Bee swarm 146 did not find Winnie the Pooh in section 1903 and returned to the hive
Bee swarm 150 is searching section 1964
Bee swarm 150 did not find Winnie the Pooh in section 1964 and returned to the hive
Bee swarm 118 is searching section 1942
Bee swarm 118 did not find Winnie the Pooh in section 1942 and returned to the hive
Bee swarm 183 is searching section 1973
Bee swarm 183 did not find Winnie the Pooh in section 1973 and returned to the hive
Bee swarm 163 is searching section 1910
Bee swarm 163 did not find Winnie the Pooh in section 1910 and returned to the hive
Bee swarm 92 is searching section 1979
Bee swarm 92 did not find Winnie the Pooh in section 1979 and returned to the hive
1899 and returned to the hive
Bee swarm 194 is searching section 1902
Bee swarm 194 did not find Winnie the Pooh in section 1902 and returned to the hive
Bee swarm 129 is searching section 1892
Bee swarm 129 did not find Winnie the Pooh in section 1892 and returned to the hive
Bee swarm 103 is searching section 1975
Bee swarm 103 did not find Winnie the Pooh in section 1975 and returned to the hive
Bee swarm 58 is searching section 1922
Bee swarm 58 did not find Winnie the Pooh in section 1922 and returned to the hive
Bee swarm 111 is searching section 1936
Bee swarm 111 did not find Winnie the Pooh in section 1936 and returned to the hive
Bee swarm 80 is searching section 1884
Bee swarm 80 did not find Winnie the Pooh in section 1884 and returned to the hive
Bee swarm 117 is searching section 1868
Bee swarm 117 did not find Winnie the Pooh in section 1868 and returned to the hive
Bee swarm 29 is searching section 1862
Bee swarm 29 did not find Winnie the Pooh in section 1862 and returned to the hive
Bee swarm 128 is searching section 1881
Bee swarm 128 did not find Winnie the Pooh in section 1881 and returned to the hive
Bee swarm 28 is searching section 1882
Bee swarm 28 did not find Winnie the Pooh in section 1882 and returned to the hive
Bee swarm 107 is searching section 1900
Bee swarm 107 did not find Winnie the Pooh in section 1900 and returned to the hive
Bee swarm 44 is searching section 1916
Bee swarm 44 did not find Winnie the Pooh in section 1916 and returned to the hive
Bee swarm 69 is searching section 1930
Bee swarm 69 did not find Winnie the Pooh in section 1930 and returned to the hive
Bee swarm 130 is searching section 1888
Bee swarm 130 did not find Winnie the Pooh in section 1888 and returned to the hive
Bee swarm 181 is searching section 1893
Bee swarm 181 did not find Winnie the Pooh in section 1893 and returned to the hive
Bee swarm 54 is searching section 1955
Bee swarm 54 did not find Winnie the Pooh in section 1955 and returned to the hive
Bee swarm 120 is searching section 1932
Bee swarm 120 did not find Winnie the Pooh in section 1932 and returned to the hive
Bee swarm 38 is searching section 1934
Bee swarm 38 did not find Winnie the Pooh in section 1934 and returned to the hive
Bee swarm 140 is searching section 1876
Bee swarm 140 did not find Winnie the Pooh in section 1876 and returned to the hive
Bee swarm 196 is searching section 1898
Bee swarm 196 did not find Winnie the Pooh in section 1898 and returned to the hive
Bee swarm 101 is searching section 1943
Bee swarm 101 did not find Winnie the Pooh in section 1943 and returned to the hive
Bee swarm 195 is searching section 1878
Bee swarm 195 did not find Winnie the Pooh in section 1878 and returned to the hive
Bee swarm 96 is searching section 1948
Bee swarm 96 did not find Winnie the Pooh in section 1948 and returned to the hive
Bee swarm 73 is searching section 1885
Bee swarm 73 did not find Winnie the Pooh in section 1885 and returned to the hive
Bee swarm 95 is searching section 1923
Bee swarm 95 did not find Winnie the Pooh in section 1923 and returned to the hive
Bee swarm 27 is searching section 1983
Bee swarm 27 did not find Winnie the Pooh in section 1983 and returned to the hive
Bee swarm 182 is searching section 1927
Bee swarm 182 did not find Winnie the Pooh in section 1927 and returned to the hive
Bee swarm 146 is searching section 1903
Bee swarm 146 did not find Winnie the Pooh in section 1903 and returned to the hive
Bee swarm 150 is searching section 1964
Bee swarm 150 did not find Winnie the Pooh in section 1964 and returned to the hive
Bee swarm 118 is searching section 1942
Bee swarm 118 did not find Winnie the Pooh in section 1942 and returned to the hive
Bee swarm 183 is searching section 1973
Bee swarm 183 did not find Winnie the Pooh in section 1973 and returned to the hive
Bee swarm 163 is searching section 1910
Bee swarm 163 did not find Winnie the Pooh in section 1910 and returned to the hive
Bee swarm 92 is searching section 1979
Bee swarm 92 did not find Winnie the Pooh in section 1979 and returnBee swarm 45 is searching section 1976
Bee swarm 45 did not find Winnie the Pooh in section 1976 and returned to the hive
Bee swarm 198 is searching section 1912
Bee swarm 198 did not find Winnie the Pooh in section 1912 and returned to the hive
Bee swarm 65 is searching section 1972
Bee swarm 65 did not find Winnie the Pooh in section 1972 and returned to the hive
Bee swarm 26 is searching section 1999
Bee swarm 26 did not find Winnie the Pooh in section 1999 and returned to the hive
Bee swarm 64 is searching section 1986
Bee swarm 64 did not find Winnie the Pooh in section 1986 and returned to the hive
Bee swarm 190 is searching section 1958
Bee swarm 190 did not find Winnie the Pooh in section 1958 and returned to the hive
Bee swarm 33 is searching section 1991
Bee swarm 33 did not find Winnie the Pooh in section 1991 and returned to the hive
Bee swarm 154 is searching section 1961
Bee swarm 154 did not find Winnie the Pooh in section 1961 and returned to the hive
Bee swarm 88 is searching section 1921
Bee swarm 88 did not find Winnie the Pooh in section 1921 and returned to the hive
Bee swarm 59 is searching section 1974
Bee swarm 59 did not find Winnie the Pooh in section 1974 and returned to the hive
Bee swarm 185 is searching section 1957
Bee swarm 185 did not find Winnie the Pooh in section 1957 and returned to the hive
Bee swarm 89 is searching section 1980
Bee swarm 89 did not find Winnie the Pooh in section 1980 and returned to the hive
Bee swarm 144 is searching section 1940
Bee swarm 144 did not find Winnie the Pooh in section 1940 and returned to the hive
Bee swarm 7 is searching section 1966
Bee swarm 7 did not find Winnie the Pooh in section 1966 and returned to the hive
Bee swarm 167 is searching section 1968
Bee swarm 167 did not find Winnie the Pooh in section 1968 and returned to the hive
Bee swarm 176 is searching section 1971
Bee swarm 176 did not find Winnie the Pooh in section 1971 and returned to the hive
Bee swarm 50 is searching section 1949
Bee swarm 50 did not find Winnie the Pooh in section 1949 and returned to the hive
Bee swarm 159 is searching section 1947
Bee swarm 159 did not find Winnie the Pooh in section 1947 and returned to the hive
Bee swarm 49 is searching section 1998
Bee swarm 49 did not find Winnie the Pooh in section 1998 and returned to the hive
Bee swarm 74 is searching section 1994
Bee swarm 74 did not find Winnie the Pooh in section 1994 and returned to the hive
Bee swarm 35 is searching section 1956
Bee swarm 35 did not find Winnie the Pooh in section 1956 and returned to the hive
Bee swarm 161 is searching section 1954
Bee swarm 161 did not find Winnie the Pooh in section 1954 and returned to the hive
Bee swarm 37 is searching section 1963
Bee swarm 37 did not find Winnie the Pooh in section 1963 and returned to the hive
Bee swarm 13 is searching section 1960
Bee swarm 13 did not find Winnie the Pooh in section 1960 and returned to the hive
Bee swarm 19 is searching section 1962
Bee swarm 19 did not find Winnie the Pooh in section 1962 and returned to the hive
Bee swarm 110 is searching section 1965
Bee swarm 110 did not find Winnie the Pooh in section 1965 and returned to the hive
Bee swarm 9 is searching section 1992
Bee swarm 9 did not find Winnie the Pooh in section 1992 and returned to the hive
Bee swarm 66 is searching section 1985
Bee swarm 66 did not find Winnie the Pooh in section 1985 and returned to the hive
Bee swarm 200 is searching section 1945
Bee swarm 200 did not find Winnie the Pooh in section 1945 and returned to the hive
Bee swarm 8 is searching section 1951
Bee swarm 8 did not find Winnie the Pooh in section 1951 and returned to the hive
Bee swarm 47 is searching section 1938
Bee swarm 47 did not find Winnie the Pooh in section 1938 and returned to the hive
Bee swarm 192 is searching section 1977
Bee swarm 192 did not find Winnie the Pooh in section 1977 and returned to the hive
Bee swarm 151 is searching section 1982
Bee swarm 151 did not find Winnie the Pooh in section 1982 and returned to the hive
Bee swarm 75 is searching section 1984
Bee swarm 75 found and punished Winnie the Pooh in section 1984
Bee swarm 132 is searching section 1970
Bee swarm 132 did not find Winnie the Pooh in section 1970 and returned to the hive
Bee swarm 175 is searching section 1950
Bee swarm 175 did not find Winnie the Pooh in section 1950 and returned to the hive
Bee swarm 93 is searching section 1987
Bee swarm 93 did not find Winnie the Pooh in section 1987 and returned to the hive
Bee swarm 193 is searching section 1953
Bee swarm 193 did not find Winnie the Pooh in section 1953 and returned to the hive
Bee swarm 23 is searching section 1981
Bee swarm 23 did not find Winnie the Pooh in section 1981 and returned to the hive
Bee swarm 17 is searching section 2000
Bee swarm 17 did not find Winnie the Pooh in section 2000 and returned to the hive
Bee swarm 138 is searching section 1967
Bee swarm 138 did not find Winnie the Pooh in section 1967 and returned to the hive
Bee swarm 199 is searching section 1997
Bee swarm 199 did not find Winnie the Pooh in section 1997 and returned to the hive
Bee swarm 68 is searching section 1978
Bee swarm 68 did not find Winnie the Pooh in section 1978 and returned to the hive
Bee swarm 100 is searching section 1988
Bee swarm 100 did not find Winnie the Pooh in section 1988 and returned to the hive
Bee swarm 21 is searching section 1989
Bee swarm 21 did not find Winnie the Pooh in section 1989 and returned to the hive
Bee swarm 63 is searching section 1990
Bee swarm 63 did not find Winnie the Pooh in section 1990 and returned to the hive
Bee swarm 72 is searching section 1996
Bee swarm 72 did not find Winnie the Pooh in section 1996 and returned to the hive
Bee swarm 165 is searching section 1993
Bee swarm 165 did not find Winnie the Pooh in section 1993 and returned to the hive
All bee swarms have returned to the hive.
Winnie the Pooh was found by bee swarm 75 in section 1984.
